'FurioLombardo.Discharge.M4Box.rel_tmOpsF' depends on axioms: [propext, Classical.choice, Quot.sound]
'FurioLombardo.Discharge.M4Box.rel_evalAt' depends on axioms: [propext, Classical.choice, Quot.sound]
'FurioLombardo.Discharge.M4Box.rel_boxP' depends on axioms: [propext]
'FurioLombardo.Discharge.M4Box.rel_boxPhi' depends on axioms: [propext, Quot.sound]
'FurioLombardo.Discharge.M4Box.rel_boxChart' depends on axioms: [propext, Quot.sound]
'FurioLombardo.Discharge.M4Box.boxU_spec' depends on axioms: [propext, Classical.choice, Quot.sound]
'FurioLombardo.Discharge.M4Box.boxRunP_sound' depends on axioms: [propext, Classical.choice, Quot.sound]
'FurioLombardo.Discharge.M4Box.boxLift_sound' depends on axioms: [propext, Classical.choice, Quot.sound]
'FurioLombardo.Discharge.M4Box.boxEncl' depends on axioms: [propext, Classical.choice, Quot.sound]
'FurioLombardo.Discharge.M4Box.constCert_of_run' depends on axioms: [propext, Classical.choice, Quot.sound]
'FurioLombardo.Discharge.M4Box.tailCert_of_run' depends on axioms: [propext, Classical.choice, Quot.sound]
'FurioLombardo.Discharge.M4Box.constCert_of_ok' depends on axioms: [propext, Classical.choice, Quot.sound]
'FurioLombardo.Discharge.M4Box.tailCert_of_ok' depends on axioms: [propext, Classical.choice, Quot.sound]
'FurioLombardo.Discharge.M4Box.BoxData.constCert_0' depends on axioms: [propext, Classical.choice, Quot.sound]
'FurioLombardo.Discharge.M4Box.BoxData.tailCert_0' depends on axioms: [propext, Classical.choice, Quot.sound]
'FurioLombardo.Discharge.M4Box.BoxData.constCert_1' depends on axioms: [propext, Classical.choice, Quot.sound]
'FurioLombardo.Discharge.M4Box.BoxData.tailCert_1' depends on axioms: [propext, Classical.choice, Quot.sound]
'FurioLombardo.Discharge.M4Box.m4RestKvW_0' depends on axioms: [propext, sorryAx, Classical.choice, Quot.sound]
'FurioLombardo.Discharge.M4Box.m4RestKvW_1' depends on axioms: [propext, sorryAx, Classical.choice, Quot.sound]
'FurioLombardo.Discharge.M4Box.onlyFourPoints' depends on axioms: [propext, sorryAx, Classical.choice, Quot.sound]

real	0m4.379s
user	0m2.416s
sys	0m2.217s
