K0C0: written, J 41, Dd 147
K0C1: written, J 41, Dd 147
K0C2: written, J 41, Dd 147
K0C3: written, J 41, Dd 147
K0C4: written, J 41, Dd 147
K0C5: written, J 41, Dd 147
K0C6: written, J 41, Dd 147
K0C7: written, J 41, Dd 147
K0C8: written, J 41, Dd 147
K0C9: written, J 41, Dd 147
K0C10: written, J 41, Dd 147
K0C11: written, J 41, Dd 147
K0C12: written, J 41, Dd 147
K0C13: written, J 41, Dd 147
K0C14: written, J 41, Dd 147
K0C15: written, J 41, Dd 147
K0C16: written, J 41, Dd 147
K0C17: written, J 41, Dd 147
K0C18: written, J 41, Dd 147
K0C19: written, J 41, Dd 147
K0C20: written, J 41, Dd 147
K0C21: written, J 41, Dd 147
K0C22: written, J 41, Dd 147
K0C23: written, J 41, Dd 147
K0C24: written, J 41, Dd 147
K0C25: written, J 41, Dd 147
K0C26: written, J 41, Dd 147
K0C27: written, J 41, Dd 147
K0C28: written, J 41, Dd 147
K0C29: written, J 41, Dd 147
K0C30: written, J 41, Dd 147
K0C31: written, J 41, Dd 147
K0C32: written, J 41, Dd 147
K0C33: written, J 41, Dd 147
K0C34: written, J 41, Dd 147
K0C35: written, J 41, Dd 147
K0C36: written, J 41, Dd 147
K0C37: written, J 41, Dd 147
K0C38: written, J 41, Dd 147
K0C39: written, J 41, Dd 147
K0C40: written, J 41, Dd 147
K0C41: written, J 41, Dd 147
K0C42: written, J 41, Dd 147
K0C43: written, J 41, Dd 147
K0C44: written, J 41, Dd 147
K0C45: written, J 41, Dd 147
K0C46: written, J 41, Dd 147
K0C47: written, J 41, Dd 147
K0C48: written, J 41, Dd 147
K0C49: written, J 41, Dd 147
K0C50: written, J 41, Dd 147
K0C51: written, J 41, Dd 147
K0C52: written, J 41, Dd 147
K0C53: written, J 41, Dd 147
K0C54: written, J 41, Dd 147
K0C55: written, J 41, Dd 147
K0C56: written, J 41, Dd 147
K0C57: written, J 41, Dd 147
K0C58: written, J 41, Dd 147
K0C59: written, J 41, Dd 147
K0C60: written, J 41, Dd 147
K0C61: written, J 41, Dd 147
K0C62: written, J 41, Dd 147
K0C63: written, J 41, Dd 147
K0C64: written, J 41, Dd 147
K0C65: written, J 41, Dd 147
K0C66: written, J 41, Dd 147
K0C67: written, J 41, Dd 147
K0C68: written, J 41, Dd 147
K0C69: written, J 41, Dd 147
K0C70: written, J 41, Dd 147
K0C71: written, J 41, Dd 147
K0C72: written, J 41, Dd 147
K0C73: written, J 41, Dd 147
K0C74: written, J 41, Dd 147
K0C75: written, J 41, Dd 147
K0C76: written, J 41, Dd 147
K0C77: written, J 41, Dd 147
K0C78: written, J 41, Dd 147
K0C79: written, J 41, Dd 147
K0C80: written, J 41, Dd 147
K0C81: written, J 41, Dd 147
Values0: written, 82 boxes
K1C0: written, J 47, Dd 162
K1C1: written, J 47, Dd 162
K1C2: written, J 47, Dd 162
K1C3: written, J 47, Dd 162
K1C4: written, J 47, Dd 162
K1C5: written, J 47, Dd 162
K1C6: written, J 47, Dd 162
K1C7: written, J 47, Dd 162
K1C8: written, J 47, Dd 162
K1C9: written, J 47, Dd 162
K1C10: written, J 47, Dd 162
K1C11: written, J 47, Dd 162
K1C12: written, J 47, Dd 162
K1C13: written, J 47, Dd 162
K1C14: written, J 47, Dd 162
K1C15: written, J 47, Dd 162
K1C16: written, J 45, Dd 156
K1C17: written, J 45, Dd 156
K1C18: written, J 45, Dd 156
K1C19: written, J 45, Dd 156
K1C20: written, J 45, Dd 156
K1C21: written, J 45, Dd 156
Values1: written, 22 boxes

real	0m22.252s
user	0m20.236s
sys	0m2.323s
