disc 1: m = 1; H mod 2 at the residues (X, Y, Y') in {0,1}^3: [1, 1, 1, 1, 1, 1, 1, 1]
  G1 = 8*x^4 + 24*y*x^3 + (-12*y - 6)*x^2 + (48*y^3 - 24*y^2 + 6*y - 2)*x + (32*y^4 + 8*y^3 - 5*y)
  H = 24*x^3 - 12*x^2 + (48*y^2 + (48*y2 - 24)*y + (48*y2^2 - 24*y2 + 6))*x + (32*y^3 + (32*y2 + 8)*y^2 + (32*y2^2 + 8*y2)*y + (32*y2^3 + 8*y2^2 - 5))
  G1 in y: ["8*x^4 - 6*x^2 - 2*x", "24*x^3 - 12*x^2 + 6*x - 5", "-24*x", "48*x + 8", "32"]
disc 2: m = 2; H mod 2 at the residues (X, Y, Y') in {0,1}^3: [1, 1, 1, 1, 1, 1, 1, 1]
  G1 = 4*x^4 + (12*y + 8)*x^3 + (12*y + 3)*x^2 + (24*y^3 - 12*y^2 + 6*y - 2)*x + (16*y^4 + 16*y^3 - 6*y^2 - y - 1)
  H = 12*x^3 + 12*x^2 + (24*y^2 + (24*y2 - 12)*y + (24*y2^2 - 12*y2 + 6))*x + (16*y^3 + (16*y2 + 16)*y^2 + (16*y2^2 + 16*y2 - 6)*y + (16*y2^3 + 16*y2^2 - 6*y2 - 1))
  G1 in y: ["4*x^4 + 8*x^3 + 3*x^2 - 2*x - 1", "12*x^3 + 12*x^2 + 6*x - 1", "-12*x - 6", "24*x + 16", "16"]
disc 3: m = 2; H mod 2 at the residues (X, Y, Y') in {0,1}^3: [1, 1, 1, 1, 1, 1, 1, 1]
  G1 = 4*x^4 + (12*y + 14)*x^3 + (12*y + 9)*x^2 + (24*y^3 + 24*y^2 + 12*y + 1)*x + (16*y^4 + 48*y^3 + 42*y^2 + 13*y)
  H = 12*x^3 + 12*x^2 + (24*y^2 + (24*y2 + 24)*y + (24*y2^2 + 24*y2 + 12))*x + (16*y^3 + (16*y2 + 48)*y^2 + (16*y2^2 + 48*y2 + 42)*y + (16*y2^3 + 48*y2^2 + 42*y2 + 13))
  G1 in y: ["4*x^4 + 14*x^3 + 9*x^2 + x", "12*x^3 + 12*x^2 + 12*x + 13", "24*x + 42", "24*x + 48", "16"]
disc 4: m = 2; H mod 2 at the residues (X, Y, Y') in {0,1}^3: [1, 1, 1, 1, 1, 1, 1, 1]
  G1 = 4*x^4 + 6*x^3 + (-12*y^2 - 6*y)*x^2 + (-8*y^3 + 6*y^2 - 6*y + 3)*x + (-10*y^3 + y + 1)
  H = (-12*y + (-12*y2 - 6))*x^2 + (-8*y^2 + (-8*y2 + 6)*y + (-8*y2^2 + 6*y2 - 6))*x + (-10*y^2 - 10*y2*y + (-10*y2^2 + 1))
  G1 in y: ["4*x^4 + 6*x^3 + 3*x + 1", "-6*x^2 - 6*x + 1", "-12*x^2 + 6*x", "-8*x - 10"]
disc 5: m = 1; H mod 2 at the residues (X, Y, Y') in {0,1}^3: [1, 1, 1, 1, 1, 1, 1, 1]
  G1 = 8*x^4 + 28*x^3 + (-24*y^2 - 12*y + 30)*x^2 + (-16*y^3 - 12*y^2 - 24*y + 19)*x + (-28*y^3 - 7*y + 7)
  H = (-24*y + (-24*y2 - 12))*x^2 + (-16*y^2 + (-16*y2 - 12)*y + (-16*y2^2 - 12*y2 - 24))*x + (-28*y^2 - 28*y2*y + (-28*y2^2 - 7))
  G1 in y: ["8*x^4 + 28*x^3 + 30*x^2 + 19*x + 7", "-12*x^2 - 24*x - 7", "-24*x^2 - 12*x", "-16*x - 28"]
