'FurioLombardo.Discharge.M4Cert.σ_θ' depends on axioms: [propext, Classical.choice, Quot.sound]
'FurioLombardo.Discharge.M4Cert.norm_θstar_sub' depends on axioms: [propext, Classical.choice, Quot.sound]
'FurioLombardo.Discharge.M4Cert.approx_σ_zkE' depends on axioms: [propext, Classical.choice, Quot.sound]
'FurioLombardo.Discharge.M4Cert.not_sq_of_approx' depends on axioms: [propext, Classical.choice, Quot.sound]
'FurioLombardo.Discharge.M4Cert.no_point_of_boxOK' depends on axioms: [propext, Classical.choice, Quot.sound]
'FurioLombardo.Discharge.M4Cert.hExcl_T0' depends on axioms: [propext, Classical.choice, Quot.sound]
'FurioLombardo.Discharge.M4Cert.hExcl_T1' depends on axioms: [propext, Classical.choice, Quot.sound]
'FurioLombardo.Discharge.M4Cert.hExcl_T0_BQ' depends on axioms: [propext, Classical.choice, Quot.sound]
'FurioLombardo.Discharge.M4Cert.hExcl_T1_BQ' depends on axioms: [propext, Classical.choice, Quot.sound]
'FurioLombardo.Discharge.M4Cert.hExcl_T0_Mmat' depends on axioms: [propext, Classical.choice, Quot.sound]
'FurioLombardo.Discharge.M4Cert.hExcl_T1_Mmat' depends on axioms: [propext, Classical.choice, Quot.sound]
'FurioLombardo.Discharge.M4Cert.exists_disc' depends on axioms: [propext, Classical.choice, Quot.sound]
'FurioLombardo.Discharge.M4Cert.twist_of_over' depends on axioms: [propext, Classical.choice, Quot.sound]
'FurioLombardo.Discharge.M4Cert.liftTwist' depends on axioms: [propext, Classical.choice, Quot.sound]
'FurioLombardo.Discharge.M4Cert.tail_Y_eq_zero' depends on axioms: [propext, Classical.choice, Quot.sound]
'FurioLombardo.Discharge.M4Cert.tailGood_T0' depends on axioms: [propext, Classical.choice, Quot.sound]
'FurioLombardo.Discharge.M4Cert.tailGood_T1' depends on axioms: [propext, Classical.choice, Quot.sound]
'FurioLombardo.Discharge.M4Cert.bruin_identity' depends on axioms: [propext, Classical.choice, Quot.sound]
'FurioLombardo.Discharge.M4Cert.onC_Mmat' depends on axioms: [propext, Classical.choice, Quot.sound]
'FurioLombardo.Discharge.M4Cert.liftTwist_Mmat' depends on axioms: [propext, Classical.choice, Quot.sound]
'FurioLombardo.Discharge.M4Cert.tailGood_T0_Mmat' depends on axioms: [propext, Classical.choice, Quot.sound]
'FurioLombardo.Discharge.M4Cert.tailGood_T1_Mmat' depends on axioms: [propext, Classical.choice, Quot.sound]
