  ***   Warning: new maximum stack size = 1200001024 (1144.410 Mbytes).
Lean data (M4/Data.lean): twist 0: 11 excluded, 82 constant, 2 tail boxes, qa = 47; twist 1: 12 excluded, 22 constant, 2 tail boxes, qa = 54
setup: MW = 1000, E = x^3 + 37469486047374096441064*x^2 + 16418729904282180494548*x + 17325639337422721302482, embedding precision 1000 (300 ms)

== (1) boxes of lane M4's covering per twist and disc (Data.lean; boxAt takes the first box of branchTable, constant then tails)
  checker: known answer {0 mod 2, 1 mod 4, 3 mod 4} disjoint, measure 1: 1; negative control {1 mod 4, 5 mod 8} flagged as overlap: 1
  k = 0 disc 1: 0 excluded, 80 constant, 2 tail; overlapping pairs 0; measure of the union (sum 2^-s) 1; centres outside [0, 2^s): 0
  k = 0 disc 2: 2 excluded, 0 constant, 0 tail; overlapping pairs 0; measure of the union (sum 2^-s) 1; centres outside [0, 2^s): 0
  k = 0 disc 3: 4 excluded, 0 constant, 0 tail; overlapping pairs 0; measure of the union (sum 2^-s) 1; centres outside [0, 2^s): 0
  k = 0 disc 4: 4 excluded, 0 constant, 0 tail; overlapping pairs 0; measure of the union (sum 2^-s) 1; centres outside [0, 2^s): 0
  k = 0 disc 5: 1 excluded, 2 constant, 0 tail; overlapping pairs 0; measure of the union (sum 2^-s) 1; centres outside [0, 2^s): 0
  k = 1 disc 1: 2 excluded, 0 constant, 0 tail; overlapping pairs 0; measure of the union (sum 2^-s) 1; centres outside [0, 2^s): 0
  k = 1 disc 2: 1 excluded, 6 constant, 1 tail; overlapping pairs 0; measure of the union (sum 2^-s) 1; centres outside [0, 2^s): 0
  k = 1 disc 3: 3 excluded, 16 constant, 1 tail; overlapping pairs 0; measure of the union (sum 2^-s) 1; centres outside [0, 2^s): 0
  k = 1 disc 4: 4 excluded, 0 constant, 0 tail; overlapping pairs 0; measure of the union (sum 2^-s) 1; centres outside [0, 2^s): 0
  k = 1 disc 5: 2 excluded, 0 constant, 0 tail; overlapping pairs 0; measure of the union (sum 2^-s) 1; centres outside [0, 2^s): 0
  part 1: 0 overlapping pairs in total

== (2) uniqueness of the root Y of F(discPt d X Y) = 0 (F = Fq of p21_46, the plane quartic)
  (a) the criterion as stated: dF/d(dependent coordinate) at the residue point odd for every X mod 2
  (b) the certificate used: G(X, Y) = F(discPt d X Y) = 2^m G1(X, Y), 2^m = the 2-part of the content of G, and
      G1(X, Y) - G1(X, Y') = (Y - Y') H(X, Y, Y') with H in Z[X, Y, Y'] odd at every residue: then G(X, .) has at most one root in Z_2
  disc 1: (a) dF/dy at discPt d X Y mod 2 = Mod(1, 2), values at (X, Y) mod 2 [1, 1, 1, 1]: odd; residue point [0, 0, 1] singular mod 2 (all partials even): 0
          (b) m = 1, H mod 2 at all (X, Y, Y') mod 2 = [1, 1, 1, 1, 1, 1, 1, 1]: odd, at most one root Y for every X
  disc 2: (a) dF/dy at discPt d X Y mod 2 = Mod(0, 2), values at (X, Y) mod 2 [0, 0, 0, 0]: EVEN; residue point [1, 0, 1] singular mod 2 (all partials even): 1
          (b) m = 2, H mod 2 at all (X, Y, Y') mod 2 = [1, 1, 1, 1, 1, 1, 1, 1]: odd, at most one root Y for every X
          negative control: with 2^1 in place of 2^2, H mod 2 = [0, 0, 0, 0, 0, 0, 0, 0] (even: the checker reports it)
  disc 3: (a) dF/dy at discPt d X Y mod 2 = Mod(0, 2), values at (X, Y) mod 2 [0, 0, 0, 0]: EVEN; residue point [1, 1, 1] singular mod 2 (all partials even): 1
          (b) m = 2, H mod 2 at all (X, Y, Y') mod 2 = [1, 1, 1, 1, 1, 1, 1, 1]: odd, at most one root Y for every X
          negative control: with 2^1 in place of 2^2, H mod 2 = [0, 0, 0, 0, 0, 0, 0, 0] (even: the checker reports it)
  disc 4: (a) dF/dz at discPt d X Y mod 2 = Mod(0, 2), values at (X, Y) mod 2 [0, 0, 0, 0]: EVEN; residue point [0, 1, 0] singular mod 2 (all partials even): 1
          (b) m = 2, H mod 2 at all (X, Y, Y') mod 2 = [1, 1, 1, 1, 1, 1, 1, 1]: odd, at most one root Y for every X
          negative control: with 2^1 in place of 2^2, H mod 2 = [0, 0, 0, 0, 0, 0, 0, 0] (even: the checker reports it)
  disc 5: (a) dF/dz at discPt d X Y mod 2 = Mod(1, 2), values at (X, Y) mod 2 [1, 1, 1, 1]: odd; residue point [1, 1, 0] singular mod 2 (all partials even): 0
          (b) m = 1, H mod 2 at all (X, Y, Y') mod 2 = [1, 1, 1, 1, 1, 1, 1, 1]: odd, at most one root Y for every X
  (a) fails on 3 discs (the residue points of discs 2, 3, 4 are singular points of F mod 2); (b) holds on all 5 discs
  negative control (a): dF/dx at discPt 1 X Y mod 2 = Mod(0, 2), values [0, 0, 0, 0] (even: the checker reports even values)

== (3) the branch table (p21_46 liftP root at X = c; negated on the tail of x_2)
  the point of p21_46 (cpoint) at the 108 centres is discPt d c Y exactly, Y = (y_c - b0)/2, no rescaling: 108 of 108
  P = 18 (a_i reduced to [0, 2^P))
  twist 0: 84 entries (82 constant, 2 tail); wh = r on 83, s on 1; v(rho) in [0, 24]; e in [0, 0]; min of v(rho_exact - rho_table) - v(rho): 30
    k=0 const disc 5 c 3 s 2: wh r, rho = (240502, 141094, 221110) / pi^0, v(rho) 3, v(rho_exact - rho_table) >= 54, Hensel precision of the point 2^-1110
    k=0 const disc 5 c 1 s 2: wh r, rho = (225630, 201582, 256054) / pi^0, v(rho) 3, v(rho_exact - rho_table) >= 54, Hensel precision of the point 2^-1111
    k=0 const disc 1 c 31 s 5: wh r, rho = (3768, 91752, 56024) / pi^0, v(rho) 9, v(rho_exact - rho_table) >= 57, Hensel precision of the point 2^-1110
    k=0 const disc 1 c 15 s 5: wh r, rho = (140344, 58984, 160088) / pi^0, v(rho) 9, v(rho_exact - rho_table) >= 59, Hensel precision of the point 2^-1111
    k=0 const disc 1 c 23 s 5: wh r, rho = (59768, 150632, 216600) / pi^0, v(rho) 9, v(rho_exact - rho_table) >= 56, Hensel precision of the point 2^-1110
    k=0 const disc 1 c 7 s 5: wh r, rho = (179960, 160872, 197784) / pi^0, v(rho) 9, v(rho_exact - rho_table) >= 54, Hensel precision of the point 2^-1110
    k=0 const disc 1 c 27 s 5: wh r, rho = (131096, 251624, 2680) / pi^0, v(rho) 9, v(rho_exact - rho_table) >= 54, Hensel precision of the point 2^-1110
    k=0 const disc 1 c 11 s 5: wh r, rho = (79256, 219880, 164088) / pi^0, v(rho) 9, v(rho_exact - rho_table) >= 55, Hensel precision of the point 2^-1111
    k=0 const disc 1 c 19 s 5: wh r, rho = (240344, 93928, 48568) / pi^0, v(rho) 9, v(rho_exact - rho_table) >= 54, Hensel precision of the point 2^-1112
    k=0 const disc 1 c 3 s 5: wh r, rho = (106584, 187112, 136248) / pi^0, v(rho) 9, v(rho_exact - rho_table) >= 54, Hensel precision of the point 2^-1110
    k=0 const disc 1 c 481 s 9: wh r, rho = (179960, 166520, 197368) / pi^0, v(rho) 9, v(rho_exact - rho_table) >= 54, Hensel precision of the point 2^-1111
    k=0 const disc 1 c 225 s 9: wh r, rho = (91896, 223864, 154360) / pi^0, v(rho) 9, v(rho_exact - rho_table) >= 58, Hensel precision of the point 2^-1111
    k=0 const disc 1 c 353 s 9: wh r, rho = (4856, 64120, 175864) / pi^0, v(rho) 9, v(rho_exact - rho_table) >= 57, Hensel precision of the point 2^-1110
    k=0 const disc 1 c 97 s 9: wh r, rho = (178936, 121464, 132856) / pi^0, v(rho) 9, v(rho_exact - rho_table) >= 57, Hensel precision of the point 2^-1110
    k=0 const disc 1 c 417 s 9: wh r, rho = (223480, 148088, 186616) / pi^0, v(rho) 9, v(rho_exact - rho_table) >= 54, Hensel precision of the point 2^-1110
    k=0 const disc 1 c 161 s 9: wh r, rho = (135416, 205432, 143608) / pi^0, v(rho) 9, v(rho_exact - rho_table) >= 56, Hensel precision of the point 2^-1110
    k=0 const disc 1 c 289 s 9: wh r, rho = (48376, 176760, 165112) / pi^0, v(rho) 9, v(rho_exact - rho_table) >= 56, Hensel precision of the point 2^-1110
    k=0 const disc 1 c 33 s 9: wh r, rho = (222456, 234104, 122104) / pi^0, v(rho) 9, v(rho_exact - rho_table) >= 55, Hensel precision of the point 2^-1110
    k=0 const disc 1 c 241 s 8: wh r, rho = (130168, 136312, 58744) / pi^0, v(rho) 9, v(rho_exact - rho_table) >= 54, Hensel precision of the point 2^-1110
    k=0 const disc 1 c 113 s 8: wh r, rho = (217208, 66680, 37240) / pi^0, v(rho) 9, v(rho_exact - rho_table) >= 57, Hensel precision of the point 2^-1110
    k=0 const disc 1 c 177 s 8: wh r, rho = (42616, 3192, 47992) / pi^0, v(rho) 9, v(rho_exact - rho_table) >= 55, Hensel precision of the point 2^-1112
    k=0 const disc 1 c 49 s 8: wh r, rho = (129656, 64632, 26488) / pi^0, v(rho) 9, v(rho_exact - rho_table) >= 54, Hensel precision of the point 2^-1112
    k=0 const disc 1 c 209 s 8: wh r, rho = (20856, 143480, 53368) / pi^0, v(rho) 9, v(rho_exact - rho_table) >= 56, Hensel precision of the point 2^-1112
    k=0 const disc 1 c 81 s 8: wh r, rho = (107896, 8312, 31864) / pi^0, v(rho) 9, v(rho_exact - rho_table) >= 54, Hensel precision of the point 2^-1110
    k=0 const disc 1 c 145 s 8: wh r, rho = (195448, 239736, 42616) / pi^0, v(rho) 9, v(rho_exact - rho_table) >= 54, Hensel precision of the point 2^-1110
    k=0 const disc 1 c 17 s 8: wh r, rho = (20344, 235640, 21112) / pi^0, v(rho) 9, v(rho_exact - rho_table) >= 54, Hensel precision of the point 2^-1110
    k=0 const disc 1 c 121 s 7: wh r, rho = (224056, 17272, 202424) / pi^0, v(rho) 9, v(rho_exact - rho_table) >= 54, Hensel precision of the point 2^-1110
    k=0 const disc 1 c 57 s 7: wh r, rho = (202040, 23416, 126136) / pi^0, v(rho) 9, v(rho_exact - rho_table) >= 54, Hensel precision of the point 2^-1110
    k=0 const disc 1 c 89 s 7: wh r, rho = (16440, 225144, 33208) / pi^0, v(rho) 9, v(rho_exact - rho_table) >= 56, Hensel precision of the point 2^-1111
    k=0 const disc 1 c 25 s 7: wh r, rho = (256568, 198520, 219064) / pi^0, v(rho) 9, v(rho_exact - rho_table) >= 55, Hensel precision of the point 2^-1110
    k=0 const disc 1 c 105 s 7: wh r, rho = (5560, 41336, 117816) / pi^0, v(rho) 9, v(rho_exact - rho_table) >= 54, Hensel precision of the point 2^-1110
    k=0 const disc 1 c 41 s 7: wh r, rho = (114616, 162168, 41528) / pi^0, v(rho) 9, v(rho_exact - rho_table) >= 56, Hensel precision of the point 2^-1115
    k=0 const disc 1 c 73 s 7: wh r, rho = (256696, 175480, 79672) / pi^0, v(rho) 9, v(rho_exact - rho_table) >= 55, Hensel precision of the point 2^-1110
    k=0 const disc 1 c 9 s 7: wh r, rho = (103608, 1400, 3384) / pi^0, v(rho) 9, v(rho_exact - rho_table) >= 54, Hensel precision of the point 2^-1110
    k=0 const disc 1 c 61 s 6: wh r, rho = (247448, 254328, 136024) / pi^0, v(rho) 9, v(rho_exact - rho_table) >= 55, Hensel precision of the point 2^-1112
    k=0 const disc 1 c 29 s 6: wh r, rho = (88984, 46456, 73304) / pi^0, v(rho) 9, v(rho_exact - rho_table) >= 55, Hensel precision of the point 2^-1110
    k=0 const disc 1 c 45 s 6: wh r, rho = (250136, 119672, 55512) / pi^0, v(rho) 9, v(rho_exact - rho_table) >= 55, Hensel precision of the point 2^-1112
    k=0 const disc 1 c 13 s 6: wh r, rho = (26136, 165752, 58328) / pi^0, v(rho) 9, v(rho_exact - rho_table) >= 54, Hensel precision of the point 2^-1114
    k=0 const disc 1 c 53 s 6: wh r, rho = (170968, 138360, 26136) / pi^0, v(rho) 9, v(rho_exact - rho_table) >= 54, Hensel precision of the point 2^-1113
    k=0 const disc 1 c 21 s 6: wh r, rho = (241880, 90232, 225560) / pi^0, v(rho) 9, v(rho_exact - rho_table) >= 55, Hensel precision of the point 2^-1111
    k=0 const disc 1 c 37 s 6: wh r, rho = (26200, 116344, 175000) / pi^0, v(rho) 9, v(rho_exact - rho_table) >= 54, Hensel precision of the point 2^-1111
    k=0 const disc 1 c 5 s 6: wh r, rho = (31576, 191096, 46744) / pi^0, v(rho) 9, v(rho_exact - rho_table) >= 54, Hensel precision of the point 2^-1110
    k=0 const disc 1 c 30 s 5: wh r, rho = (232272, 254240, 47504) / pi^0, v(rho) 12, v(rho_exact - rho_table) >= 54, Hensel precision of the point 2^-1110
    k=0 const disc 1 c 14 s 5: wh r, rho = (255440, 229152, 49168) / pi^0, v(rho) 12, v(rho_exact - rho_table) >= 54, Hensel precision of the point 2^-1111
    k=0 const disc 1 c 22 s 5: wh r, rho = (198800, 200224, 57552) / pi^0, v(rho) 12, v(rho_exact - rho_table) >= 55, Hensel precision of the point 2^-1110
    k=0 const disc 1 c 6 s 5: wh r, rho = (205584, 128032, 104272) / pi^0, v(rho) 12, v(rho_exact - rho_table) >= 55, Hensel precision of the point 2^-1112
    k=0 const disc 1 c 26 s 5: wh r, rho = (242192, 66784, 185808) / pi^0, v(rho) 12, v(rho_exact - rho_table) >= 54, Hensel precision of the point 2^-1110
    k=0 const disc 1 c 10 s 5: wh r, rho = (178064, 193248, 182096) / pi^0, v(rho) 12, v(rho_exact - rho_table) >= 55, Hensel precision of the point 2^-1110
    k=0 const disc 1 c 18 s 5: wh r, rho = (9424, 183776, 64144) / pi^0, v(rho) 12, v(rho_exact - rho_table) >= 56, Hensel precision of the point 2^-1111
    k=0 const disc 1 c 2 s 5: wh r, rho = (158288, 46048, 195600) / pi^0, v(rho) 12, v(rho_exact - rho_table) >= 55, Hensel precision of the point 2^-1110
    k=0 const disc 1 c 480 s 9: wh r, rho = (206080, 237568, 19712) / pi^0, v(rho) 24, v(rho_exact - rho_table) >= 54, Hensel precision of the point 2^-1111
    k=0 const disc 1 c 224 s 9: wh r, rho = (183552, 106496, 210176) / pi^0, v(rho) 24, v(rho_exact - rho_table) >= 57, Hensel precision of the point 2^-1113
    k=0 const disc 1 c 352 s 9: wh r, rho = (63744, 172032, 114944) / pi^0, v(rho) 24, v(rho_exact - rho_table) >= 54, Hensel precision of the point 2^-1110
    k=0 const disc 1 c 96 s 9: wh r, rho = (41216, 40960, 43264) / pi^0, v(rho) 24, v(rho_exact - rho_table) >= 55, Hensel precision of the point 2^-1118
    k=0 const disc 1 c 416 s 9: wh r, rho = (127232, 90112, 260352) / pi^0, v(rho) 24, v(rho_exact - rho_table) >= 54, Hensel precision of the point 2^-1110
    k=0 const disc 1 c 160 s 9: wh r, rho = (149760, 221184, 69888) / pi^0, v(rho) 24, v(rho_exact - rho_table) >= 57, Hensel precision of the point 2^-1113
    k=0 const disc 1 c 288 s 9: wh r, rho = (7424, 24576, 165120) / pi^0, v(rho) 24, v(rho_exact - rho_table) >= 55, Hensel precision of the point 2^-1110
    k=0 const disc 1 c 32 s 9: wh r, rho = (29952, 155648, 236800) / pi^0, v(rho) 24, v(rho_exact - rho_table) >= 54, Hensel precision of the point 2^-1110
    k=0 const disc 1 c 240 s 8: wh r, rho = (241024, 251904, 207232) / pi^0, v(rho) 21, v(rho_exact - rho_table) >= 54, Hensel precision of the point 2^-1111
    k=0 const disc 1 c 112 s 8: wh r, rho = (121216, 219136, 177536) / pi^0, v(rho) 21, v(rho_exact - rho_table) >= 54, Hensel precision of the point 2^-1112
    k=0 const disc 1 c 176 s 8: wh r, rho = (181120, 137216, 126848) / pi^0, v(rho) 21, v(rho_exact - rho_table) >= 54, Hensel precision of the point 2^-1110
    k=0 const disc 1 c 48 s 8: wh r, rho = (61312, 235520, 97152) / pi^0, v(rho) 21, v(rho_exact - rho_table) >= 54, Hensel precision of the point 2^-1117
    k=0 const disc 1 c 208 s 8: wh r, rho = (247680, 157696, 144256) / pi^0, v(rho) 21, v(rho_exact - rho_table) >= 58, Hensel precision of the point 2^-1110
    k=0 const disc 1 c 80 s 8: wh r, rho = (105344, 256000, 42880) / pi^0, v(rho) 21, v(rho_exact - rho_table) >= 54, Hensel precision of the point 2^-1110
    k=0 const disc 1 c 144 s 8: wh r, rho = (45440, 174080, 28032) / pi^0, v(rho) 21, v(rho_exact - rho_table) >= 55, Hensel precision of the point 2^-1110
    k=0 const disc 1 c 16 s 8: wh r, rho = (165248, 141312, 188800) / pi^0, v(rho) 21, v(rho_exact - rho_table) >= 55, Hensel precision of the point 2^-1110
    k=0 const disc 1 c 120 s 7: wh r, rho = (55616, 35328, 79680) / pi^0, v(rho) 18, v(rho_exact - rho_table) >= 55, Hensel precision of the point 2^-1110
    k=0 const disc 1 c 56 s 7: wh r, rho = (49984, 43520, 143680) / pi^0, v(rho) 18, v(rho_exact - rho_table) >= 56, Hensel precision of the point 2^-1110
    k=0 const disc 1 c 88 s 7: wh r, rho = (249408, 129536, 160832) / pi^0, v(rho) 18, v(rho_exact - rho_table) >= 54, Hensel precision of the point 2^-1110
    k=0 const disc 1 c 24 s 7: wh r, rho = (243776, 39424, 28224) / pi^0, v(rho) 18, v(rho_exact - rho_table) >= 55, Hensel precision of the point 2^-1112
    k=0 const disc 1 c 104 s 7: wh r, rho = (60480, 58880, 129600) / pi^0, v(rho) 18, v(rho_exact - rho_table) >= 55, Hensel precision of the point 2^-1110
    k=0 const disc 1 c 40 s 7: wh r, rho = (197184, 230912, 163904) / pi^0, v(rho) 18, v(rho_exact - rho_table) >= 54, Hensel precision of the point 2^-1110
    k=0 const disc 1 c 72 s 7: wh r, rho = (63296, 54784, 228672) / pi^0, v(rho) 18, v(rho_exact - rho_table) >= 54, Hensel precision of the point 2^-1115
    k=0 const disc 1 c 8 s 7: wh r, rho = (200000, 62976, 197440) / pi^0, v(rho) 18, v(rho_exact - rho_table) >= 54, Hensel precision of the point 2^-1110
    k=0 const disc 1 c 60 s 6: wh r, rho = (161632, 160128, 105824) / pi^0, v(rho) 15, v(rho_exact - rho_table) >= 54, Hensel precision of the point 2^-1110
    k=0 const disc 1 c 28 s 6: wh r, rho = (16992, 18816, 168032) / pi^0, v(rho) 15, v(rho_exact - rho_table) >= 54, Hensel precision of the point 2^-1115
    k=0 const disc 1 c 44 s 6: wh r, rho = (105696, 181632, 42720) / pi^0, v(rho) 15, v(rho_exact - rho_table) >= 54, Hensel precision of the point 2^-1110
    k=0 const disc 1 c 12 s 6: wh r, rho = (157664, 64896, 88544) / pi^0, v(rho) 15, v(rho_exact - rho_table) >= 57, Hensel precision of the point 2^-1110
    k=0 const disc 1 c 52 s 6: wh r, rho = (91616, 27264, 252384) / pi^0, v(rho) 15, v(rho_exact - rho_table) >= 56, Hensel precision of the point 2^-1110
    k=0 const disc 1 c 20 s 6: wh r, rho = (137952, 189056, 165600) / pi^0, v(rho) 15, v(rho_exact - rho_table) >= 54, Hensel precision of the point 2^-1113
    k=0 const disc 1 c 36 s 6: wh r, rho = (98400, 48768, 139360) / pi^0, v(rho) 15, v(rho_exact - rho_table) >= 54, Hensel precision of the point 2^-1111
    k=0 const disc 1 c 4 s 6: wh r, rho = (210272, 54912, 200032) / pi^0, v(rho) 15, v(rho_exact - rho_table) >= 55, Hensel precision of the point 2^-1111
    k=0 tail x_2 disc 1 c 1 s 6: wh r, rho = (214536, 61832, 145416) / pi^0, v(rho) 9, v(rho_exact - rho_table) >= 54, Hensel precision of the point 2^-exact (negated: tail of x_2)
    k=0 tail x_0 disc 1 c 0 s 6: wh s, rho = (38265, 142521, 82213) / pi^0, v(rho) 0, v(rho_exact - rho_table) >= 57, Hensel precision of the point 2^-exact
  twist 1: 24 entries (22 constant, 2 tail); wh = r on 24, s on 0; v(rho) in [0, 0]; e in [0, 0]; min of v(rho_exact - rho_table) - v(rho): 54
    k=1 const disc 3 c 28 s 5: wh r, rho = (122213, 202069, 174962) / pi^0, v(rho) 0, v(rho_exact - rho_table) >= 54, Hensel precision of the point 2^-1112
    k=1 const disc 3 c 12 s 5: wh r, rho = (54069, 169893, 184914) / pi^0, v(rho) 0, v(rho_exact - rho_table) >= 56, Hensel precision of the point 2^-1111
    k=1 const disc 3 c 20 s 5: wh r, rho = (13805, 120861, 235042) / pi^0, v(rho) 0, v(rho_exact - rho_table) >= 54, Hensel precision of the point 2^-1113
    k=1 const disc 3 c 4 s 5: wh r, rho = (222013, 102893, 25602) / pi^0, v(rho) 0, v(rho_exact - rho_table) >= 55, Hensel precision of the point 2^-1110
    k=1 const disc 3 c 224 s 8: wh r, rho = (162601, 201209, 160938) / pi^0, v(rho) 0, v(rho_exact - rho_table) >= 56, Hensel precision of the point 2^-1110
    k=1 const disc 3 c 96 s 8: wh r, rho = (168873, 28281, 233386) / pi^0, v(rho) 0, v(rho_exact - rho_table) >= 54, Hensel precision of the point 2^-1111
    k=1 const disc 3 c 160 s 8: wh r, rho = (85865, 34873, 70186) / pi^0, v(rho) 0, v(rho_exact - rho_table) >= 55, Hensel precision of the point 2^-1110
    k=1 const disc 3 c 32 s 8: wh r, rho = (149481, 181433, 126250) / pi^0, v(rho) 0, v(rho_exact - rho_table) >= 54, Hensel precision of the point 2^-1111
    k=1 const disc 3 c 112 s 7: wh r, rho = (16409, 12905, 25418) / pi^0, v(rho) 0, v(rho_exact - rho_table) >= 54, Hensel precision of the point 2^-1113
    k=1 const disc 3 c 48 s 7: wh r, rho = (112729, 85161, 67786) / pi^0, v(rho) 0, v(rho_exact - rho_table) >= 54, Hensel precision of the point 2^-1110
    k=1 const disc 3 c 80 s 7: wh r, rho = (118329, 37257, 195082) / pi^0, v(rho) 0, v(rho_exact - rho_table) >= 54, Hensel precision of the point 2^-1110
    k=1 const disc 3 c 16 s 7: wh r, rho = (228985, 123849, 233354) / pi^0, v(rho) 0, v(rho_exact - rho_table) >= 55, Hensel precision of the point 2^-1111
    k=1 const disc 3 c 56 s 6: wh r, rho = (152113, 84545, 20442) / pi^0, v(rho) 0, v(rho_exact - rho_table) >= 56, Hensel precision of the point 2^-1112
    k=1 const disc 3 c 24 s 6: wh r, rho = (232785, 30305, 73882) / pi^0, v(rho) 0, v(rho_exact - rho_table) >= 54, Hensel precision of the point 2^-1110
    k=1 const disc 3 c 40 s 6: wh r, rho = (133185, 170193, 98618) / pi^0, v(rho) 0, v(rho_exact - rho_table) >= 54, Hensel precision of the point 2^-1110
    k=1 const disc 3 c 8 s 6: wh r, rho = (184673, 217841, 151034) / pi^0, v(rho) 0, v(rho_exact - rho_table) >= 58, Hensel precision of the point 2^-1115
    k=1 const disc 2 c 23 s 5: wh r, rho = (95981, 34261, 240368) / pi^0, v(rho) 0, v(rho_exact - rho_table) >= 54, Hensel precision of the point 2^-1114
    k=1 const disc 2 c 7 s 5: wh r, rho = (135341, 18837, 76016) / pi^0, v(rho) 0, v(rho_exact - rho_table) >= 55, Hensel precision of the point 2^-1114
    k=1 const disc 2 c 11 s 4: wh r, rho = (162621, 42149, 201584) / pi^0, v(rho) 0, v(rho_exact - rho_table) >= 54, Hensel precision of the point 2^-1110
    k=1 const disc 2 c 3 s 4: wh r, rho = (20253, 187781, 221808) / pi^0, v(rho) 0, v(rho_exact - rho_table) >= 54, Hensel precision of the point 2^-1114
    k=1 const disc 2 c 5 s 3: wh r, rho = (141493, 150045, 228528) / pi^0, v(rho) 0, v(rho_exact - rho_table) >= 54, Hensel precision of the point 2^-1113
    k=1 const disc 2 c 1 s 3: wh r, rho = (88069, 155885, 227376) / pi^0, v(rho) 0, v(rho_exact - rho_table) >= 55, Hensel precision of the point 2^-1110
    k=1 tail x_1 disc 3 c 0 s 6: wh r, rho = (248841, 104921, 135146) / pi^0, v(rho) 0, v(rho_exact - rho_table) >= 54, Hensel precision of the point 2^-exact
    k=1 tail x_3 disc 2 c 15 s 4: wh r, rho = (30157, 28085, 131568) / pi^0, v(rho) 0, v(rho_exact - rho_table) >= 54, Hensel precision of the point 2^-1110
  wrote /tmp/lf7b_regen.8pzb7Z/FurioLombardo/Discharge/M4Log/BranchData.lean (84 + 24 entries) and ../covering/log_branch_table.txt

== (4a) lamD(c) = log phi(lift_B(c)) - log phi_a with the table's branch, against the Lean c.y modulo 2^q
  MW = 1000 pi-digits, pbj_log with N = 2^4 * 180180 (2^5 on failure), target 200; log phi_a = the Lean la (modulo 2^qa)
  negative control k=0 disc 5 c 3 s 2, opposite branch: agreement with c.y modulo 2^47: 0 (0 expected)
  twist 0: 82 constant box centres; agreement with c.y: 82; comparison precision >= q: 82; table lift = p21_46 lift: 82; least 2-adic precision of the log coordinates 61; negative control ok 1 (17112 ms)
  negative control k=1 disc 3 c 28 s 5, opposite branch: agreement with c.y modulo 2^54: 0 (0 expected)
  twist 1: 22 constant box centres; agreement with c.y: 22; comparison precision >= q: 22; table lift = p21_46 lift: 22; least 2-adic precision of the log coordinates 66; negative control ok 1 (6866 ms)

== (4b) tails: 2 w0 on the table's branch against t.g, and the table's lift at Xi against sigma(x_i)
  Lean data: fL = K21 1; QcData = Q1, Q2, Q3 of bruin_form 1; dData = [d0, d1] 1; x_i.p (Concrete.lean) = [[0, 0, 1], [1, 1, 1], [2, 0, 1], [-1, 0, 1]]
  local field: E of M4Cert = E of p21_44 1; v_pi(theta* of p21_44 - theta0 of M4Cert) = 120 (>= 99 needed: sigma of M4Cert = kv of p21_44)
  k=0 tail x_2 disc 1 c 1 s 6 Xi 1: table branch (wh r) at Xi: certified margin 42; = p21_46 liftP at Xi 0, opposite 1; = sigma(x_2) (scale 1) 1, = conjugate (-r, -s) 0
    h = 2^20: 2 (lam(Xi + h) - lam(Xi))/h mod 2^20 = [192336, 326576, 709600, 208768, 1025152, 489216] (2-adic precision 81); Lean t.g mod 2^20 = [192336, 326576, 709600, 208768, 1025152, 489216]; = +t.g: 1, = -t.g: 0
    h = 2^25: 2 (lam(Xi + h) - lam(Xi))/h mod 2^20 = [192336, 326576, 709600, 208768, 1025152, 489216] (2-adic precision 76); Lean t.g mod 2^20 = [192336, 326576, 709600, 208768, 1025152, 489216]; = +t.g: 1, = -t.g: 0
    h = 2^30: 2 (lam(Xi + h) - lam(Xi))/h mod 2^20 = [192336, 326576, 709600, 208768, 1025152, 489216] (2-adic precision 71); Lean t.g mod 2^20 = [192336, 326576, 709600, 208768, 1025152, 489216]; = +t.g: 1, = -t.g: 0
    2-adic valuation of the difference of the estimates between h = 2^20, 2^25, 2^30: [26, 31]
  k=0 tail x_0 disc 1 c 0 s 6 Xi 0: table branch (wh s) at Xi: certified margin 54; = p21_46 liftP at Xi 1, opposite 0; = sigma(x_0) (scale 1) 1, = conjugate (-r, -s) 0
    h = 2^20: 2 (lam(Xi + h) - lam(Xi))/h mod 2^20 = [438000, 866064, 914592, 0, 0, 0] (2-adic precision 81); Lean t.g mod 2^20 = [438000, 866064, 914592, 0, 0, 0]; = +t.g: 1, = -t.g: 0
    h = 2^25: 2 (lam(Xi + h) - lam(Xi))/h mod 2^20 = [438000, 866064, 914592, 0, 0, 0] (2-adic precision 76); Lean t.g mod 2^20 = [438000, 866064, 914592, 0, 0, 0]; = +t.g: 1, = -t.g: 0
    h = 2^30: 2 (lam(Xi + h) - lam(Xi))/h mod 2^20 = [438000, 866064, 914592, 0, 0, 0] (2-adic precision 71); Lean t.g mod 2^20 = [438000, 866064, 914592, 0, 0, 0]; = +t.g: 1, = -t.g: 0
    2-adic valuation of the difference of the estimates between h = 2^20, 2^25, 2^30: [26, 31]
  k=1 tail x_1 disc 3 c 0 s 6 Xi 0: table branch (wh r) at Xi: certified margin 51; = p21_46 liftP at Xi 1, opposite 0; = sigma(x_1) (scale 1) 1, = conjugate (-r, -s) 0
    h = 2^20: 2 (lam(Xi + h) - lam(Xi))/h mod 2^20 = [0, 0, 0, 860824, 447832, 471064] (2-adic precision 94); Lean t.g mod 2^20 = [0, 0, 0, 860824, 447832, 471064]; = +t.g: 1, = -t.g: 0
    h = 2^25: 2 (lam(Xi + h) - lam(Xi))/h mod 2^20 = [0, 0, 0, 860824, 447832, 471064] (2-adic precision 89); Lean t.g mod 2^20 = [0, 0, 0, 860824, 447832, 471064]; = +t.g: 1, = -t.g: 0
    h = 2^30: 2 (lam(Xi + h) - lam(Xi))/h mod 2^20 = [0, 0, 0, 860824, 447832, 471064] (2-adic precision 84); Lean t.g mod 2^20 = [0, 0, 0, 860824, 447832, 471064]; = +t.g: 1, = -t.g: 0
    2-adic valuation of the difference of the estimates between h = 2^20, 2^25, 2^30: [22, 27]
  k=1 tail x_3 disc 2 c 15 s 4 Xi -1: table branch (wh r) at Xi: certified margin 15; = p21_46 liftP at Xi 1, opposite 0; = sigma(x_3) (scale 1) 1, = conjugate (-r, -s) 0
    h = 2^20: 2 (lam(Xi + h) - lam(Xi))/h mod 2^20 = [806224, 93888, 1047904, 388376, 922552, 494024] (2-adic precision 90); Lean t.g mod 2^20 = [806224, 93888, 1047904, 388376, 922552, 494024]; = +t.g: 1, = -t.g: 0
    h = 2^25: 2 (lam(Xi + h) - lam(Xi))/h mod 2^20 = [806224, 93888, 1047904, 388376, 922552, 494024] (2-adic precision 85); Lean t.g mod 2^20 = [806224, 93888, 1047904, 388376, 922552, 494024]; = +t.g: 1, = -t.g: 0
    h = 2^30: 2 (lam(Xi + h) - lam(Xi))/h mod 2^20 = [806224, 93888, 1047904, 388376, 922552, 494024] (2-adic precision 80); Lean t.g mod 2^20 = [806224, 93888, 1047904, 388376, 922552, 494024]; = +t.g: 1, = -t.g: 0
    2-adic valuation of the difference of the estimates between h = 2^20, 2^25, 2^30: [23, 28]

== (5) conventions of the reversed model, and the linear normalization A against lane M4's pbj_log
  code evidence:
  [pball: logarithm for (dx/y, x dx/y)] ../lib/pball.gp:
      26:\\ Logarithm for (dx/y, x dx/y). For D = [P1 + P2 - Dinf] close to the origin, D ~ P2 - iota(P1) and
  [pball: tiny log, I1 = int g dz, I2 = int (x1 + z) g dz] ../lib/pball.gp:
      30:\\ h_0 = 1, and int_0^s g dz = sum h_n s/(n+1), int_0^s (x1 + z) g dz = sum h_n (x1 s/(n+1) + s^2/(n+2)).
  [pball: chart at infinity, log = (-l2', -l1')] ../lib/pball.gp:
      45:\\ and (dx/y, x dx/y) = (-X dX/Y, -dX/Y), so log = (-l'_2, -l'_1). log D = log(N D) / N in general.
  [pball: pbj_tinylog_inf returns (-l'_2, -l'_1)] ../lib/pball.gp:
      275:  [1, [pb_neg(r[2][2]), pb_neg(r[2][1])], r[3]];
  [p21_46: f = F_k in pbj_log] centres_cert.gp:
      104:  [bmat(S[1]), bmat(S[2]), bmat(S[3]), bmat(S[4]), bmat(S[5]), bmat(S[6]), kv(dl), kvx(subst(Fk, t, 'x))];
  [p21_46: pbj_log(SB[8], ...)] centres_cert.gp:
      160:    L = iferr(pbj_log(SB[8], D, 2^4 * NM, TGT), E, pbj_log(SB[8], D, 2^5 * NM, TGT))[1];
  [p21_45: f = F_k in pbj_log] lattice_cert.gp:
      55:  f = kvxx(subst(if (k == 0, F0, F1), t, 'x));
  [chart_lib: frev = polrecip] ../local-group/chart_lib.gp:
      30:frev = vector(2, k, polrecip(fk[k]));
  [Lean fRev = reverse of f_k] ../../lean/FurioLombardo/Discharge/M3a/Concrete.lean:
      90:theorem fRev_eq_reverse (k : Fin 2) : fRev k = (fδ k).reverse := by
  [ss_7: D_i on the reversed model] ../local-group/local_divisors_data.gp:
      2:\\ M4's basis (code/earlier-computations/local_images_twist<k>_e3.bin) on the reversed model Y^2 = g, g = (fRev k)^sigma over K_v.
  [ss_7: D_i reversed u, v] ../local-group/local_divisors_data.gp:
      8:\\ with the signs for which V = Z1/(2a) X + (a/4 + Z1 p/(4a)) is the stored v_i (reversed, t^3 v(1/t) mod U) at v.
  [AbelPrymKnown: phi transported] ../../lean/FurioLombardo/Discharge/M3a/AbelPrymKnown.lean:
      15:  reversed model (`U' = U^rev / U(0)`, `V' = t³ V(1/t) mod U'`; checked by abel_prym_data.gp);
  [Defs.lean: Amat] ../../lean/FurioLombardo/Discharge/M4Log/Defs.lean:
      86:  (bK k)⁻¹ • !![aK k, 1 + aK k * g1K k; 1, g1K k]
  numerics at MW = 2000 (local field re-initialized: E = x^3 + 37469486047374096441064*x^2 + 16418729904282180494548*x + 17325639337422721302482)
  twist 0: a = 0, v(b) = 0, v(v1) = 5, v(A) = [oo, 0; 0, 5] (oo: the entry a/b is 0)
    t = (pi^25 u, pi^26 u'): v(t) = 25; v(lambda(Q)) = 25; v(lambda(Q) - A t) = 47 (2 v(t) = 50); negative control, no swap (l1, l2 of the reversed model): v(l - A t) = 25; transport check v(log on the original model - (-l2, -l1)) >= 281 (precisions 281, 281)
    t = (pi^26 u, pi^25 u'): v(t) = 25; v(lambda(Q)) = 25; v(lambda(Q) - A t) = 49 (2 v(t) = 50); negative control, no swap (l1, l2 of the reversed model): v(l - A t) = 25; transport check v(log on the original model - (-l2, -l1)) >= 265 (precisions 274, 265)
  twist 1: a = 1, v(b) = -3, v(v1) = -3, v(A) = [3, 7; 3, 3] (oo: the entry a/b is 0)
    t = (pi^25 u, pi^26 u'): v(t) = 25; v(lambda(Q)) = 28; v(lambda(Q) - A t) = 50 (2 v(t) = 50); negative control, no swap (l1, l2 of the reversed model): v(l - A t) = 29; transport check v(log on the original model - (-l2, -l1)) >= 268 (precisions 268, 304)
    t = (pi^26 u, pi^25 u'): v(t) = 25; v(lambda(Q)) = 28; v(lambda(Q) - A t) = 52 (2 v(t) = 50); negative control, no swap (l1, l2 of the reversed model): v(l - A t) = 28; transport check v(log on the original model - (-l2, -l1)) >= 262 (precisions 262, 262)

RESULT: all checks passed (parts 12345, 0 failures, 31029 ms)
END
