==== M4B_MW=150 M4B_N=4
  ***   Warning: new maximum stack size = 2000003072 (1907.352 Mbytes).
  ***   syntax error, unexpected ')', expecting )-> or ',':
  ***   ...(PB_CNT[1]++;pb_mul0(x,y));pb_inv=(x)->(PB_CNT
  ***                               ^---------------------
... skipping file '../lean-m4box/m4b_2_tm.gp'
k=0 const disc 5 X0 3 s 2 nu 2 | t: [126 12 12 15 12 | R 9] [123 9 9 12 9 | R 6] | Lam t over the box: v >= 15 (linear 15, degree >= 2: 21), need 15, margin 0, degree >= 2 margin 6
k=0 const disc 5 X0 1 s 2 nu 2 | t: [126 12 12 15 12 | R 9] [123 9 9 12 9 | R 6] | Lam t over the box: v >= 15 (linear 15, degree >= 2: 21), need 15, margin 0, degree >= 2 margin 6
k=0 const disc 1 X0 31 s 5 nu 5 | t: [114 14 15 19 20 | R 6] [117 9 15 15 12 | R 9] | Lam t over the box: v >= 24 (linear 24, degree >= 2: 45), need 24, margin 0, degree >= 2 margin 21
k=0 const disc 1 X0 15 s 5 nu 5 | t: [114 14 15 19 20 | R 6] [117 9 15 15 12 | R 9] | Lam t over the box: v >= 24 (linear 24, degree >= 2: 45), need 24, margin 0, degree >= 2 margin 21
k=0 const disc 1 X0 23 s 5 nu 5 | t: [114 14 15 19 20 | R 6] [117 9 15 15 12 | R 9] | Lam t over the box: v >= 24 (linear 24, degree >= 2: 45), need 24, margin 0, degree >= 2 margin 21
k=0 const disc 1 X0 7 s 5 nu 5 | t: [114 14 15 19 20 | R 6] [117 9 15 15 12 | R 9] | Lam t over the box: v >= 24 (linear 24, degree >= 2: 45), need 24, margin 0, degree >= 2 margin 21
k=0 const disc 1 X0 27 s 5 nu 5 | t: [114 14 15 19 20 | R 6] [117 9 15 15 12 | R 9] | Lam t over the box: v >= 24 (linear 24, degree >= 2: 45), need 24, margin 0, degree >= 2 margin 21
k=0 const disc 1 X0 11 s 5 nu 5 | t: [114 14 15 19 20 | R 6] [117 9 15 15 12 | R 9] | Lam t over the box: v >= 24 (linear 24, degree >= 2: 45), need 24, margin 0, degree >= 2 margin 21
k=0 const disc 1 X0 19 s 5 nu 5 | t: [114 14 15 19 20 | R 6] [117 9 15 15 12 | R 9] | Lam t over the box: v >= 24 (linear 24, degree >= 2: 45), need 24, margin 0, degree >= 2 margin 21
k=0 const disc 1 X0 3 s 5 nu 5 | t: [114 14 15 19 20 | R 6] [117 9 15 15 12 | R 9] | Lam t over the box: v >= 24 (linear 24, degree >= 2: 45), need 24, margin 0, degree >= 2 margin 21
k=0 const disc 1 X0 481 s 9 nu 9 | t: [111 14 15 19 20 | R 15] [113 9 15 15 12 | R 17] | Lam t over the box: v >= 36 (linear 36, degree >= 2: 69), need 36, margin 0, degree >= 2 margin 33
k=0 const disc 1 X0 225 s 9 nu 9 | t: [111 14 15 19 20 | R 15] [113 9 15 15 12 | R 17] | Lam t over the box: v >= 36 (linear 36, degree >= 2: 69), need 36, margin 0, degree >= 2 margin 33
k=0 const disc 1 X0 353 s 9 nu 9 | t: [111 14 15 19 20 | R 15] [113 9 15 15 12 | R 17] | Lam t over the box: v >= 36 (linear 36, degree >= 2: 69), need 36, margin 0, degree >= 2 margin 33
k=0 const disc 1 X0 97 s 9 nu 9 | t: [111 14 15 19 20 | R 15] [113 9 15 15 12 | R 17] | Lam t over the box: v >= 36 (linear 36, degree >= 2: 69), need 36, margin 0, degree >= 2 margin 33
k=0 const disc 1 X0 417 s 9 nu 9 | t: [111 14 15 19 20 | R 15] [113 9 15 15 12 | R 17] | Lam t over the box: v >= 36 (linear 36, degree >= 2: 69), need 36, margin 0, degree >= 2 margin 33
k=0 const disc 1 X0 161 s 9 nu 9 | t: [111 14 15 19 20 | R 15] [113 9 15 15 12 | R 17] | Lam t over the box: v >= 36 (linear 36, degree >= 2: 69), need 36, margin 0, degree >= 2 margin 33
k=0 const disc 1 X0 289 s 9 nu 9 | t: [111 14 15 19 20 | R 15] [113 9 15 15 12 | R 17] | Lam t over the box: v >= 36 (linear 36, degree >= 2: 69), need 36, margin 0, degree >= 2 margin 33
k=0 const disc 1 X0 33 s 9 nu 9 | t: [111 14 15 19 20 | R 15] [113 9 15 15 12 | R 17] | Lam t over the box: v >= 36 (linear 36, degree >= 2: 69), need 36, margin 0, degree >= 2 margin 33
k=0 const disc 1 X0 241 s 8 nu 8 | t: [111 14 15 19 20 | R 12] [113 9 15 15 12 | R 14] | Lam t over the box: v >= 33 (linear 33, degree >= 2: 63), need 33, margin 0, degree >= 2 margin 30
k=0 const disc 1 X0 113 s 8 nu 8 | t: [111 14 15 19 20 | R 12] [113 9 15 15 12 | R 14] | Lam t over the box: v >= 33 (linear 33, degree >= 2: 63), need 33, margin 0, degree >= 2 margin 30
k=0 const disc 1 X0 177 s 8 nu 8 | t: [111 14 15 19 20 | R 12] [113 9 15 15 12 | R 14] | Lam t over the box: v >= 33 (linear 33, degree >= 2: 63), need 33, margin 0, degree >= 2 margin 30
k=0 const disc 1 X0 49 s 8 nu 8 | t: [111 14 15 19 20 | R 12] [113 9 15 15 12 | R 14] | Lam t over the box: v >= 33 (linear 33, degree >= 2: 63), need 33, margin 0, degree >= 2 margin 30
k=0 const disc 1 X0 209 s 8 nu 8 | t: [111 14 15 19 20 | R 12] [113 9 15 15 12 | R 14] | Lam t over the box: v >= 33 (linear 33, degree >= 2: 63), need 33, margin 0, degree >= 2 margin 30
k=0 const disc 1 X0 81 s 8 nu 8 | t: [111 14 15 19 20 | R 12] [113 9 15 15 12 | R 14] | Lam t over the box: v >= 33 (linear 33, degree >= 2: 63), need 33, margin 0, degree >= 2 margin 30
k=0 const disc 1 X0 145 s 8 nu 8 | t: [111 14 15 19 20 | R 12] [113 9 15 15 12 | R 14] | Lam t over the box: v >= 33 (linear 33, degree >= 2: 63), need 33, margin 0, degree >= 2 margin 30
k=0 const disc 1 X0 17 s 8 nu 8 | t: [111 14 15 19 20 | R 12] [113 9 15 15 12 | R 14] | Lam t over the box: v >= 33 (linear 33, degree >= 2: 63), need 33, margin 0, degree >= 2 margin 30
k=0 const disc 1 X0 121 s 7 nu 7 | t: [111 14 15 19 20 | R 9] [113 9 15 15 12 | R 11] | Lam t over the box: v >= 30 (linear 30, degree >= 2: 57), need 30, margin 0, degree >= 2 margin 27
k=0 const disc 1 X0 57 s 7 nu 7 | t: [111 14 15 19 20 | R 9] [113 9 15 15 12 | R 11] | Lam t over the box: v >= 30 (linear 30, degree >= 2: 57), need 30, margin 0, degree >= 2 margin 27
k=0 const disc 1 X0 89 s 7 nu 7 | t: [111 14 15 19 20 | R 9] [113 9 15 15 12 | R 11] | Lam t over the box: v >= 30 (linear 30, degree >= 2: 57), need 30, margin 0, degree >= 2 margin 27
k=0 const disc 1 X0 25 s 7 nu 7 | t: [111 14 15 19 20 | R 9] [113 9 15 15 12 | R 11] | Lam t over the box: v >= 30 (linear 30, degree >= 2: 57), need 30, margin 0, degree >= 2 margin 27
k=0 const disc 1 X0 105 s 7 nu 7 | t: [111 14 15 19 20 | R 9] [113 9 15 15 12 | R 11] | Lam t over the box: v >= 30 (linear 30, degree >= 2: 57), need 30, margin 0, degree >= 2 margin 27
k=0 const disc 1 X0 41 s 7 nu 7 | t: [111 14 15 19 20 | R 9] [113 9 15 15 12 | R 11] | Lam t over the box: v >= 30 (linear 30, degree >= 2: 57), need 30, margin 0, degree >= 2 margin 27
k=0 const disc 1 X0 73 s 7 nu 7 | t: [111 14 15 19 20 | R 9] [113 9 15 15 12 | R 11] | Lam t over the box: v >= 30 (linear 30, degree >= 2: 57), need 30, margin 0, degree >= 2 margin 27
k=0 const disc 1 X0 9 s 7 nu 7 | t: [111 14 15 19 20 | R 9] [113 9 15 15 12 | R 11] | Lam t over the box: v >= 30 (linear 30, degree >= 2: 57), need 30, margin 0, degree >= 2 margin 27
k=0 const disc 1 X0 61 s 6 nu 6 | t: [111 14 15 19 20 | R 6] [113 9 15 15 12 | R 8] | Lam t over the box: v >= 27 (linear 27, degree >= 2: 51), need 27, margin 0, degree >= 2 margin 24
k=0 const disc 1 X0 29 s 6 nu 6 | t: [111 14 15 19 20 | R 6] [113 9 15 15 12 | R 8] | Lam t over the box: v >= 27 (linear 27, degree >= 2: 51), need 27, margin 0, degree >= 2 margin 24
k=0 const disc 1 X0 45 s 6 nu 6 | t: [111 14 15 19 20 | R 6] [113 9 15 15 12 | R 8] | Lam t over the box: v >= 27 (linear 27, degree >= 2: 51), need 27, margin 0, degree >= 2 margin 24
k=0 const disc 1 X0 13 s 6 nu 6 | t: [111 14 15 19 20 | R 6] [113 9 15 15 12 | R 8] | Lam t over the box: v >= 27 (linear 27, degree >= 2: 51), need 27, margin 0, degree >= 2 margin 24
k=0 const disc 1 X0 53 s 6 nu 6 | t: [111 14 15 19 20 | R 6] [113 9 15 15 12 | R 8] | Lam t over the box: v >= 27 (linear 27, degree >= 2: 51), need 27, margin 0, degree >= 2 margin 24
k=0 const disc 1 X0 21 s 6 nu 6 | t: [111 14 15 19 20 | R 6] [113 9 15 15 12 | R 8] | Lam t over the box: v >= 27 (linear 27, degree >= 2: 51), need 27, margin 0, degree >= 2 margin 24
k=0 const disc 1 X0 37 s 6 nu 6 | t: [111 14 15 19 20 | R 6] [113 9 15 15 12 | R 8] | Lam t over the box: v >= 27 (linear 27, degree >= 2: 51), need 27, margin 0, degree >= 2 margin 24
k=0 const disc 1 X0 5 s 6 nu 6 | t: [111 14 15 19 20 | R 6] [113 9 15 15 12 | R 8] | Lam t over the box: v >= 27 (linear 27, degree >= 2: 51), need 27, margin 0, degree >= 2 margin 24
k=0 const disc 1 X0 30 s 5 nu 5 | t: [105 14 15 19 20 | R -14] [107 9 15 15 12 | R -12] | Lam t over the box: v >= 24 (linear 24, degree >= 2: 45), need 24, margin 0, degree >= 2 margin 21
k=0 const disc 1 X0 14 s 5 nu 5 | t: [105 14 15 19 20 | R -14] [107 9 15 15 12 | R -12] | Lam t over the box: v >= 24 (linear 24, degree >= 2: 45), need 24, margin 0, degree >= 2 margin 21
k=0 const disc 1 X0 22 s 5 nu 5 | t: [105 14 15 19 20 | R -14] [107 9 15 15 12 | R -12] | Lam t over the box: v >= 24 (linear 24, degree >= 2: 45), need 24, margin 0, degree >= 2 margin 21
k=0 const disc 1 X0 6 s 5 nu 5 | t: [105 14 15 19 20 | R -14] [107 9 15 15 12 | R -12] | Lam t over the box: v >= 24 (linear 24, degree >= 2: 45), need 24, margin 0, degree >= 2 margin 21
k=0 const disc 1 X0 26 s 5 nu 5 | t: [110 14 15 19 20 | R -10] [114 9 15 15 12 | R -6] | Lam t over the box: v >= 24 (linear 24, degree >= 2: 45), need 24, margin 0, degree >= 2 margin 21
k=0 const disc 1 X0 10 s 5 nu 5 | t: [110 14 15 19 20 | R -10] [114 9 15 15 12 | R -6] | Lam t over the box: v >= 24 (linear 24, degree >= 2: 45), need 24, margin 0, degree >= 2 margin 21
k=0 const disc 1 X0 18 s 5 nu 5 | t: [110 14 15 19 20 | R -10] [114 9 15 15 12 | R -6] | Lam t over the box: v >= 24 (linear 24, degree >= 2: 45), need 24, margin 0, degree >= 2 margin 21
k=0 const disc 1 X0 2 s 5 nu 5 | t: [110 14 15 19 20 | R -10] [114 9 15 15 12 | R -6] | Lam t over the box: v >= 24 (linear 24, degree >= 2: 45), need 24, margin 0, degree >= 2 margin 21
k=0 const disc 1 X0 480 s 9 nu 9 | t: [84 14 15 19 16 | R -74] [86 9 15 15 12 | R -72] | Lam t over the box: v >= 36 (linear 36, degree >= 2: 61), need 36, margin 0, degree >= 2 margin 25
k=0 const disc 1 X0 224 s 9 nu 9 | t: [84 14 15 19 16 | R -74] [86 9 15 15 12 | R -72] | Lam t over the box: v >= 36 (linear 36, degree >= 2: 61), need 36, margin 0, degree >= 2 margin 25
k=0 const disc 1 X0 352 s 9 nu 9 | t: [84 14 15 19 16 | R -74] [86 9 15 15 12 | R -72] | Lam t over the box: v >= 36 (linear 36, degree >= 2: 61), need 36, margin 0, degree >= 2 margin 25
k=0 const disc 1 X0 96 s 9 nu 9 | t: [84 14 15 19 16 | R -74] [86 9 15 15 12 | R -72] | Lam t over the box: v >= 36 (linear 36, degree >= 2: 61), need 36, margin 0, degree >= 2 margin 25
k=0 const disc 1 X0 416 s 9 nu 9 | t: [89 14 15 19 20 | R -70] [93 9 15 15 12 | R -66] | Lam t over the box: v >= 36 (linear 36, degree >= 2: 65), need 36, margin 0, degree >= 2 margin 29
k=0 const disc 1 X0 160 s 9 nu 9 | t: [89 14 15 19 20 | R -70] [93 9 15 15 12 | R -66] | Lam t over the box: v >= 36 (linear 36, degree >= 2: 65), need 36, margin 0, degree >= 2 margin 29
k=0 const disc 1 X0 288 s 9 nu 9 | t: [89 14 15 19 20 | R -70] [93 9 15 15 12 | R -66] | Lam t over the box: v >= 36 (linear 36, degree >= 2: 65), need 36, margin 0, degree >= 2 margin 29
k=0 const disc 1 X0 32 s 9 nu 9 | t: [89 14 15 19 20 | R -70] [93 9 15 15 12 | R -66] | Lam t over the box: v >= 36 (linear 36, degree >= 2: 65), need 36, margin 0, degree >= 2 margin 29
k=0 const disc 1 X0 240 s 8 nu 8 | t: [95 14 15 19 20 | R -55] [99 9 15 15 12 | R -51] | Lam t over the box: v >= 33 (linear 33, degree >= 2: 63), need 33, margin 0, degree >= 2 margin 30
k=0 const disc 1 X0 112 s 8 nu 8 | t: [95 14 15 19 20 | R -55] [99 9 15 15 12 | R -51] | Lam t over the box: v >= 33 (linear 33, degree >= 2: 63), need 33, margin 0, degree >= 2 margin 30
k=0 const disc 1 X0 176 s 8 nu 8 | t: [95 14 15 19 20 | R -55] [99 9 15 15 12 | R -51] | Lam t over the box: v >= 33 (linear 33, degree >= 2: 63), need 33, margin 0, degree >= 2 margin 30
k=0 const disc 1 X0 48 s 8 nu 8 | t: [95 14 15 19 20 | R -55] [99 9 15 15 12 | R -51] | Lam t over the box: v >= 33 (linear 33, degree >= 2: 63), need 33, margin 0, degree >= 2 margin 30
k=0 const disc 1 X0 208 s 8 nu 8 | t: [90 14 15 19 20 | R -59] [92 9 15 15 12 | R -57] | Lam t over the box: v >= 33 (linear 33, degree >= 2: 61), need 33, margin 0, degree >= 2 margin 28
k=0 const disc 1 X0 80 s 8 nu 8 | t: [90 14 15 19 20 | R -59] [92 9 15 15 12 | R -57] | Lam t over the box: v >= 33 (linear 33, degree >= 2: 61), need 33, margin 0, degree >= 2 margin 28
k=0 const disc 1 X0 144 s 8 nu 8 | t: [90 14 15 19 20 | R -59] [92 9 15 15 12 | R -57] | Lam t over the box: v >= 33 (linear 33, degree >= 2: 61), need 33, margin 0, degree >= 2 margin 28
k=0 const disc 1 X0 16 s 8 nu 8 | t: [90 14 15 19 20 | R -59] [92 9 15 15 12 | R -57] | Lam t over the box: v >= 33 (linear 33, degree >= 2: 61), need 33, margin 0, degree >= 2 margin 28
k=0 const disc 1 X0 120 s 7 nu 7 | t: [96 14 15 19 20 | R -44] [98 9 15 15 12 | R -42] | Lam t over the box: v >= 30 (linear 30, degree >= 2: 57), need 30, margin 0, degree >= 2 margin 27
k=0 const disc 1 X0 56 s 7 nu 7 | t: [96 14 15 19 20 | R -44] [98 9 15 15 12 | R -42] | Lam t over the box: v >= 30 (linear 30, degree >= 2: 57), need 30, margin 0, degree >= 2 margin 27
k=0 const disc 1 X0 88 s 7 nu 7 | t: [96 14 15 19 20 | R -44] [98 9 15 15 12 | R -42] | Lam t over the box: v >= 30 (linear 30, degree >= 2: 57), need 30, margin 0, degree >= 2 margin 27
k=0 const disc 1 X0 24 s 7 nu 7 | t: [96 14 15 19 20 | R -44] [98 9 15 15 12 | R -42] | Lam t over the box: v >= 30 (linear 30, degree >= 2: 57), need 30, margin 0, degree >= 2 margin 27
k=0 const disc 1 X0 104 s 7 nu 7 | t: [101 14 15 19 20 | R -40] [105 9 15 15 12 | R -36] | Lam t over the box: v >= 30 (linear 30, degree >= 2: 57), need 30, margin 0, degree >= 2 margin 27
k=0 const disc 1 X0 40 s 7 nu 7 | t: [101 14 15 19 20 | R -40] [105 9 15 15 12 | R -36] | Lam t over the box: v >= 30 (linear 30, degree >= 2: 57), need 30, margin 0, degree >= 2 margin 27
k=0 const disc 1 X0 72 s 7 nu 7 | t: [101 14 15 19 20 | R -40] [105 9 15 15 12 | R -36] | Lam t over the box: v >= 30 (linear 30, degree >= 2: 57), need 30, margin 0, degree >= 2 margin 27
k=0 const disc 1 X0 8 s 7 nu 7 | t: [101 14 15 19 20 | R -40] [105 9 15 15 12 | R -36] | Lam t over the box: v >= 30 (linear 30, degree >= 2: 57), need 30, margin 0, degree >= 2 margin 27
k=0 const disc 1 X0 60 s 6 nu 6 | t: [107 14 15 19 20 | R -25] [111 9 15 15 12 | R -21] | Lam t over the box: v >= 27 (linear 27, degree >= 2: 51), need 27, margin 0, degree >= 2 margin 24
k=0 const disc 1 X0 28 s 6 nu 6 | t: [107 14 15 19 20 | R -25] [111 9 15 15 12 | R -21] | Lam t over the box: v >= 27 (linear 27, degree >= 2: 51), need 27, margin 0, degree >= 2 margin 24
k=0 const disc 1 X0 44 s 6 nu 6 | t: [107 14 15 19 20 | R -25] [111 9 15 15 12 | R -21] | Lam t over the box: v >= 27 (linear 27, degree >= 2: 51), need 27, margin 0, degree >= 2 margin 24
k=0 const disc 1 X0 12 s 6 nu 6 | t: [107 14 15 19 20 | R -25] [111 9 15 15 12 | R -21] | Lam t over the box: v >= 27 (linear 27, degree >= 2: 51), need 27, margin 0, degree >= 2 margin 24
k=0 const disc 1 X0 52 s 6 nu 6 | t: [102 14 15 19 20 | R -29] [104 9 15 15 12 | R -27] | Lam t over the box: v >= 27 (linear 27, degree >= 2: 51), need 27, margin 0, degree >= 2 margin 24
k=0 const disc 1 X0 20 s 6 nu 6 | t: [102 14 15 19 20 | R -29] [104 9 15 15 12 | R -27] | Lam t over the box: v >= 27 (linear 27, degree >= 2: 51), need 27, margin 0, degree >= 2 margin 24
k=0 const disc 1 X0 36 s 6 nu 6 | t: [102 14 15 19 20 | R -29] [104 9 15 15 12 | R -27] | Lam t over the box: v >= 27 (linear 27, degree >= 2: 51), need 27, margin 0, degree >= 2 margin 24
k=0 const disc 1 X0 4 s 6 nu 6 | t: [102 14 15 19 20 | R -29] [104 9 15 15 12 | R -27] | Lam t over the box: v >= 27 (linear 27, degree >= 2: 51), need 27, margin 0, degree >= 2 margin 24
k=0 tail disc 1 Xi 1 s 6 | t: [111 14 15 19 20 | R 6] [113 9 15 15 12 | R 8] | (Lam t - w0 h)/h^2: v >= 15, need vM - 3 s0 = 3, margin 12 | 2 w0 in Q_2^6 mod 2^20: [856240, 722000, 338976, 839808, 23424, 559360] (prec [39, 39, 38, 38, 38, 38]~)
   tail x_2: Lean t.g mod 2^20 = [192336, 326576, 709600, 208768, 1025152, 489216]; 2 w0 = +t.g mod 2^min(20, prec): 0, = -t.g: 1
k=0 tail disc 1 Xi 0 s 6 | t: [117 14 15 19 20 | R 11] [119 9 15 15 12 | R 13] | (Lam t - w0 h)/h^2: v >= 15, need vM - 3 s0 = 3, margin 12 | 2 w0 in Q_2^6 mod 2^20: [438000, 866064, 914592, 0, 0, 0] (prec [41, 41, 40, 40, 40, 40]~)
   tail x_0: Lean t.g mod 2^20 = [438000, 866064, 914592, 0, 0, 0]; 2 w0 = +t.g mod 2^min(20, prec): 1, = -t.g: 0
k = 0: 82 constant boxes, 82 Taylor model runs; min margin of Lam t over the need 0; min remainder margin 6; min certified depth of t 15 (75332 ms)
k=1 const disc 3 X0 28 s 5 nu 4 | t: [127 7 4 4 -2 | R -2] [123 3 0 0 -6 | R -6] | Lam t over the box: v >= 21 (linear 21, degree >= 2: 33), need 21, margin 0, degree >= 2 margin 12
k=1 const disc 3 X0 12 s 5 nu 4 | t: [127 7 4 4 -2 | R -2] [123 3 0 0 -6 | R -6] | Lam t over the box: v >= 21 (linear 21, degree >= 2: 33), need 21, margin 0, degree >= 2 margin 12
k=1 const disc 3 X0 20 s 5 nu 4 | t: [127 7 4 4 -2 | R -2] [123 3 0 0 -6 | R -6] | Lam t over the box: v >= 21 (linear 21, degree >= 2: 33), need 21, margin 0, degree >= 2 margin 12
k=1 const disc 3 X0 4 s 5 nu 4 | t: [127 7 4 4 -2 | R -2] [123 3 0 0 -6 | R -6] | Lam t over the box: v >= 21 (linear 21, degree >= 2: 33), need 21, margin 0, degree >= 2 margin 12
k=1 const disc 3 X0 224 s 8 nu 7 | t: [127 7 4 4 -2 | R -2] [123 3 0 0 -6 | R -6] | Lam t over the box: v >= 30 (linear 30, degree >= 2: 51), need 30, margin 0, degree >= 2 margin 21
k=1 const disc 3 X0 96 s 8 nu 7 | t: [127 7 4 4 -2 | R -2] [123 3 0 0 -6 | R -6] | Lam t over the box: v >= 30 (linear 30, degree >= 2: 51), need 30, margin 0, degree >= 2 margin 21
k=1 const disc 3 X0 160 s 8 nu 7 | t: [127 7 4 4 -2 | R -2] [123 3 0 0 -6 | R -6] | Lam t over the box: v >= 30 (linear 30, degree >= 2: 51), need 30, margin 0, degree >= 2 margin 21
k=1 const disc 3 X0 32 s 8 nu 7 | t: [127 7 4 4 -2 | R -2] [123 3 0 0 -6 | R -6] | Lam t over the box: v >= 30 (linear 30, degree >= 2: 51), need 30, margin 0, degree >= 2 margin 21
k=1 const disc 3 X0 112 s 7 nu 6 | t: [127 7 4 4 -2 | R -2] [123 3 0 0 -6 | R -6] | Lam t over the box: v >= 27 (linear 27, degree >= 2: 45), need 27, margin 0, degree >= 2 margin 18
k=1 const disc 3 X0 48 s 7 nu 6 | t: [127 7 4 4 -2 | R -2] [123 3 0 0 -6 | R -6] | Lam t over the box: v >= 27 (linear 27, degree >= 2: 45), need 27, margin 0, degree >= 2 margin 18
k=1 const disc 3 X0 80 s 7 nu 6 | t: [127 7 4 4 -2 | R -2] [123 3 0 0 -6 | R -6] | Lam t over the box: v >= 27 (linear 27, degree >= 2: 45), need 27, margin 0, degree >= 2 margin 18
k=1 const disc 3 X0 16 s 7 nu 6 | t: [127 7 4 4 -2 | R -2] [123 3 0 0 -6 | R -6] | Lam t over the box: v >= 27 (linear 27, degree >= 2: 45), need 27, margin 0, degree >= 2 margin 18
k=1 const disc 3 X0 56 s 6 nu 5 | t: [127 7 4 4 -2 | R -2] [123 3 0 0 -6 | R -6] | Lam t over the box: v >= 24 (linear 24, degree >= 2: 39), need 24, margin 0, degree >= 2 margin 15
k=1 const disc 3 X0 24 s 6 nu 5 | t: [127 7 4 4 -2 | R -2] [123 3 0 0 -6 | R -6] | Lam t over the box: v >= 24 (linear 24, degree >= 2: 39), need 24, margin 0, degree >= 2 margin 15
k=1 const disc 3 X0 40 s 6 nu 5 | t: [127 7 4 4 -2 | R -2] [123 3 0 0 -6 | R -6] | Lam t over the box: v >= 24 (linear 24, degree >= 2: 39), need 24, margin 0, degree >= 2 margin 15
k=1 const disc 3 X0 8 s 6 nu 5 | t: [127 7 4 4 -2 | R -2] [123 3 0 0 -6 | R -6] | Lam t over the box: v >= 24 (linear 24, degree >= 2: 39), need 24, margin 0, degree >= 2 margin 15
k=1 const disc 2 X0 23 s 5 nu 4 | t: [116 6 6 11 3 | R 8] [116 3 3 9 0 | R 7] | Lam t over the box: v >= 21 (linear 21, degree >= 2: 36), need 21, margin 0, degree >= 2 margin 15
k=1 const disc 2 X0 7 s 5 nu 4 | t: [116 6 6 11 3 | R 8] [116 3 3 9 0 | R 7] | Lam t over the box: v >= 21 (linear 21, degree >= 2: 36), need 21, margin 0, degree >= 2 margin 15
k=1 const disc 2 X0 11 s 4 nu 3 | t: [116 6 6 11 3 | R 5] [116 3 3 9 0 | R 4] | Lam t over the box: v >= 18 (linear 18, degree >= 2: 30), need 18, margin 0, degree >= 2 margin 12
k=1 const disc 2 X0 3 s 4 nu 3 | t: [116 6 6 11 3 | R 5] [116 3 3 9 0 | R 4] | Lam t over the box: v >= 18 (linear 18, degree >= 2: 30), need 18, margin 0, degree >= 2 margin 12
k=1 const disc 2 X0 5 s 3 nu 2 | t: [116 6 6 11 3 | R 2] [116 3 3 13 0 | R 1] | Lam t over the box: v >= 15 (linear 15, degree >= 2: 24), need 15, margin 0, degree >= 2 margin 9
k=1 const disc 2 X0 1 s 3 nu 2 | t: [116 6 6 11 3 | R 2] [116 3 3 12 0 | R 1] | Lam t over the box: v >= 15 (linear 15, degree >= 2: 24), need 15, margin 0, degree >= 2 margin 9
k=1 tail disc 3 Xi 0 s 6 | t: [127 7 4 4 -2 | R -2] [123 3 0 0 -6 | R -6] | (Lam t - w0 h)/h^2: v >= 3, need vM - 3 s0 = -3, margin 6 | 2 w0 in Q_2^6 mod 2^20: [0, 0, 0, 860824, 447832, 471064] (prec [44, 44, 44, 43, 43, 43]~)
   tail x_1: Lean t.g mod 2^20 = [0, 0, 0, 860824, 447832, 471064]; 2 w0 = +t.g mod 2^min(20, prec): 1, = -t.g: 0
k=1 tail disc 2 Xi -1 s 4 | t: [116 6 6 11 3 | R 5] [116 3 3 9 0 | R 4] | (Lam t - w0 h)/h^2: v >= 6, need vM - 3 s0 = 0, margin 6 | 2 w0 in Q_2^6 mod 2^20: [806224, 93888, 1047904, 388376, 922552, 494024] (prec [41, 41, 41, 41, 41, 41]~)
   tail x_3: Lean t.g mod 2^20 = [806224, 93888, 1047904, 388376, 922552, 494024]; 2 w0 = +t.g mod 2^min(20, prec): 1, = -t.g: 0
k = 1: 22 constant boxes, 22 Taylor model runs; min margin of Lam t over the need 0; min remainder margin 9; min certified depth of t 12 (20592 ms)
==== M4B_MW=150 M4B_N=3
  ***   Warning: new maximum stack size = 2000003072 (1907.352 Mbytes).
  ***   syntax error, unexpected ')', expecting )-> or ',':
  ***   ...(PB_CNT[1]++;pb_mul0(x,y));pb_inv=(x)->(PB_CNT
  ***                               ^---------------------
... skipping file '../lean-m4box/m4b_2_tm.gp'
k=0 const disc 5 X0 3 s 2 nu 2 | t: [126 12 12 15 | R 9] [123 9 9 12 | R 6] | Lam t over the box: v >= 15 (linear 15, degree >= 2: 21), need 15, margin 0, degree >= 2 margin 6
k=0 const disc 5 X0 1 s 2 nu 2 | t: [126 12 12 15 | R 9] [123 9 9 12 | R 6] | Lam t over the box: v >= 15 (linear 15, degree >= 2: 21), need 15, margin 0, degree >= 2 margin 6
k=0 const disc 1 X0 31 s 5 nu 5 | t: [114 14 15 19 | R 3] [117 9 15 15 | R 6] | Lam t over the box: v >= 24 (linear 24, degree >= 2: 45), need 24, margin 0, degree >= 2 margin 21
k=0 const disc 1 X0 15 s 5 nu 5 | t: [114 14 15 19 | R 3] [117 9 15 15 | R 6] | Lam t over the box: v >= 24 (linear 24, degree >= 2: 45), need 24, margin 0, degree >= 2 margin 21
k=0 const disc 1 X0 23 s 5 nu 5 | t: [114 14 15 19 | R 3] [117 9 15 15 | R 6] | Lam t over the box: v >= 24 (linear 24, degree >= 2: 45), need 24, margin 0, degree >= 2 margin 21
k=0 const disc 1 X0 7 s 5 nu 5 | t: [114 14 15 19 | R 3] [117 9 15 15 | R 6] | Lam t over the box: v >= 24 (linear 24, degree >= 2: 45), need 24, margin 0, degree >= 2 margin 21
k=0 const disc 1 X0 27 s 5 nu 5 | t: [114 14 15 19 | R 3] [117 9 15 15 | R 6] | Lam t over the box: v >= 24 (linear 24, degree >= 2: 45), need 24, margin 0, degree >= 2 margin 21
k=0 const disc 1 X0 11 s 5 nu 5 | t: [114 14 15 19 | R 3] [117 9 15 15 | R 6] | Lam t over the box: v >= 24 (linear 24, degree >= 2: 45), need 24, margin 0, degree >= 2 margin 21
k=0 const disc 1 X0 19 s 5 nu 5 | t: [114 14 15 19 | R 3] [117 9 15 15 | R 6] | Lam t over the box: v >= 24 (linear 24, degree >= 2: 45), need 24, margin 0, degree >= 2 margin 21
k=0 const disc 1 X0 3 s 5 nu 5 | t: [114 14 15 19 | R 3] [117 9 15 15 | R 6] | Lam t over the box: v >= 24 (linear 24, degree >= 2: 45), need 24, margin 0, degree >= 2 margin 21
k=0 const disc 1 X0 481 s 9 nu 9 | t: [111 14 15 19 | R 12] [113 9 15 15 | R 12] | Lam t over the box: v >= 36 (linear 36, degree >= 2: 69), need 36, margin 0, degree >= 2 margin 33
k=0 const disc 1 X0 225 s 9 nu 9 | t: [111 14 15 19 | R 12] [113 9 15 15 | R 12] | Lam t over the box: v >= 36 (linear 36, degree >= 2: 69), need 36, margin 0, degree >= 2 margin 33
k=0 const disc 1 X0 353 s 9 nu 9 | t: [111 14 15 19 | R 12] [113 9 15 15 | R 12] | Lam t over the box: v >= 36 (linear 36, degree >= 2: 69), need 36, margin 0, degree >= 2 margin 33
k=0 const disc 1 X0 97 s 9 nu 9 | t: [111 14 15 19 | R 12] [113 9 15 15 | R 12] | Lam t over the box: v >= 36 (linear 36, degree >= 2: 69), need 36, margin 0, degree >= 2 margin 33
k=0 const disc 1 X0 417 s 9 nu 9 | t: [111 14 15 19 | R 12] [113 9 15 15 | R 12] | Lam t over the box: v >= 36 (linear 36, degree >= 2: 69), need 36, margin 0, degree >= 2 margin 33
k=0 const disc 1 X0 161 s 9 nu 9 | t: [111 14 15 19 | R 12] [113 9 15 15 | R 12] | Lam t over the box: v >= 36 (linear 36, degree >= 2: 69), need 36, margin 0, degree >= 2 margin 33
k=0 const disc 1 X0 289 s 9 nu 9 | t: [111 14 15 19 | R 12] [113 9 15 15 | R 12] | Lam t over the box: v >= 36 (linear 36, degree >= 2: 69), need 36, margin 0, degree >= 2 margin 33
k=0 const disc 1 X0 33 s 9 nu 9 | t: [111 14 15 19 | R 12] [113 9 15 15 | R 12] | Lam t over the box: v >= 36 (linear 36, degree >= 2: 69), need 36, margin 0, degree >= 2 margin 33
k=0 const disc 1 X0 241 s 8 nu 8 | t: [111 14 15 19 | R 9] [113 9 15 15 | R 11] | Lam t over the box: v >= 33 (linear 33, degree >= 2: 63), need 33, margin 0, degree >= 2 margin 30
k=0 const disc 1 X0 113 s 8 nu 8 | t: [111 14 15 19 | R 9] [113 9 15 15 | R 11] | Lam t over the box: v >= 33 (linear 33, degree >= 2: 63), need 33, margin 0, degree >= 2 margin 30
k=0 const disc 1 X0 177 s 8 nu 8 | t: [111 14 15 19 | R 9] [113 9 15 15 | R 11] | Lam t over the box: v >= 33 (linear 33, degree >= 2: 63), need 33, margin 0, degree >= 2 margin 30
k=0 const disc 1 X0 49 s 8 nu 8 | t: [111 14 15 19 | R 9] [113 9 15 15 | R 11] | Lam t over the box: v >= 33 (linear 33, degree >= 2: 63), need 33, margin 0, degree >= 2 margin 30
k=0 const disc 1 X0 209 s 8 nu 8 | t: [111 14 15 19 | R 9] [113 9 15 15 | R 11] | Lam t over the box: v >= 33 (linear 33, degree >= 2: 63), need 33, margin 0, degree >= 2 margin 30
k=0 const disc 1 X0 81 s 8 nu 8 | t: [111 14 15 19 | R 9] [113 9 15 15 | R 11] | Lam t over the box: v >= 33 (linear 33, degree >= 2: 63), need 33, margin 0, degree >= 2 margin 30
k=0 const disc 1 X0 145 s 8 nu 8 | t: [111 14 15 19 | R 9] [113 9 15 15 | R 11] | Lam t over the box: v >= 33 (linear 33, degree >= 2: 63), need 33, margin 0, degree >= 2 margin 30
k=0 const disc 1 X0 17 s 8 nu 8 | t: [111 14 15 19 | R 9] [113 9 15 15 | R 11] | Lam t over the box: v >= 33 (linear 33, degree >= 2: 63), need 33, margin 0, degree >= 2 margin 30
k=0 const disc 1 X0 121 s 7 nu 7 | t: [111 14 15 19 | R 6] [113 9 15 15 | R 8] | Lam t over the box: v >= 30 (linear 30, degree >= 2: 57), need 30, margin 0, degree >= 2 margin 27
k=0 const disc 1 X0 57 s 7 nu 7 | t: [111 14 15 19 | R 6] [113 9 15 15 | R 8] | Lam t over the box: v >= 30 (linear 30, degree >= 2: 57), need 30, margin 0, degree >= 2 margin 27
k=0 const disc 1 X0 89 s 7 nu 7 | t: [111 14 15 19 | R 6] [113 9 15 15 | R 8] | Lam t over the box: v >= 30 (linear 30, degree >= 2: 57), need 30, margin 0, degree >= 2 margin 27
k=0 const disc 1 X0 25 s 7 nu 7 | t: [111 14 15 19 | R 6] [113 9 15 15 | R 8] | Lam t over the box: v >= 30 (linear 30, degree >= 2: 57), need 30, margin 0, degree >= 2 margin 27
k=0 const disc 1 X0 105 s 7 nu 7 | t: [111 14 15 19 | R 6] [113 9 15 15 | R 8] | Lam t over the box: v >= 30 (linear 30, degree >= 2: 57), need 30, margin 0, degree >= 2 margin 27
k=0 const disc 1 X0 41 s 7 nu 7 | t: [111 14 15 19 | R 6] [113 9 15 15 | R 8] | Lam t over the box: v >= 30 (linear 30, degree >= 2: 57), need 30, margin 0, degree >= 2 margin 27
k=0 const disc 1 X0 73 s 7 nu 7 | t: [111 14 15 19 | R 6] [113 9 15 15 | R 8] | Lam t over the box: v >= 30 (linear 30, degree >= 2: 57), need 30, margin 0, degree >= 2 margin 27
k=0 const disc 1 X0 9 s 7 nu 7 | t: [111 14 15 19 | R 6] [113 9 15 15 | R 8] | Lam t over the box: v >= 30 (linear 30, degree >= 2: 57), need 30, margin 0, degree >= 2 margin 27
k=0 const disc 1 X0 61 s 6 nu 6 | t: [111 14 15 19 | R 3] [113 9 15 15 | R 5] | Lam t over the box: v >= 27 (linear 27, degree >= 2: 51), need 27, margin 0, degree >= 2 margin 24
k=0 const disc 1 X0 29 s 6 nu 6 | t: [111 14 15 19 | R 3] [113 9 15 15 | R 5] | Lam t over the box: v >= 27 (linear 27, degree >= 2: 51), need 27, margin 0, degree >= 2 margin 24
k=0 const disc 1 X0 45 s 6 nu 6 | t: [111 14 15 19 | R 3] [113 9 15 15 | R 5] | Lam t over the box: v >= 27 (linear 27, degree >= 2: 51), need 27, margin 0, degree >= 2 margin 24
k=0 const disc 1 X0 13 s 6 nu 6 | t: [111 14 15 19 | R 3] [113 9 15 15 | R 5] | Lam t over the box: v >= 27 (linear 27, degree >= 2: 51), need 27, margin 0, degree >= 2 margin 24
k=0 const disc 1 X0 53 s 6 nu 6 | t: [111 14 15 19 | R 3] [113 9 15 15 | R 5] | Lam t over the box: v >= 27 (linear 27, degree >= 2: 51), need 27, margin 0, degree >= 2 margin 24
k=0 const disc 1 X0 21 s 6 nu 6 | t: [111 14 15 19 | R 3] [113 9 15 15 | R 5] | Lam t over the box: v >= 27 (linear 27, degree >= 2: 51), need 27, margin 0, degree >= 2 margin 24
k=0 const disc 1 X0 37 s 6 nu 6 | t: [111 14 15 19 | R 3] [113 9 15 15 | R 5] | Lam t over the box: v >= 27 (linear 27, degree >= 2: 51), need 27, margin 0, degree >= 2 margin 24
k=0 const disc 1 X0 5 s 6 nu 6 | t: [111 14 15 19 | R 3] [113 9 15 15 | R 5] | Lam t over the box: v >= 27 (linear 27, degree >= 2: 51), need 27, margin 0, degree >= 2 margin 24
k=0 const disc 1 X0 30 s 5 nu 5 | t: [105 14 15 19 | R -11] [107 9 15 15 | R -9] | Lam t over the box: v >= 24 (linear 24, degree >= 2: 45), need 24, margin 0, degree >= 2 margin 21
k=0 const disc 1 X0 14 s 5 nu 5 | t: [105 14 15 19 | R -11] [107 9 15 15 | R -9] | Lam t over the box: v >= 24 (linear 24, degree >= 2: 45), need 24, margin 0, degree >= 2 margin 21
k=0 const disc 1 X0 22 s 5 nu 5 | t: [105 14 15 19 | R -11] [107 9 15 15 | R -9] | Lam t over the box: v >= 24 (linear 24, degree >= 2: 45), need 24, margin 0, degree >= 2 margin 21
k=0 const disc 1 X0 6 s 5 nu 5 | t: [105 14 15 19 | R -11] [107 9 15 15 | R -9] | Lam t over the box: v >= 24 (linear 24, degree >= 2: 45), need 24, margin 0, degree >= 2 margin 21
k=0 const disc 1 X0 26 s 5 nu 5 | t: [110 14 15 19 | R -7] [114 9 15 15 | R -3] | Lam t over the box: v >= 24 (linear 24, degree >= 2: 45), need 24, margin 0, degree >= 2 margin 21
k=0 const disc 1 X0 10 s 5 nu 5 | t: [110 14 15 19 | R -7] [114 9 15 15 | R -3] | Lam t over the box: v >= 24 (linear 24, degree >= 2: 45), need 24, margin 0, degree >= 2 margin 21
k=0 const disc 1 X0 18 s 5 nu 5 | t: [110 14 15 19 | R -7] [114 9 15 15 | R -3] | Lam t over the box: v >= 24 (linear 24, degree >= 2: 45), need 24, margin 0, degree >= 2 margin 21
k=0 const disc 1 X0 2 s 5 nu 5 | t: [110 14 15 19 | R -7] [114 9 15 15 | R -3] | Lam t over the box: v >= 24 (linear 24, degree >= 2: 45), need 24, margin 0, degree >= 2 margin 21
k=0 const disc 1 X0 480 s 9 nu 9 | t: [84 14 15 19 | R -59] [86 9 15 15 | R -57] | Lam t over the box: v >= 36 (linear 36, degree >= 2: 49), need 36, margin 0, degree >= 2 margin 13
k=0 const disc 1 X0 224 s 9 nu 9 | t: [84 14 15 19 | R -59] [86 9 15 15 | R -57] | Lam t over the box: v >= 36 (linear 36, degree >= 2: 49), need 36, margin 0, degree >= 2 margin 13
k=0 const disc 1 X0 352 s 9 nu 9 | t: [84 14 15 19 | R -59] [86 9 15 15 | R -57] | Lam t over the box: v >= 36 (linear 36, degree >= 2: 49), need 36, margin 0, degree >= 2 margin 13
k=0 const disc 1 X0 96 s 9 nu 9 | t: [84 14 15 19 | R -59] [86 9 15 15 | R -57] | Lam t over the box: v >= 36 (linear 36, degree >= 2: 49), need 36, margin 0, degree >= 2 margin 13
k=0 const disc 1 X0 416 s 9 nu 9 | t: [89 14 15 19 | R -55] [93 9 15 15 | R -51] | Lam t over the box: v >= 36 (linear 36, degree >= 2: 53), need 36, margin 0, degree >= 2 margin 17
k=0 const disc 1 X0 160 s 9 nu 9 | t: [89 14 15 19 | R -55] [93 9 15 15 | R -51] | Lam t over the box: v >= 36 (linear 36, degree >= 2: 53), need 36, margin 0, degree >= 2 margin 17
k=0 const disc 1 X0 288 s 9 nu 9 | t: [89 14 15 19 | R -55] [93 9 15 15 | R -51] | Lam t over the box: v >= 36 (linear 36, degree >= 2: 53), need 36, margin 0, degree >= 2 margin 17
k=0 const disc 1 X0 32 s 9 nu 9 | t: [89 14 15 19 | R -55] [93 9 15 15 | R -51] | Lam t over the box: v >= 36 (linear 36, degree >= 2: 53), need 36, margin 0, degree >= 2 margin 17
k=0 const disc 1 X0 240 s 8 nu 8 | t: [95 14 15 19 | R -43] [99 9 15 15 | R -39] | Lam t over the box: v >= 33 (linear 33, degree >= 2: 53), need 33, margin 0, degree >= 2 margin 20
k=0 const disc 1 X0 112 s 8 nu 8 | t: [95 14 15 19 | R -43] [99 9 15 15 | R -39] | Lam t over the box: v >= 33 (linear 33, degree >= 2: 53), need 33, margin 0, degree >= 2 margin 20
k=0 const disc 1 X0 176 s 8 nu 8 | t: [95 14 15 19 | R -43] [99 9 15 15 | R -39] | Lam t over the box: v >= 33 (linear 33, degree >= 2: 53), need 33, margin 0, degree >= 2 margin 20
k=0 const disc 1 X0 48 s 8 nu 8 | t: [95 14 15 19 | R -43] [99 9 15 15 | R -39] | Lam t over the box: v >= 33 (linear 33, degree >= 2: 53), need 33, margin 0, degree >= 2 margin 20
k=0 const disc 1 X0 208 s 8 nu 8 | t: [90 14 15 19 | R -47] [92 9 15 15 | R -45] | Lam t over the box: v >= 33 (linear 33, degree >= 2: 49), need 33, margin 0, degree >= 2 margin 16
k=0 const disc 1 X0 80 s 8 nu 8 | t: [90 14 15 19 | R -47] [92 9 15 15 | R -45] | Lam t over the box: v >= 33 (linear 33, degree >= 2: 49), need 33, margin 0, degree >= 2 margin 16
k=0 const disc 1 X0 144 s 8 nu 8 | t: [90 14 15 19 | R -47] [92 9 15 15 | R -45] | Lam t over the box: v >= 33 (linear 33, degree >= 2: 49), need 33, margin 0, degree >= 2 margin 16
k=0 const disc 1 X0 16 s 8 nu 8 | t: [90 14 15 19 | R -47] [92 9 15 15 | R -45] | Lam t over the box: v >= 33 (linear 33, degree >= 2: 49), need 33, margin 0, degree >= 2 margin 16
k=0 const disc 1 X0 120 s 7 nu 7 | t: [96 14 15 19 | R -35] [98 9 15 15 | R -33] | Lam t over the box: v >= 30 (linear 30, degree >= 2: 49), need 30, margin 0, degree >= 2 margin 19
k=0 const disc 1 X0 56 s 7 nu 7 | t: [96 14 15 19 | R -35] [98 9 15 15 | R -33] | Lam t over the box: v >= 30 (linear 30, degree >= 2: 49), need 30, margin 0, degree >= 2 margin 19
k=0 const disc 1 X0 88 s 7 nu 7 | t: [96 14 15 19 | R -35] [98 9 15 15 | R -33] | Lam t over the box: v >= 30 (linear 30, degree >= 2: 49), need 30, margin 0, degree >= 2 margin 19
k=0 const disc 1 X0 24 s 7 nu 7 | t: [96 14 15 19 | R -35] [98 9 15 15 | R -33] | Lam t over the box: v >= 30 (linear 30, degree >= 2: 49), need 30, margin 0, degree >= 2 margin 19
k=0 const disc 1 X0 104 s 7 nu 7 | t: [101 14 15 19 | R -31] [105 9 15 15 | R -27] | Lam t over the box: v >= 30 (linear 30, degree >= 2: 53), need 30, margin 0, degree >= 2 margin 23
k=0 const disc 1 X0 40 s 7 nu 7 | t: [101 14 15 19 | R -31] [105 9 15 15 | R -27] | Lam t over the box: v >= 30 (linear 30, degree >= 2: 53), need 30, margin 0, degree >= 2 margin 23
k=0 const disc 1 X0 72 s 7 nu 7 | t: [101 14 15 19 | R -31] [105 9 15 15 | R -27] | Lam t over the box: v >= 30 (linear 30, degree >= 2: 53), need 30, margin 0, degree >= 2 margin 23
k=0 const disc 1 X0 8 s 7 nu 7 | t: [101 14 15 19 | R -31] [105 9 15 15 | R -27] | Lam t over the box: v >= 30 (linear 30, degree >= 2: 53), need 30, margin 0, degree >= 2 margin 23
k=0 const disc 1 X0 60 s 6 nu 6 | t: [107 14 15 19 | R -19] [111 9 15 15 | R -15] | Lam t over the box: v >= 27 (linear 27, degree >= 2: 51), need 27, margin 0, degree >= 2 margin 24
k=0 const disc 1 X0 28 s 6 nu 6 | t: [107 14 15 19 | R -19] [111 9 15 15 | R -15] | Lam t over the box: v >= 27 (linear 27, degree >= 2: 51), need 27, margin 0, degree >= 2 margin 24
k=0 const disc 1 X0 44 s 6 nu 6 | t: [107 14 15 19 | R -19] [111 9 15 15 | R -15] | Lam t over the box: v >= 27 (linear 27, degree >= 2: 51), need 27, margin 0, degree >= 2 margin 24
k=0 const disc 1 X0 12 s 6 nu 6 | t: [107 14 15 19 | R -19] [111 9 15 15 | R -15] | Lam t over the box: v >= 27 (linear 27, degree >= 2: 51), need 27, margin 0, degree >= 2 margin 24
k=0 const disc 1 X0 52 s 6 nu 6 | t: [102 14 15 19 | R -23] [104 9 15 15 | R -21] | Lam t over the box: v >= 27 (linear 27, degree >= 2: 49), need 27, margin 0, degree >= 2 margin 22
k=0 const disc 1 X0 20 s 6 nu 6 | t: [102 14 15 19 | R -23] [104 9 15 15 | R -21] | Lam t over the box: v >= 27 (linear 27, degree >= 2: 49), need 27, margin 0, degree >= 2 margin 22
k=0 const disc 1 X0 36 s 6 nu 6 | t: [102 14 15 19 | R -23] [104 9 15 15 | R -21] | Lam t over the box: v >= 27 (linear 27, degree >= 2: 49), need 27, margin 0, degree >= 2 margin 22
k=0 const disc 1 X0 4 s 6 nu 6 | t: [102 14 15 19 | R -23] [104 9 15 15 | R -21] | Lam t over the box: v >= 27 (linear 27, degree >= 2: 49), need 27, margin 0, degree >= 2 margin 22
k=0 tail disc 1 Xi 1 s 6 | t: [111 14 15 19 | R 3] [113 9 15 15 | R 5] | (Lam t - w0 h)/h^2: v >= 15, need vM - 3 s0 = 3, margin 12 | 2 w0 in Q_2^6 mod 2^20: [856240, 722000, 338976, 839808, 23424, 559360] (prec [39, 39, 38, 38, 38, 38]~)
   tail x_2: Lean t.g mod 2^20 = [192336, 326576, 709600, 208768, 1025152, 489216]; 2 w0 = +t.g mod 2^min(20, prec): 0, = -t.g: 1
k=0 tail disc 1 Xi 0 s 6 | t: [117 14 15 19 | R 12] [119 9 15 15 | R 12] | (Lam t - w0 h)/h^2: v >= 15, need vM - 3 s0 = 3, margin 12 | 2 w0 in Q_2^6 mod 2^20: [438000, 866064, 914592, 0, 0, 0] (prec [41, 41, 40, 40, 40, 40]~)
   tail x_0: Lean t.g mod 2^20 = [438000, 866064, 914592, 0, 0, 0]; 2 w0 = +t.g mod 2^min(20, prec): 1, = -t.g: 0
k = 0: 82 constant boxes, 82 Taylor model runs; min margin of Lam t over the need 0; min remainder margin 6; min certified depth of t 15 (57797 ms)
k=1 const disc 3 X0 28 s 5 nu 4 | t: [127 7 4 4 | R -2] [123 3 0 0 | R -6] | Lam t over the box: v >= 21 (linear 21, degree >= 2: 33), need 21, margin 0, degree >= 2 margin 12
k=1 const disc 3 X0 12 s 5 nu 4 | t: [127 7 4 4 | R -2] [123 3 0 0 | R -6] | Lam t over the box: v >= 21 (linear 21, degree >= 2: 33), need 21, margin 0, degree >= 2 margin 12
k=1 const disc 3 X0 20 s 5 nu 4 | t: [127 7 4 4 | R -2] [123 3 0 0 | R -6] | Lam t over the box: v >= 21 (linear 21, degree >= 2: 33), need 21, margin 0, degree >= 2 margin 12
k=1 const disc 3 X0 4 s 5 nu 4 | t: [127 7 4 4 | R -2] [123 3 0 0 | R -6] | Lam t over the box: v >= 21 (linear 21, degree >= 2: 33), need 21, margin 0, degree >= 2 margin 12
k=1 const disc 3 X0 224 s 8 nu 7 | t: [127 7 4 4 | R -2] [123 3 0 0 | R -6] | Lam t over the box: v >= 30 (linear 30, degree >= 2: 51), need 30, margin 0, degree >= 2 margin 21
k=1 const disc 3 X0 96 s 8 nu 7 | t: [127 7 4 4 | R -2] [123 3 0 0 | R -6] | Lam t over the box: v >= 30 (linear 30, degree >= 2: 51), need 30, margin 0, degree >= 2 margin 21
k=1 const disc 3 X0 160 s 8 nu 7 | t: [127 7 4 4 | R -2] [123 3 0 0 | R -6] | Lam t over the box: v >= 30 (linear 30, degree >= 2: 51), need 30, margin 0, degree >= 2 margin 21
k=1 const disc 3 X0 32 s 8 nu 7 | t: [127 7 4 4 | R -2] [123 3 0 0 | R -6] | Lam t over the box: v >= 30 (linear 30, degree >= 2: 51), need 30, margin 0, degree >= 2 margin 21
k=1 const disc 3 X0 112 s 7 nu 6 | t: [127 7 4 4 | R -2] [123 3 0 0 | R -6] | Lam t over the box: v >= 27 (linear 27, degree >= 2: 45), need 27, margin 0, degree >= 2 margin 18
k=1 const disc 3 X0 48 s 7 nu 6 | t: [127 7 4 4 | R -2] [123 3 0 0 | R -6] | Lam t over the box: v >= 27 (linear 27, degree >= 2: 45), need 27, margin 0, degree >= 2 margin 18
k=1 const disc 3 X0 80 s 7 nu 6 | t: [127 7 4 4 | R -2] [123 3 0 0 | R -6] | Lam t over the box: v >= 27 (linear 27, degree >= 2: 45), need 27, margin 0, degree >= 2 margin 18
k=1 const disc 3 X0 16 s 7 nu 6 | t: [127 7 4 4 | R -2] [123 3 0 0 | R -6] | Lam t over the box: v >= 27 (linear 27, degree >= 2: 45), need 27, margin 0, degree >= 2 margin 18
k=1 const disc 3 X0 56 s 6 nu 5 | t: [127 7 4 4 | R -2] [123 3 0 0 | R -6] | Lam t over the box: v >= 24 (linear 24, degree >= 2: 39), need 24, margin 0, degree >= 2 margin 15
k=1 const disc 3 X0 24 s 6 nu 5 | t: [127 7 4 4 | R -2] [123 3 0 0 | R -6] | Lam t over the box: v >= 24 (linear 24, degree >= 2: 39), need 24, margin 0, degree >= 2 margin 15
k=1 const disc 3 X0 40 s 6 nu 5 | t: [127 7 4 4 | R -2] [123 3 0 0 | R -6] | Lam t over the box: v >= 24 (linear 24, degree >= 2: 39), need 24, margin 0, degree >= 2 margin 15
k=1 const disc 3 X0 8 s 6 nu 5 | t: [127 7 4 4 | R -2] [123 3 0 0 | R -6] | Lam t over the box: v >= 24 (linear 24, degree >= 2: 39), need 24, margin 0, degree >= 2 margin 15
k=1 const disc 2 X0 23 s 5 nu 4 | t: [116 6 6 11 | R 3] [116 3 3 9 | R 0] | Lam t over the box: v >= 21 (linear 21, degree >= 2: 36), need 21, margin 0, degree >= 2 margin 15
k=1 const disc 2 X0 7 s 5 nu 4 | t: [116 6 6 11 | R 3] [116 3 3 9 | R 0] | Lam t over the box: v >= 21 (linear 21, degree >= 2: 36), need 21, margin 0, degree >= 2 margin 15
k=1 const disc 2 X0 11 s 4 nu 3 | t: [116 6 6 11 | R 3] [116 3 3 9 | R 0] | Lam t over the box: v >= 18 (linear 18, degree >= 2: 30), need 18, margin 0, degree >= 2 margin 12
k=1 const disc 2 X0 3 s 4 nu 3 | t: [116 6 6 11 | R 3] [116 3 3 9 | R 0] | Lam t over the box: v >= 18 (linear 18, degree >= 2: 30), need 18, margin 0, degree >= 2 margin 12
k=1 const disc 2 X0 5 s 3 nu 2 | t: [116 6 6 11 | R 3] [116 3 3 13 | R 0] | Lam t over the box: v >= 15 (linear 15, degree >= 2: 24), need 15, margin 0, degree >= 2 margin 9
k=1 const disc 2 X0 1 s 3 nu 2 | t: [116 6 6 11 | R 3] [116 3 3 12 | R 0] | Lam t over the box: v >= 15 (linear 15, degree >= 2: 24), need 15, margin 0, degree >= 2 margin 9
k=1 tail disc 3 Xi 0 s 6 | t: [127 7 4 4 | R -2] [123 3 0 0 | R -6] | (Lam t - w0 h)/h^2: v >= 3, need vM - 3 s0 = -3, margin 6 | 2 w0 in Q_2^6 mod 2^20: [0, 0, 0, 860824, 447832, 471064] (prec [44, 44, 44, 43, 43, 43]~)
   tail x_1: Lean t.g mod 2^20 = [0, 0, 0, 860824, 447832, 471064]; 2 w0 = +t.g mod 2^min(20, prec): 1, = -t.g: 0
k=1 tail disc 2 Xi -1 s 4 | t: [116 6 6 11 | R 3] [116 3 3 9 | R 0] | (Lam t - w0 h)/h^2: v >= 6, need vM - 3 s0 = 0, margin 6 | 2 w0 in Q_2^6 mod 2^20: [806224, 93888, 1047904, 388376, 922552, 494024] (prec [41, 41, 41, 41, 41, 41]~)
   tail x_3: Lean t.g mod 2^20 = [806224, 93888, 1047904, 388376, 922552, 494024]; 2 w0 = +t.g mod 2^min(20, prec): 1, = -t.g: 0
k = 1: 22 constant boxes, 22 Taylor model runs; min margin of Lam t over the need 0; min remainder margin 9; min certified depth of t 12 (16686 ms)
==== M4B_MW=150 M4B_N=2
  ***   Warning: new maximum stack size = 2000003072 (1907.352 Mbytes).
  ***   syntax error, unexpected ')', expecting )-> or ',':
  ***   ...(PB_CNT[1]++;pb_mul0(x,y));pb_inv=(x)->(PB_CNT
  ***                               ^---------------------
... skipping file '../lean-m4box/m4b_2_tm.gp'
k=0 const disc 5 X0 3 s 2 nu 2 | t: [126 12 12 | R 9] [123 9 9 | R 6] | Lam t over the box: v >= 15 (linear 15, degree >= 2: 21), need 15, margin 0, degree >= 2 margin 6
k=0 const disc 5 X0 1 s 2 nu 2 | t: [126 12 12 | R 9] [123 9 9 | R 6] | Lam t over the box: v >= 15 (linear 15, degree >= 2: 21), need 15, margin 0, degree >= 2 margin 6
k=0 const disc 1 X0 31 s 5 nu 5 | t: [114 14 15 | R 0] [117 9 15 | R 3] | Lam t over the box: v >= 24 (linear 24, degree >= 2: 45), need 24, margin 0, degree >= 2 margin 21
k=0 const disc 1 X0 15 s 5 nu 5 | t: [114 14 15 | R 0] [117 9 15 | R 3] | Lam t over the box: v >= 24 (linear 24, degree >= 2: 45), need 24, margin 0, degree >= 2 margin 21
k=0 const disc 1 X0 23 s 5 nu 5 | t: [114 14 15 | R 0] [117 9 15 | R 3] | Lam t over the box: v >= 24 (linear 24, degree >= 2: 45), need 24, margin 0, degree >= 2 margin 21
k=0 const disc 1 X0 7 s 5 nu 5 | t: [114 14 15 | R 0] [117 9 15 | R 3] | Lam t over the box: v >= 24 (linear 24, degree >= 2: 45), need 24, margin 0, degree >= 2 margin 21
k=0 const disc 1 X0 27 s 5 nu 5 | t: [114 14 15 | R 0] [117 9 15 | R 3] | Lam t over the box: v >= 24 (linear 24, degree >= 2: 45), need 24, margin 0, degree >= 2 margin 21
k=0 const disc 1 X0 11 s 5 nu 5 | t: [114 14 15 | R 0] [117 9 15 | R 3] | Lam t over the box: v >= 24 (linear 24, degree >= 2: 45), need 24, margin 0, degree >= 2 margin 21
k=0 const disc 1 X0 19 s 5 nu 5 | t: [114 14 15 | R 0] [117 9 15 | R 3] | Lam t over the box: v >= 24 (linear 24, degree >= 2: 45), need 24, margin 0, degree >= 2 margin 21
k=0 const disc 1 X0 3 s 5 nu 5 | t: [114 14 15 | R 0] [117 9 15 | R 3] | Lam t over the box: v >= 24 (linear 24, degree >= 2: 45), need 24, margin 0, degree >= 2 margin 21
k=0 const disc 1 X0 481 s 9 nu 9 | t: [111 14 15 | R 9] [113 9 15 | R 11] | Lam t over the box: v >= 36 (linear 36, degree >= 2: 69), need 36, margin 0, degree >= 2 margin 33
k=0 const disc 1 X0 225 s 9 nu 9 | t: [111 14 15 | R 9] [113 9 15 | R 11] | Lam t over the box: v >= 36 (linear 36, degree >= 2: 69), need 36, margin 0, degree >= 2 margin 33
k=0 const disc 1 X0 353 s 9 nu 9 | t: [111 14 15 | R 9] [113 9 15 | R 11] | Lam t over the box: v >= 36 (linear 36, degree >= 2: 69), need 36, margin 0, degree >= 2 margin 33
k=0 const disc 1 X0 97 s 9 nu 9 | t: [111 14 15 | R 9] [113 9 15 | R 11] | Lam t over the box: v >= 36 (linear 36, degree >= 2: 69), need 36, margin 0, degree >= 2 margin 33
k=0 const disc 1 X0 417 s 9 nu 9 | t: [111 14 15 | R 9] [113 9 15 | R 11] | Lam t over the box: v >= 36 (linear 36, degree >= 2: 69), need 36, margin 0, degree >= 2 margin 33
k=0 const disc 1 X0 161 s 9 nu 9 | t: [111 14 15 | R 9] [113 9 15 | R 11] | Lam t over the box: v >= 36 (linear 36, degree >= 2: 69), need 36, margin 0, degree >= 2 margin 33
k=0 const disc 1 X0 289 s 9 nu 9 | t: [111 14 15 | R 9] [113 9 15 | R 11] | Lam t over the box: v >= 36 (linear 36, degree >= 2: 69), need 36, margin 0, degree >= 2 margin 33
k=0 const disc 1 X0 33 s 9 nu 9 | t: [111 14 15 | R 9] [113 9 15 | R 11] | Lam t over the box: v >= 36 (linear 36, degree >= 2: 69), need 36, margin 0, degree >= 2 margin 33
k=0 const disc 1 X0 241 s 8 nu 8 | t: [111 14 15 | R 6] [113 9 15 | R 8] | Lam t over the box: v >= 33 (linear 33, degree >= 2: 63), need 33, margin 0, degree >= 2 margin 30
k=0 const disc 1 X0 113 s 8 nu 8 | t: [111 14 15 | R 6] [113 9 15 | R 8] | Lam t over the box: v >= 33 (linear 33, degree >= 2: 63), need 33, margin 0, degree >= 2 margin 30
k=0 const disc 1 X0 177 s 8 nu 8 | t: [111 14 15 | R 6] [113 9 15 | R 8] | Lam t over the box: v >= 33 (linear 33, degree >= 2: 63), need 33, margin 0, degree >= 2 margin 30
k=0 const disc 1 X0 49 s 8 nu 8 | t: [111 14 15 | R 6] [113 9 15 | R 8] | Lam t over the box: v >= 33 (linear 33, degree >= 2: 63), need 33, margin 0, degree >= 2 margin 30
k=0 const disc 1 X0 209 s 8 nu 8 | t: [111 14 15 | R 6] [113 9 15 | R 8] | Lam t over the box: v >= 33 (linear 33, degree >= 2: 63), need 33, margin 0, degree >= 2 margin 30
k=0 const disc 1 X0 81 s 8 nu 8 | t: [111 14 15 | R 6] [113 9 15 | R 8] | Lam t over the box: v >= 33 (linear 33, degree >= 2: 63), need 33, margin 0, degree >= 2 margin 30
k=0 const disc 1 X0 145 s 8 nu 8 | t: [111 14 15 | R 6] [113 9 15 | R 8] | Lam t over the box: v >= 33 (linear 33, degree >= 2: 63), need 33, margin 0, degree >= 2 margin 30
k=0 const disc 1 X0 17 s 8 nu 8 | t: [111 14 15 | R 6] [113 9 15 | R 8] | Lam t over the box: v >= 33 (linear 33, degree >= 2: 63), need 33, margin 0, degree >= 2 margin 30
k=0 const disc 1 X0 121 s 7 nu 7 | t: [111 14 15 | R 3] [113 9 15 | R 5] | Lam t over the box: v >= 30 (linear 30, degree >= 2: 57), need 30, margin 0, degree >= 2 margin 27
k=0 const disc 1 X0 57 s 7 nu 7 | t: [111 14 15 | R 3] [113 9 15 | R 5] | Lam t over the box: v >= 30 (linear 30, degree >= 2: 57), need 30, margin 0, degree >= 2 margin 27
k=0 const disc 1 X0 89 s 7 nu 7 | t: [111 14 15 | R 3] [113 9 15 | R 5] | Lam t over the box: v >= 30 (linear 30, degree >= 2: 57), need 30, margin 0, degree >= 2 margin 27
k=0 const disc 1 X0 25 s 7 nu 7 | t: [111 14 15 | R 3] [113 9 15 | R 5] | Lam t over the box: v >= 30 (linear 30, degree >= 2: 57), need 30, margin 0, degree >= 2 margin 27
k=0 const disc 1 X0 105 s 7 nu 7 | t: [111 14 15 | R 3] [113 9 15 | R 5] | Lam t over the box: v >= 30 (linear 30, degree >= 2: 57), need 30, margin 0, degree >= 2 margin 27
k=0 const disc 1 X0 41 s 7 nu 7 | t: [111 14 15 | R 3] [113 9 15 | R 5] | Lam t over the box: v >= 30 (linear 30, degree >= 2: 57), need 30, margin 0, degree >= 2 margin 27
k=0 const disc 1 X0 73 s 7 nu 7 | t: [111 14 15 | R 3] [113 9 15 | R 5] | Lam t over the box: v >= 30 (linear 30, degree >= 2: 57), need 30, margin 0, degree >= 2 margin 27
k=0 const disc 1 X0 9 s 7 nu 7 | t: [111 14 15 | R 3] [113 9 15 | R 5] | Lam t over the box: v >= 30 (linear 30, degree >= 2: 57), need 30, margin 0, degree >= 2 margin 27
k=0 const disc 1 X0 61 s 6 nu 6 | t: [111 14 15 | R 0] [113 9 15 | R 2] | Lam t over the box: v >= 27 (linear 27, degree >= 2: 51), need 27, margin 0, degree >= 2 margin 24
k=0 const disc 1 X0 29 s 6 nu 6 | t: [111 14 15 | R 0] [113 9 15 | R 2] | Lam t over the box: v >= 27 (linear 27, degree >= 2: 51), need 27, margin 0, degree >= 2 margin 24
k=0 const disc 1 X0 45 s 6 nu 6 | t: [111 14 15 | R 0] [113 9 15 | R 2] | Lam t over the box: v >= 27 (linear 27, degree >= 2: 51), need 27, margin 0, degree >= 2 margin 24
k=0 const disc 1 X0 13 s 6 nu 6 | t: [111 14 15 | R 0] [113 9 15 | R 2] | Lam t over the box: v >= 27 (linear 27, degree >= 2: 51), need 27, margin 0, degree >= 2 margin 24
k=0 const disc 1 X0 53 s 6 nu 6 | t: [111 14 15 | R 0] [113 9 15 | R 2] | Lam t over the box: v >= 27 (linear 27, degree >= 2: 51), need 27, margin 0, degree >= 2 margin 24
k=0 const disc 1 X0 21 s 6 nu 6 | t: [111 14 15 | R 0] [113 9 15 | R 2] | Lam t over the box: v >= 27 (linear 27, degree >= 2: 51), need 27, margin 0, degree >= 2 margin 24
k=0 const disc 1 X0 37 s 6 nu 6 | t: [111 14 15 | R 0] [113 9 15 | R 2] | Lam t over the box: v >= 27 (linear 27, degree >= 2: 51), need 27, margin 0, degree >= 2 margin 24
k=0 const disc 1 X0 5 s 6 nu 6 | t: [111 14 15 | R 0] [113 9 15 | R 2] | Lam t over the box: v >= 27 (linear 27, degree >= 2: 51), need 27, margin 0, degree >= 2 margin 24
k=0 const disc 1 X0 30 s 5 nu 5 | t: [105 14 15 | R -11] [107 9 15 | R -9] | Lam t over the box: v >= 24 (linear 24, degree >= 2: 34), need 24, margin 0, degree >= 2 margin 10
k=0 const disc 1 X0 14 s 5 nu 5 | t: [105 14 15 | R -11] [107 9 15 | R -9] | Lam t over the box: v >= 24 (linear 24, degree >= 2: 34), need 24, margin 0, degree >= 2 margin 10
k=0 const disc 1 X0 22 s 5 nu 5 | t: [105 14 15 | R -11] [107 9 15 | R -9] | Lam t over the box: v >= 24 (linear 24, degree >= 2: 34), need 24, margin 0, degree >= 2 margin 10
k=0 const disc 1 X0 6 s 5 nu 5 | t: [105 14 15 | R -11] [107 9 15 | R -9] | Lam t over the box: v >= 24 (linear 24, degree >= 2: 34), need 24, margin 0, degree >= 2 margin 10
k=0 const disc 1 X0 26 s 5 nu 5 | t: [110 14 15 | R -7] [114 9 15 | R -3] | Lam t over the box: v >= 24 (linear 24, degree >= 2: 38), need 24, margin 0, degree >= 2 margin 14
k=0 const disc 1 X0 10 s 5 nu 5 | t: [110 14 15 | R -7] [114 9 15 | R -3] | Lam t over the box: v >= 24 (linear 24, degree >= 2: 38), need 24, margin 0, degree >= 2 margin 14
k=0 const disc 1 X0 18 s 5 nu 5 | t: [110 14 15 | R -7] [114 9 15 | R -3] | Lam t over the box: v >= 24 (linear 24, degree >= 2: 38), need 24, margin 0, degree >= 2 margin 14
k=0 const disc 1 X0 2 s 5 nu 5 | t: [110 14 15 | R -7] [114 9 15 | R -3] | Lam t over the box: v >= 24 (linear 24, degree >= 2: 38), need 24, margin 0, degree >= 2 margin 14
k=0 const disc 1 X0 480 s 9 nu 9 | t: [84 14 15 | R -44] [86 9 15 | R -42] | Lam t over the box: v >= 36 (linear 36, degree >= 2: 37), need 36, margin 0, degree >= 2 margin 1
k=0 const disc 1 X0 224 s 9 nu 9 | t: [84 14 15 | R -44] [86 9 15 | R -42] | Lam t over the box: v >= 36 (linear 36, degree >= 2: 37), need 36, margin 0, degree >= 2 margin 1
k=0 const disc 1 X0 352 s 9 nu 9 | t: [84 14 15 | R -44] [86 9 15 | R -42] | Lam t over the box: v >= 36 (linear 36, degree >= 2: 37), need 36, margin 0, degree >= 2 margin 1
k=0 const disc 1 X0 96 s 9 nu 9 | t: [84 14 15 | R -44] [86 9 15 | R -42] | Lam t over the box: v >= 36 (linear 36, degree >= 2: 37), need 36, margin 0, degree >= 2 margin 1
k=0 const disc 1 X0 416 s 9 nu 9 | t: [89 14 15 | R -40] [93 9 15 | R -36] | Lam t over the box: v >= 36 (linear 36, degree >= 2: 41), need 36, margin 0, degree >= 2 margin 5
k=0 const disc 1 X0 160 s 9 nu 9 | t: [89 14 15 | R -40] [93 9 15 | R -36] | Lam t over the box: v >= 36 (linear 36, degree >= 2: 41), need 36, margin 0, degree >= 2 margin 5
k=0 const disc 1 X0 288 s 9 nu 9 | t: [89 14 15 | R -40] [93 9 15 | R -36] | Lam t over the box: v >= 36 (linear 36, degree >= 2: 41), need 36, margin 0, degree >= 2 margin 5
k=0 const disc 1 X0 32 s 9 nu 9 | t: [89 14 15 | R -40] [93 9 15 | R -36] | Lam t over the box: v >= 36 (linear 36, degree >= 2: 41), need 36, margin 0, degree >= 2 margin 5
k=0 const disc 1 X0 240 s 8 nu 8 | t: [95 14 15 | R -31] [99 9 15 | R -27] | Lam t over the box: v >= 33 (linear 33, degree >= 2: 41), need 33, margin 0, degree >= 2 margin 8
k=0 const disc 1 X0 112 s 8 nu 8 | t: [95 14 15 | R -31] [99 9 15 | R -27] | Lam t over the box: v >= 33 (linear 33, degree >= 2: 41), need 33, margin 0, degree >= 2 margin 8
k=0 const disc 1 X0 176 s 8 nu 8 | t: [95 14 15 | R -31] [99 9 15 | R -27] | Lam t over the box: v >= 33 (linear 33, degree >= 2: 41), need 33, margin 0, degree >= 2 margin 8
k=0 const disc 1 X0 48 s 8 nu 8 | t: [95 14 15 | R -31] [99 9 15 | R -27] | Lam t over the box: v >= 33 (linear 33, degree >= 2: 41), need 33, margin 0, degree >= 2 margin 8
k=0 const disc 1 X0 208 s 8 nu 8 | t: [90 14 15 | R -35] [92 9 15 | R -33] | Lam t over the box: v >= 33 (linear 33, degree >= 2: 37), need 33, margin 0, degree >= 2 margin 4
k=0 const disc 1 X0 80 s 8 nu 8 | t: [90 14 15 | R -35] [92 9 15 | R -33] | Lam t over the box: v >= 33 (linear 33, degree >= 2: 37), need 33, margin 0, degree >= 2 margin 4
k=0 const disc 1 X0 144 s 8 nu 8 | t: [90 14 15 | R -35] [92 9 15 | R -33] | Lam t over the box: v >= 33 (linear 33, degree >= 2: 37), need 33, margin 0, degree >= 2 margin 4
k=0 const disc 1 X0 16 s 8 nu 8 | t: [90 14 15 | R -35] [92 9 15 | R -33] | Lam t over the box: v >= 33 (linear 33, degree >= 2: 37), need 33, margin 0, degree >= 2 margin 4
k=0 const disc 1 X0 120 s 7 nu 7 | t: [96 14 15 | R -26] [98 9 15 | R -24] | Lam t over the box: v >= 30 (linear 30, degree >= 2: 37), need 30, margin 0, degree >= 2 margin 7
k=0 const disc 1 X0 56 s 7 nu 7 | t: [96 14 15 | R -26] [98 9 15 | R -24] | Lam t over the box: v >= 30 (linear 30, degree >= 2: 37), need 30, margin 0, degree >= 2 margin 7
k=0 const disc 1 X0 88 s 7 nu 7 | t: [96 14 15 | R -26] [98 9 15 | R -24] | Lam t over the box: v >= 30 (linear 30, degree >= 2: 37), need 30, margin 0, degree >= 2 margin 7
k=0 const disc 1 X0 24 s 7 nu 7 | t: [96 14 15 | R -26] [98 9 15 | R -24] | Lam t over the box: v >= 30 (linear 30, degree >= 2: 37), need 30, margin 0, degree >= 2 margin 7
k=0 const disc 1 X0 104 s 7 nu 7 | t: [101 14 15 | R -22] [105 9 15 | R -18] | Lam t over the box: v >= 30 (linear 30, degree >= 2: 41), need 30, margin 0, degree >= 2 margin 11
k=0 const disc 1 X0 40 s 7 nu 7 | t: [101 14 15 | R -22] [105 9 15 | R -18] | Lam t over the box: v >= 30 (linear 30, degree >= 2: 41), need 30, margin 0, degree >= 2 margin 11
k=0 const disc 1 X0 72 s 7 nu 7 | t: [101 14 15 | R -22] [105 9 15 | R -18] | Lam t over the box: v >= 30 (linear 30, degree >= 2: 41), need 30, margin 0, degree >= 2 margin 11
k=0 const disc 1 X0 8 s 7 nu 7 | t: [101 14 15 | R -22] [105 9 15 | R -18] | Lam t over the box: v >= 30 (linear 30, degree >= 2: 41), need 30, margin 0, degree >= 2 margin 11
k=0 const disc 1 X0 60 s 6 nu 6 | t: [107 14 15 | R -13] [111 9 15 | R -9] | Lam t over the box: v >= 27 (linear 27, degree >= 2: 41), need 27, margin 0, degree >= 2 margin 14
k=0 const disc 1 X0 28 s 6 nu 6 | t: [107 14 15 | R -13] [111 9 15 | R -9] | Lam t over the box: v >= 27 (linear 27, degree >= 2: 41), need 27, margin 0, degree >= 2 margin 14
k=0 const disc 1 X0 44 s 6 nu 6 | t: [107 14 15 | R -13] [111 9 15 | R -9] | Lam t over the box: v >= 27 (linear 27, degree >= 2: 41), need 27, margin 0, degree >= 2 margin 14
k=0 const disc 1 X0 12 s 6 nu 6 | t: [107 14 15 | R -13] [111 9 15 | R -9] | Lam t over the box: v >= 27 (linear 27, degree >= 2: 41), need 27, margin 0, degree >= 2 margin 14
k=0 const disc 1 X0 52 s 6 nu 6 | t: [102 14 15 | R -17] [104 9 15 | R -15] | Lam t over the box: v >= 27 (linear 27, degree >= 2: 37), need 27, margin 0, degree >= 2 margin 10
k=0 const disc 1 X0 20 s 6 nu 6 | t: [102 14 15 | R -17] [104 9 15 | R -15] | Lam t over the box: v >= 27 (linear 27, degree >= 2: 37), need 27, margin 0, degree >= 2 margin 10
k=0 const disc 1 X0 36 s 6 nu 6 | t: [102 14 15 | R -17] [104 9 15 | R -15] | Lam t over the box: v >= 27 (linear 27, degree >= 2: 37), need 27, margin 0, degree >= 2 margin 10
k=0 const disc 1 X0 4 s 6 nu 6 | t: [102 14 15 | R -17] [104 9 15 | R -15] | Lam t over the box: v >= 27 (linear 27, degree >= 2: 37), need 27, margin 0, degree >= 2 margin 10
k=0 tail disc 1 Xi 1 s 6 | t: [111 14 15 | R 0] [113 9 15 | R 2] | (Lam t - w0 h)/h^2: v >= 15, need vM - 3 s0 = 3, margin 12 | 2 w0 in Q_2^6 mod 2^20: [856240, 722000, 338976, 839808, 23424, 559360] (prec [39, 39, 38, 38, 38, 38]~)
   tail x_2: Lean t.g mod 2^20 = [192336, 326576, 709600, 208768, 1025152, 489216]; 2 w0 = +t.g mod 2^min(20, prec): 0, = -t.g: 1
k=0 tail disc 1 Xi 0 s 6 | t: [117 14 15 | R 13] [119 9 15 | R 15] | (Lam t - w0 h)/h^2: v >= 15, need vM - 3 s0 = 3, margin 12 | 2 w0 in Q_2^6 mod 2^20: [438000, 866064, 914592, 0, 0, 0] (prec [41, 41, 40, 40, 40, 40]~)
   tail x_0: Lean t.g mod 2^20 = [438000, 866064, 914592, 0, 0, 0]; 2 w0 = +t.g mod 2^min(20, prec): 1, = -t.g: 0
k = 0: 82 constant boxes, 82 Taylor model runs; min margin of Lam t over the need 0; min remainder margin 1; min certified depth of t 15 (38722 ms)
k=1 const disc 3 X0 28 s 5 nu 4 | t: [127 7 4 | R 4] [123 3 0 | R 0] | Lam t over the box: v >= 21 (linear 21, degree >= 2: 33), need 21, margin 0, degree >= 2 margin 12
k=1 const disc 3 X0 12 s 5 nu 4 | t: [127 7 4 | R 4] [123 3 0 | R 0] | Lam t over the box: v >= 21 (linear 21, degree >= 2: 33), need 21, margin 0, degree >= 2 margin 12
k=1 const disc 3 X0 20 s 5 nu 4 | t: [127 7 4 | R 4] [123 3 0 | R 0] | Lam t over the box: v >= 21 (linear 21, degree >= 2: 33), need 21, margin 0, degree >= 2 margin 12
k=1 const disc 3 X0 4 s 5 nu 4 | t: [127 7 4 | R 4] [123 3 0 | R 0] | Lam t over the box: v >= 21 (linear 21, degree >= 2: 33), need 21, margin 0, degree >= 2 margin 12
k=1 const disc 3 X0 224 s 8 nu 7 | t: [127 7 4 | R 4] [123 3 0 | R 0] | Lam t over the box: v >= 30 (linear 30, degree >= 2: 51), need 30, margin 0, degree >= 2 margin 21
k=1 const disc 3 X0 96 s 8 nu 7 | t: [127 7 4 | R 4] [123 3 0 | R 0] | Lam t over the box: v >= 30 (linear 30, degree >= 2: 51), need 30, margin 0, degree >= 2 margin 21
k=1 const disc 3 X0 160 s 8 nu 7 | t: [127 7 4 | R 4] [123 3 0 | R 0] | Lam t over the box: v >= 30 (linear 30, degree >= 2: 51), need 30, margin 0, degree >= 2 margin 21
k=1 const disc 3 X0 32 s 8 nu 7 | t: [127 7 4 | R 4] [123 3 0 | R 0] | Lam t over the box: v >= 30 (linear 30, degree >= 2: 51), need 30, margin 0, degree >= 2 margin 21
k=1 const disc 3 X0 112 s 7 nu 6 | t: [127 7 4 | R 4] [123 3 0 | R 0] | Lam t over the box: v >= 27 (linear 27, degree >= 2: 45), need 27, margin 0, degree >= 2 margin 18
k=1 const disc 3 X0 48 s 7 nu 6 | t: [127 7 4 | R 4] [123 3 0 | R 0] | Lam t over the box: v >= 27 (linear 27, degree >= 2: 45), need 27, margin 0, degree >= 2 margin 18
k=1 const disc 3 X0 80 s 7 nu 6 | t: [127 7 4 | R 4] [123 3 0 | R 0] | Lam t over the box: v >= 27 (linear 27, degree >= 2: 45), need 27, margin 0, degree >= 2 margin 18
k=1 const disc 3 X0 16 s 7 nu 6 | t: [127 7 4 | R 4] [123 3 0 | R 0] | Lam t over the box: v >= 27 (linear 27, degree >= 2: 45), need 27, margin 0, degree >= 2 margin 18
k=1 const disc 3 X0 56 s 6 nu 5 | t: [127 7 4 | R 4] [123 3 0 | R 0] | Lam t over the box: v >= 24 (linear 24, degree >= 2: 39), need 24, margin 0, degree >= 2 margin 15
k=1 const disc 3 X0 24 s 6 nu 5 | t: [127 7 4 | R 4] [123 3 0 | R 0] | Lam t over the box: v >= 24 (linear 24, degree >= 2: 39), need 24, margin 0, degree >= 2 margin 15
k=1 const disc 3 X0 40 s 6 nu 5 | t: [127 7 4 | R 4] [123 3 0 | R 0] | Lam t over the box: v >= 24 (linear 24, degree >= 2: 39), need 24, margin 0, degree >= 2 margin 15
k=1 const disc 3 X0 8 s 6 nu 5 | t: [127 7 4 | R 4] [123 3 0 | R 0] | Lam t over the box: v >= 24 (linear 24, degree >= 2: 39), need 24, margin 0, degree >= 2 margin 15
k=1 const disc 2 X0 23 s 5 nu 4 | t: [116 6 6 | R 8] [116 3 3 | R 7] | Lam t over the box: v >= 21 (linear 21, degree >= 2: 36), need 21, margin 0, degree >= 2 margin 15
k=1 const disc 2 X0 7 s 5 nu 4 | t: [116 6 6 | R 8] [116 3 3 | R 7] | Lam t over the box: v >= 21 (linear 21, degree >= 2: 36), need 21, margin 0, degree >= 2 margin 15
k=1 const disc 2 X0 11 s 4 nu 3 | t: [116 6 6 | R 5] [116 3 3 | R 4] | Lam t over the box: v >= 18 (linear 18, degree >= 2: 30), need 18, margin 0, degree >= 2 margin 12
k=1 const disc 2 X0 3 s 4 nu 3 | t: [116 6 6 | R 5] [116 3 3 | R 4] | Lam t over the box: v >= 18 (linear 18, degree >= 2: 30), need 18, margin 0, degree >= 2 margin 12
k=1 const disc 2 X0 5 s 3 nu 2 | t: [116 6 6 | R 2] [116 3 3 | R 1] | Lam t over the box: v >= 15 (linear 15, degree >= 2: 24), need 15, margin 0, degree >= 2 margin 9
k=1 const disc 2 X0 1 s 3 nu 2 | t: [116 6 6 | R 2] [116 3 3 | R 1] | Lam t over the box: v >= 15 (linear 15, degree >= 2: 24), need 15, margin 0, degree >= 2 margin 9
k=1 tail disc 3 Xi 0 s 6 | t: [127 7 4 | R 4] [123 3 0 | R 0] | (Lam t - w0 h)/h^2: v >= 3, need vM - 3 s0 = -3, margin 6 | 2 w0 in Q_2^6 mod 2^20: [0, 0, 0, 860824, 447832, 471064] (prec [44, 44, 44, 43, 43, 43]~)
   tail x_1: Lean t.g mod 2^20 = [0, 0, 0, 860824, 447832, 471064]; 2 w0 = +t.g mod 2^min(20, prec): 1, = -t.g: 0
k=1 tail disc 2 Xi -1 s 4 | t: [116 6 6 | R 5] [116 3 3 | R 4] | (Lam t - w0 h)/h^2: v >= 6, need vM - 3 s0 = 0, margin 6 | 2 w0 in Q_2^6 mod 2^20: [806224, 93888, 1047904, 388376, 922552, 494024] (prec [41, 41, 41, 41, 41, 41]~)
   tail x_3: Lean t.g mod 2^20 = [806224, 93888, 1047904, 388376, 922552, 494024]; 2 w0 = +t.g mod 2^min(20, prec): 1, = -t.g: 0
k = 1: 22 constant boxes, 22 Taylor model runs; min margin of Lam t over the need 0; min remainder margin 9; min certified depth of t 12 (10890 ms)
==== M4B_MW=100 M4B_N=4
  ***   Warning: new maximum stack size = 2000003072 (1907.352 Mbytes).
  ***   syntax error, unexpected ')', expecting )-> or ',':
  ***   ...(PB_CNT[1]++;pb_mul0(x,y));pb_inv=(x)->(PB_CNT
  ***                               ^---------------------
... skipping file '../lean-m4box/m4b_2_tm.gp'
k=0 const disc 5 X0 3 s 2 nu 2 | t: [76 12 12 15 12 | R 9] [73 9 9 12 9 | R 6] | Lam t over the box: v >= 15 (linear 15, degree >= 2: 21), need 15, margin 0, degree >= 2 margin 6
k=0 const disc 5 X0 1 s 2 nu 2 | t: [76 12 12 15 12 | R 9] [73 9 9 12 9 | R 6] | Lam t over the box: v >= 15 (linear 15, degree >= 2: 21), need 15, margin 0, degree >= 2 margin 6
k=0 const disc 1 X0 31 s 5 nu 5 | t: [64 14 15 19 20 | R 6] [67 9 15 15 12 | R 9] | Lam t over the box: v >= 24 (linear 24, degree >= 2: 45), need 24, margin 0, degree >= 2 margin 21
k=0 const disc 1 X0 15 s 5 nu 5 | t: [64 14 15 19 20 | R 6] [67 9 15 15 12 | R 9] | Lam t over the box: v >= 24 (linear 24, degree >= 2: 45), need 24, margin 0, degree >= 2 margin 21
k=0 const disc 1 X0 23 s 5 nu 5 | t: [64 14 15 19 20 | R 6] [67 9 15 15 12 | R 9] | Lam t over the box: v >= 24 (linear 24, degree >= 2: 45), need 24, margin 0, degree >= 2 margin 21
k=0 const disc 1 X0 7 s 5 nu 5 | t: [64 14 15 19 20 | R 6] [67 9 15 15 12 | R 9] | Lam t over the box: v >= 24 (linear 24, degree >= 2: 45), need 24, margin 0, degree >= 2 margin 21
k=0 const disc 1 X0 27 s 5 nu 5 | t: [64 14 15 19 20 | R 6] [67 9 15 15 12 | R 9] | Lam t over the box: v >= 24 (linear 24, degree >= 2: 45), need 24, margin 0, degree >= 2 margin 21
k=0 const disc 1 X0 11 s 5 nu 5 | t: [64 14 15 19 20 | R 6] [67 9 15 15 12 | R 9] | Lam t over the box: v >= 24 (linear 24, degree >= 2: 45), need 24, margin 0, degree >= 2 margin 21
k=0 const disc 1 X0 19 s 5 nu 5 | t: [64 14 15 19 20 | R 6] [67 9 15 15 12 | R 9] | Lam t over the box: v >= 24 (linear 24, degree >= 2: 45), need 24, margin 0, degree >= 2 margin 21
k=0 const disc 1 X0 3 s 5 nu 5 | t: [64 14 15 19 20 | R 6] [67 9 15 15 12 | R 9] | Lam t over the box: v >= 24 (linear 24, degree >= 2: 45), need 24, margin 0, degree >= 2 margin 21
k=0 const disc 1 X0 481 s 9 nu 9 | t: [61 14 15 19 20 | R 15] [63 9 15 15 12 | R 17] | Lam t over the box: v >= 36 (linear 36, degree >= 2: 69), need 36, margin 0, degree >= 2 margin 33
k=0 const disc 1 X0 225 s 9 nu 9 | t: [61 14 15 19 20 | R 15] [63 9 15 15 12 | R 17] | Lam t over the box: v >= 36 (linear 36, degree >= 2: 69), need 36, margin 0, degree >= 2 margin 33
k=0 const disc 1 X0 353 s 9 nu 9 | t: [61 14 15 19 20 | R 15] [63 9 15 15 12 | R 17] | Lam t over the box: v >= 36 (linear 36, degree >= 2: 69), need 36, margin 0, degree >= 2 margin 33
k=0 const disc 1 X0 97 s 9 nu 9 | t: [61 14 15 19 20 | R 15] [63 9 15 15 12 | R 17] | Lam t over the box: v >= 36 (linear 36, degree >= 2: 69), need 36, margin 0, degree >= 2 margin 33
k=0 const disc 1 X0 417 s 9 nu 9 | t: [61 14 15 19 20 | R 15] [63 9 15 15 12 | R 17] | Lam t over the box: v >= 36 (linear 36, degree >= 2: 69), need 36, margin 0, degree >= 2 margin 33
k=0 const disc 1 X0 161 s 9 nu 9 | t: [61 14 15 19 20 | R 15] [63 9 15 15 12 | R 17] | Lam t over the box: v >= 36 (linear 36, degree >= 2: 69), need 36, margin 0, degree >= 2 margin 33
k=0 const disc 1 X0 289 s 9 nu 9 | t: [61 14 15 19 20 | R 15] [63 9 15 15 12 | R 17] | Lam t over the box: v >= 36 (linear 36, degree >= 2: 69), need 36, margin 0, degree >= 2 margin 33
k=0 const disc 1 X0 33 s 9 nu 9 | t: [61 14 15 19 20 | R 15] [63 9 15 15 12 | R 17] | Lam t over the box: v >= 36 (linear 36, degree >= 2: 69), need 36, margin 0, degree >= 2 margin 33
k=0 const disc 1 X0 241 s 8 nu 8 | t: [61 14 15 19 20 | R 12] [63 9 15 15 12 | R 14] | Lam t over the box: v >= 33 (linear 33, degree >= 2: 63), need 33, margin 0, degree >= 2 margin 30
k=0 const disc 1 X0 113 s 8 nu 8 | t: [61 14 15 19 20 | R 12] [63 9 15 15 12 | R 14] | Lam t over the box: v >= 33 (linear 33, degree >= 2: 63), need 33, margin 0, degree >= 2 margin 30
k=0 const disc 1 X0 177 s 8 nu 8 | t: [61 14 15 19 20 | R 12] [63 9 15 15 12 | R 14] | Lam t over the box: v >= 33 (linear 33, degree >= 2: 63), need 33, margin 0, degree >= 2 margin 30
k=0 const disc 1 X0 49 s 8 nu 8 | t: [61 14 15 19 20 | R 12] [63 9 15 15 12 | R 14] | Lam t over the box: v >= 33 (linear 33, degree >= 2: 63), need 33, margin 0, degree >= 2 margin 30
k=0 const disc 1 X0 209 s 8 nu 8 | t: [61 14 15 19 20 | R 12] [63 9 15 15 12 | R 14] | Lam t over the box: v >= 33 (linear 33, degree >= 2: 63), need 33, margin 0, degree >= 2 margin 30
k=0 const disc 1 X0 81 s 8 nu 8 | t: [61 14 15 19 20 | R 12] [63 9 15 15 12 | R 14] | Lam t over the box: v >= 33 (linear 33, degree >= 2: 63), need 33, margin 0, degree >= 2 margin 30
k=0 const disc 1 X0 145 s 8 nu 8 | t: [61 14 15 19 20 | R 12] [63 9 15 15 12 | R 14] | Lam t over the box: v >= 33 (linear 33, degree >= 2: 63), need 33, margin 0, degree >= 2 margin 30
k=0 const disc 1 X0 17 s 8 nu 8 | t: [61 14 15 19 20 | R 12] [63 9 15 15 12 | R 14] | Lam t over the box: v >= 33 (linear 33, degree >= 2: 63), need 33, margin 0, degree >= 2 margin 30
k=0 const disc 1 X0 121 s 7 nu 7 | t: [61 14 15 19 20 | R 9] [63 9 15 15 12 | R 11] | Lam t over the box: v >= 30 (linear 30, degree >= 2: 57), need 30, margin 0, degree >= 2 margin 27
k=0 const disc 1 X0 57 s 7 nu 7 | t: [61 14 15 19 20 | R 9] [63 9 15 15 12 | R 11] | Lam t over the box: v >= 30 (linear 30, degree >= 2: 57), need 30, margin 0, degree >= 2 margin 27
k=0 const disc 1 X0 89 s 7 nu 7 | t: [61 14 15 19 20 | R 9] [63 9 15 15 12 | R 11] | Lam t over the box: v >= 30 (linear 30, degree >= 2: 57), need 30, margin 0, degree >= 2 margin 27
k=0 const disc 1 X0 25 s 7 nu 7 | t: [61 14 15 19 20 | R 9] [63 9 15 15 12 | R 11] | Lam t over the box: v >= 30 (linear 30, degree >= 2: 57), need 30, margin 0, degree >= 2 margin 27
k=0 const disc 1 X0 105 s 7 nu 7 | t: [61 14 15 19 20 | R 9] [63 9 15 15 12 | R 11] | Lam t over the box: v >= 30 (linear 30, degree >= 2: 57), need 30, margin 0, degree >= 2 margin 27
k=0 const disc 1 X0 41 s 7 nu 7 | t: [61 14 15 19 20 | R 9] [63 9 15 15 12 | R 11] | Lam t over the box: v >= 30 (linear 30, degree >= 2: 57), need 30, margin 0, degree >= 2 margin 27
k=0 const disc 1 X0 73 s 7 nu 7 | t: [61 14 15 19 20 | R 9] [63 9 15 15 12 | R 11] | Lam t over the box: v >= 30 (linear 30, degree >= 2: 57), need 30, margin 0, degree >= 2 margin 27
k=0 const disc 1 X0 9 s 7 nu 7 | t: [61 14 15 19 20 | R 9] [63 9 15 15 12 | R 11] | Lam t over the box: v >= 30 (linear 30, degree >= 2: 57), need 30, margin 0, degree >= 2 margin 27
k=0 const disc 1 X0 61 s 6 nu 6 | t: [61 14 15 19 20 | R 6] [63 9 15 15 12 | R 8] | Lam t over the box: v >= 27 (linear 27, degree >= 2: 51), need 27, margin 0, degree >= 2 margin 24
k=0 const disc 1 X0 29 s 6 nu 6 | t: [61 14 15 19 20 | R 6] [63 9 15 15 12 | R 8] | Lam t over the box: v >= 27 (linear 27, degree >= 2: 51), need 27, margin 0, degree >= 2 margin 24
k=0 const disc 1 X0 45 s 6 nu 6 | t: [61 14 15 19 20 | R 6] [63 9 15 15 12 | R 8] | Lam t over the box: v >= 27 (linear 27, degree >= 2: 51), need 27, margin 0, degree >= 2 margin 24
k=0 const disc 1 X0 13 s 6 nu 6 | t: [61 14 15 19 20 | R 6] [63 9 15 15 12 | R 8] | Lam t over the box: v >= 27 (linear 27, degree >= 2: 51), need 27, margin 0, degree >= 2 margin 24
k=0 const disc 1 X0 53 s 6 nu 6 | t: [61 14 15 19 20 | R 6] [63 9 15 15 12 | R 8] | Lam t over the box: v >= 27 (linear 27, degree >= 2: 51), need 27, margin 0, degree >= 2 margin 24
k=0 const disc 1 X0 21 s 6 nu 6 | t: [61 14 15 19 20 | R 6] [63 9 15 15 12 | R 8] | Lam t over the box: v >= 27 (linear 27, degree >= 2: 51), need 27, margin 0, degree >= 2 margin 24
k=0 const disc 1 X0 37 s 6 nu 6 | t: [61 14 15 19 20 | R 6] [63 9 15 15 12 | R 8] | Lam t over the box: v >= 27 (linear 27, degree >= 2: 51), need 27, margin 0, degree >= 2 margin 24
k=0 const disc 1 X0 5 s 6 nu 6 | t: [61 14 15 19 20 | R 6] [63 9 15 15 12 | R 8] | Lam t over the box: v >= 27 (linear 27, degree >= 2: 51), need 27, margin 0, degree >= 2 margin 24
k=0 const disc 1 X0 30 s 5 nu 5 | t: [55 14 15 19 20 | R -14] [57 9 15 15 12 | R -12] | Lam t over the box: v >= 24 (linear 24, degree >= 2: 45), need 24, margin 0, degree >= 2 margin 21
k=0 const disc 1 X0 14 s 5 nu 5 | t: [55 14 15 19 20 | R -14] [57 9 15 15 12 | R -12] | Lam t over the box: v >= 24 (linear 24, degree >= 2: 45), need 24, margin 0, degree >= 2 margin 21
k=0 const disc 1 X0 22 s 5 nu 5 | t: [55 14 15 19 20 | R -14] [57 9 15 15 12 | R -12] | Lam t over the box: v >= 24 (linear 24, degree >= 2: 45), need 24, margin 0, degree >= 2 margin 21
k=0 const disc 1 X0 6 s 5 nu 5 | t: [55 14 15 19 20 | R -14] [57 9 15 15 12 | R -12] | Lam t over the box: v >= 24 (linear 24, degree >= 2: 45), need 24, margin 0, degree >= 2 margin 21
k=0 const disc 1 X0 26 s 5 nu 5 | t: [60 14 15 19 20 | R -10] [64 9 15 15 12 | R -6] | Lam t over the box: v >= 24 (linear 24, degree >= 2: 45), need 24, margin 0, degree >= 2 margin 21
k=0 const disc 1 X0 10 s 5 nu 5 | t: [60 14 15 19 20 | R -10] [64 9 15 15 12 | R -6] | Lam t over the box: v >= 24 (linear 24, degree >= 2: 45), need 24, margin 0, degree >= 2 margin 21
k=0 const disc 1 X0 18 s 5 nu 5 | t: [60 14 15 19 20 | R -10] [64 9 15 15 12 | R -6] | Lam t over the box: v >= 24 (linear 24, degree >= 2: 45), need 24, margin 0, degree >= 2 margin 21
k=0 const disc 1 X0 2 s 5 nu 5 | t: [60 14 15 19 20 | R -10] [64 9 15 15 12 | R -6] | Lam t over the box: v >= 24 (linear 24, degree >= 2: 45), need 24, margin 0, degree >= 2 margin 21
k=0 const disc 1 X0 480 s 9 nu 9 | t: [34 14 2 -16 -34 | R -74] [36 9 4 -14 -32 | R -72] | Lam t over the box: v >= 34 (linear 36, degree >= 2: 56), need 36, margin -2, degree >= 2 margin 20
k=0 const disc 1 X0 224 s 9 nu 9 | t: [34 14 2 -16 -34 | R -74] [36 9 4 -14 -32 | R -72] | Lam t over the box: v >= 34 (linear 36, degree >= 2: 56), need 36, margin -2, degree >= 2 margin 20
k=0 const disc 1 X0 352 s 9 nu 9 | t: [34 14 2 -16 -34 | R -74] [36 9 4 -14 -32 | R -72] | Lam t over the box: v >= 34 (linear 36, degree >= 2: 56), need 36, margin -2, degree >= 2 margin 20
k=0 const disc 1 X0 96 s 9 nu 9 | t: [34 14 2 -16 -34 | R -74] [36 9 4 -14 -32 | R -72] | Lam t over the box: v >= 34 (linear 36, degree >= 2: 56), need 36, margin -2, degree >= 2 margin 20
k=0 const disc 1 X0 416 s 9 nu 9 | t: [39 14 6 -12 -30 | R -70] [43 9 10 -8 -26 | R -66] | Lam t over the box: v >= 36 (linear 36, degree >= 2: 60), need 36, margin 0, degree >= 2 margin 24
k=0 const disc 1 X0 160 s 9 nu 9 | t: [39 14 6 -12 -30 | R -70] [43 9 10 -8 -26 | R -66] | Lam t over the box: v >= 36 (linear 36, degree >= 2: 60), need 36, margin 0, degree >= 2 margin 24
k=0 const disc 1 X0 288 s 9 nu 9 | t: [39 14 6 -12 -30 | R -70] [43 9 10 -8 -26 | R -66] | Lam t over the box: v >= 36 (linear 36, degree >= 2: 60), need 36, margin 0, degree >= 2 margin 24
k=0 const disc 1 X0 32 s 9 nu 9 | t: [39 14 6 -12 -30 | R -70] [43 9 10 -8 -26 | R -66] | Lam t over the box: v >= 36 (linear 36, degree >= 2: 60), need 36, margin 0, degree >= 2 margin 24
k=0 const disc 1 X0 240 s 8 nu 8 | t: [45 14 15 3 -12 | R -55] [49 9 15 7 -8 | R -51] | Lam t over the box: v >= 33 (linear 33, degree >= 2: 63), need 33, margin 0, degree >= 2 margin 30
k=0 const disc 1 X0 112 s 8 nu 8 | t: [45 14 15 3 -12 | R -55] [49 9 15 7 -8 | R -51] | Lam t over the box: v >= 33 (linear 33, degree >= 2: 63), need 33, margin 0, degree >= 2 margin 30
k=0 const disc 1 X0 176 s 8 nu 8 | t: [45 14 15 3 -12 | R -55] [49 9 15 7 -8 | R -51] | Lam t over the box: v >= 33 (linear 33, degree >= 2: 63), need 33, margin 0, degree >= 2 margin 30
k=0 const disc 1 X0 48 s 8 nu 8 | t: [45 14 15 3 -12 | R -55] [49 9 15 7 -8 | R -51] | Lam t over the box: v >= 33 (linear 33, degree >= 2: 63), need 33, margin 0, degree >= 2 margin 30
k=0 const disc 1 X0 208 s 8 nu 8 | t: [40 14 14 -1 -16 | R -59] [42 9 15 1 -14 | R -57] | Lam t over the box: v >= 33 (linear 33, degree >= 2: 61), need 33, margin 0, degree >= 2 margin 28
k=0 const disc 1 X0 80 s 8 nu 8 | t: [40 14 14 -1 -16 | R -59] [42 9 15 1 -14 | R -57] | Lam t over the box: v >= 33 (linear 33, degree >= 2: 61), need 33, margin 0, degree >= 2 margin 28
k=0 const disc 1 X0 144 s 8 nu 8 | t: [40 14 14 -1 -16 | R -59] [42 9 15 1 -14 | R -57] | Lam t over the box: v >= 33 (linear 33, degree >= 2: 61), need 33, margin 0, degree >= 2 margin 28
k=0 const disc 1 X0 16 s 8 nu 8 | t: [40 14 14 -1 -16 | R -59] [42 9 15 1 -14 | R -57] | Lam t over the box: v >= 33 (linear 33, degree >= 2: 61), need 33, margin 0, degree >= 2 margin 28
k=0 const disc 1 X0 120 s 7 nu 7 | t: [46 14 15 14 2 | R -44] [48 9 15 15 4 | R -42] | Lam t over the box: v >= 30 (linear 30, degree >= 2: 57), need 30, margin 0, degree >= 2 margin 27
k=0 const disc 1 X0 56 s 7 nu 7 | t: [46 14 15 14 2 | R -44] [48 9 15 15 4 | R -42] | Lam t over the box: v >= 30 (linear 30, degree >= 2: 57), need 30, margin 0, degree >= 2 margin 27
k=0 const disc 1 X0 88 s 7 nu 7 | t: [46 14 15 14 2 | R -44] [48 9 15 15 4 | R -42] | Lam t over the box: v >= 30 (linear 30, degree >= 2: 57), need 30, margin 0, degree >= 2 margin 27
k=0 const disc 1 X0 24 s 7 nu 7 | t: [46 14 15 14 2 | R -44] [48 9 15 15 4 | R -42] | Lam t over the box: v >= 30 (linear 30, degree >= 2: 57), need 30, margin 0, degree >= 2 margin 27
k=0 const disc 1 X0 104 s 7 nu 7 | t: [51 14 15 18 6 | R -40] [55 9 15 15 10 | R -36] | Lam t over the box: v >= 30 (linear 30, degree >= 2: 57), need 30, margin 0, degree >= 2 margin 27
k=0 const disc 1 X0 40 s 7 nu 7 | t: [51 14 15 18 6 | R -40] [55 9 15 15 10 | R -36] | Lam t over the box: v >= 30 (linear 30, degree >= 2: 57), need 30, margin 0, degree >= 2 margin 27
k=0 const disc 1 X0 72 s 7 nu 7 | t: [51 14 15 18 6 | R -40] [55 9 15 15 10 | R -36] | Lam t over the box: v >= 30 (linear 30, degree >= 2: 57), need 30, margin 0, degree >= 2 margin 27
k=0 const disc 1 X0 8 s 7 nu 7 | t: [51 14 15 18 6 | R -40] [55 9 15 15 10 | R -36] | Lam t over the box: v >= 30 (linear 30, degree >= 2: 57), need 30, margin 0, degree >= 2 margin 27
k=0 const disc 1 X0 60 s 6 nu 6 | t: [57 14 15 19 20 | R -25] [61 9 15 15 12 | R -21] | Lam t over the box: v >= 27 (linear 27, degree >= 2: 51), need 27, margin 0, degree >= 2 margin 24
k=0 const disc 1 X0 28 s 6 nu 6 | t: [57 14 15 19 20 | R -25] [61 9 15 15 12 | R -21] | Lam t over the box: v >= 27 (linear 27, degree >= 2: 51), need 27, margin 0, degree >= 2 margin 24
k=0 const disc 1 X0 44 s 6 nu 6 | t: [57 14 15 19 20 | R -25] [61 9 15 15 12 | R -21] | Lam t over the box: v >= 27 (linear 27, degree >= 2: 51), need 27, margin 0, degree >= 2 margin 24
k=0 const disc 1 X0 12 s 6 nu 6 | t: [57 14 15 19 20 | R -25] [61 9 15 15 12 | R -21] | Lam t over the box: v >= 27 (linear 27, degree >= 2: 51), need 27, margin 0, degree >= 2 margin 24
k=0 const disc 1 X0 52 s 6 nu 6 | t: [52 14 15 19 20 | R -29] [54 9 15 15 12 | R -27] | Lam t over the box: v >= 27 (linear 27, degree >= 2: 51), need 27, margin 0, degree >= 2 margin 24
k=0 const disc 1 X0 20 s 6 nu 6 | t: [52 14 15 19 20 | R -29] [54 9 15 15 12 | R -27] | Lam t over the box: v >= 27 (linear 27, degree >= 2: 51), need 27, margin 0, degree >= 2 margin 24
k=0 const disc 1 X0 36 s 6 nu 6 | t: [52 14 15 19 20 | R -29] [54 9 15 15 12 | R -27] | Lam t over the box: v >= 27 (linear 27, degree >= 2: 51), need 27, margin 0, degree >= 2 margin 24
k=0 const disc 1 X0 4 s 6 nu 6 | t: [52 14 15 19 20 | R -29] [54 9 15 15 12 | R -27] | Lam t over the box: v >= 27 (linear 27, degree >= 2: 51), need 27, margin 0, degree >= 2 margin 24
k=0 tail disc 1 Xi 1 s 6 | t: [61 14 15 19 20 | R 6] [63 9 15 15 12 | R 8] | (Lam t - w0 h)/h^2: v >= 15, need vM - 3 s0 = 3, margin 12 | 2 w0 in Q_2^6 mod 2^20: [856240, 722000, 338976, 839808, 23424, 559360] (prec [22, 22, 22, 22, 21, 21]~)
   tail x_2: Lean t.g mod 2^20 = [192336, 326576, 709600, 208768, 1025152, 489216]; 2 w0 = +t.g mod 2^min(20, prec): 0, = -t.g: 1
k=0 tail disc 1 Xi 0 s 6 | t: [67 14 15 19 20 | R 11] [69 9 15 15 12 | R 13] | (Lam t - w0 h)/h^2: v >= 15, need vM - 3 s0 = 3, margin 12 | 2 w0 in Q_2^6 mod 2^20: [438000, 866064, 914592, 0, 0, 0] (prec [24, 24, 24, 24, 23, 23]~)
   tail x_0: Lean t.g mod 2^20 = [438000, 866064, 914592, 0, 0, 0]; 2 w0 = +t.g mod 2^min(20, prec): 1, = -t.g: 0
k = 0: 82 constant boxes, 82 Taylor model runs; min margin of Lam t over the need -2; min remainder margin 6; min certified depth of t 15 (78167 ms)
k=1 const disc 3 X0 28 s 5 nu 4 | t: [77 7 4 4 -2 | R -2] [73 3 0 0 -6 | R -6] | Lam t over the box: v >= 21 (linear 21, degree >= 2: 33), need 21, margin 0, degree >= 2 margin 12
k=1 const disc 3 X0 12 s 5 nu 4 | t: [77 7 4 4 -2 | R -2] [73 3 0 0 -6 | R -6] | Lam t over the box: v >= 21 (linear 21, degree >= 2: 33), need 21, margin 0, degree >= 2 margin 12
k=1 const disc 3 X0 20 s 5 nu 4 | t: [77 7 4 4 -2 | R -2] [73 3 0 0 -6 | R -6] | Lam t over the box: v >= 21 (linear 21, degree >= 2: 33), need 21, margin 0, degree >= 2 margin 12
k=1 const disc 3 X0 4 s 5 nu 4 | t: [77 7 4 4 -2 | R -2] [73 3 0 0 -6 | R -6] | Lam t over the box: v >= 21 (linear 21, degree >= 2: 33), need 21, margin 0, degree >= 2 margin 12
k=1 const disc 3 X0 224 s 8 nu 7 | t: [77 7 4 4 -2 | R -2] [73 3 0 0 -6 | R -6] | Lam t over the box: v >= 30 (linear 30, degree >= 2: 51), need 30, margin 0, degree >= 2 margin 21
k=1 const disc 3 X0 96 s 8 nu 7 | t: [77 7 4 4 -2 | R -2] [73 3 0 0 -6 | R -6] | Lam t over the box: v >= 30 (linear 30, degree >= 2: 51), need 30, margin 0, degree >= 2 margin 21
k=1 const disc 3 X0 160 s 8 nu 7 | t: [77 7 4 4 -2 | R -2] [73 3 0 0 -6 | R -6] | Lam t over the box: v >= 30 (linear 30, degree >= 2: 51), need 30, margin 0, degree >= 2 margin 21
k=1 const disc 3 X0 32 s 8 nu 7 | t: [77 7 4 4 -2 | R -2] [73 3 0 0 -6 | R -6] | Lam t over the box: v >= 30 (linear 30, degree >= 2: 51), need 30, margin 0, degree >= 2 margin 21
k=1 const disc 3 X0 112 s 7 nu 6 | t: [77 7 4 4 -2 | R -2] [73 3 0 0 -6 | R -6] | Lam t over the box: v >= 27 (linear 27, degree >= 2: 45), need 27, margin 0, degree >= 2 margin 18
k=1 const disc 3 X0 48 s 7 nu 6 | t: [77 7 4 4 -2 | R -2] [73 3 0 0 -6 | R -6] | Lam t over the box: v >= 27 (linear 27, degree >= 2: 45), need 27, margin 0, degree >= 2 margin 18
k=1 const disc 3 X0 80 s 7 nu 6 | t: [77 7 4 4 -2 | R -2] [73 3 0 0 -6 | R -6] | Lam t over the box: v >= 27 (linear 27, degree >= 2: 45), need 27, margin 0, degree >= 2 margin 18
k=1 const disc 3 X0 16 s 7 nu 6 | t: [77 7 4 4 -2 | R -2] [73 3 0 0 -6 | R -6] | Lam t over the box: v >= 27 (linear 27, degree >= 2: 45), need 27, margin 0, degree >= 2 margin 18
k=1 const disc 3 X0 56 s 6 nu 5 | t: [77 7 4 4 -2 | R -2] [73 3 0 0 -6 | R -6] | Lam t over the box: v >= 24 (linear 24, degree >= 2: 39), need 24, margin 0, degree >= 2 margin 15
k=1 const disc 3 X0 24 s 6 nu 5 | t: [77 7 4 4 -2 | R -2] [73 3 0 0 -6 | R -6] | Lam t over the box: v >= 24 (linear 24, degree >= 2: 39), need 24, margin 0, degree >= 2 margin 15
k=1 const disc 3 X0 40 s 6 nu 5 | t: [77 7 4 4 -2 | R -2] [73 3 0 0 -6 | R -6] | Lam t over the box: v >= 24 (linear 24, degree >= 2: 39), need 24, margin 0, degree >= 2 margin 15
k=1 const disc 3 X0 8 s 6 nu 5 | t: [77 7 4 4 -2 | R -2] [73 3 0 0 -6 | R -6] | Lam t over the box: v >= 24 (linear 24, degree >= 2: 39), need 24, margin 0, degree >= 2 margin 15
k=1 const disc 2 X0 23 s 5 nu 4 | t: [66 6 6 11 3 | R 8] [66 3 3 9 0 | R 7] | Lam t over the box: v >= 21 (linear 21, degree >= 2: 36), need 21, margin 0, degree >= 2 margin 15
k=1 const disc 2 X0 7 s 5 nu 4 | t: [66 6 6 11 3 | R 8] [66 3 3 9 0 | R 7] | Lam t over the box: v >= 21 (linear 21, degree >= 2: 36), need 21, margin 0, degree >= 2 margin 15
k=1 const disc 2 X0 11 s 4 nu 3 | t: [66 6 6 11 3 | R 5] [66 3 3 9 0 | R 4] | Lam t over the box: v >= 18 (linear 18, degree >= 2: 30), need 18, margin 0, degree >= 2 margin 12
k=1 const disc 2 X0 3 s 4 nu 3 | t: [66 6 6 11 3 | R 5] [66 3 3 9 0 | R 4] | Lam t over the box: v >= 18 (linear 18, degree >= 2: 30), need 18, margin 0, degree >= 2 margin 12
k=1 const disc 2 X0 5 s 3 nu 2 | t: [66 6 6 11 3 | R 2] [66 3 3 13 0 | R 1] | Lam t over the box: v >= 15 (linear 15, degree >= 2: 24), need 15, margin 0, degree >= 2 margin 9
k=1 const disc 2 X0 1 s 3 nu 2 | t: [66 6 6 11 3 | R 2] [66 3 3 12 0 | R 1] | Lam t over the box: v >= 15 (linear 15, degree >= 2: 24), need 15, margin 0, degree >= 2 margin 9
k=1 tail disc 3 Xi 0 s 6 | t: [77 7 4 4 -2 | R -2] [73 3 0 0 -6 | R -6] | (Lam t - w0 h)/h^2: v >= 3, need vM - 3 s0 = -3, margin 6 | 2 w0 in Q_2^6 mod 2^20: [0, 0, 0, 860824, 447832, 471064] (prec [28, 27, 27, 27, 26, 26]~)
   tail x_1: Lean t.g mod 2^20 = [0, 0, 0, 860824, 447832, 471064]; 2 w0 = +t.g mod 2^min(20, prec): 1, = -t.g: 0
k=1 tail disc 2 Xi -1 s 4 | t: [66 6 6 11 3 | R 5] [66 3 3 9 0 | R 4] | (Lam t - w0 h)/h^2: v >= 6, need vM - 3 s0 = 0, margin 6 | 2 w0 in Q_2^6 mod 2^20: [806224, 93888, 1047904, 388376, 922552, 494024] (prec [25, 24, 24, 25, 24, 24]~)
   tail x_3: Lean t.g mod 2^20 = [806224, 93888, 1047904, 388376, 922552, 494024]; 2 w0 = +t.g mod 2^min(20, prec): 1, = -t.g: 0
k = 1: 22 constant boxes, 22 Taylor model runs; min margin of Lam t over the need 0; min remainder margin 9; min certified depth of t 12 (17660 ms)
