  ***   Warning: new maximum stack size = 2000003072 (1907.352 Mbytes).
  ***   syntax error, unexpected ')', expecting )-> or ',':
  ***   ...(PB_CNT[1]++;pb_mul0(x,y));pb_inv=(x)->(PB_CNT
  ***                               ^---------------------
... skipping file '../covering/taylor_model_probe.gp'
k=0 const disc 5 X0 3 s 2 nu 2 | t: [576 12 12 15 12 | R 9] [573 9 9 12 9 | R 6] | Lam t over the box: v >= 15 (linear 15, degree >= 2: 21), need 15, margin 0, degree >= 2 margin 6
k=0 const disc 5 X0 1 s 2 nu 2 | t: [576 12 12 15 12 | R 9] [573 9 9 12 9 | R 6] | Lam t over the box: v >= 15 (linear 15, degree >= 2: 21), need 15, margin 0, degree >= 2 margin 6
k=0 const disc 1 X0 31 s 5 nu 5 | t: [564 14 15 19 20 | R 6] [567 9 15 15 12 | R 9] | Lam t over the box: v >= 24 (linear 24, degree >= 2: 45), need 24, margin 0, degree >= 2 margin 21
k=0 const disc 1 X0 15 s 5 nu 5 | t: [564 14 15 19 20 | R 6] [567 9 15 15 12 | R 9] | Lam t over the box: v >= 24 (linear 24, degree >= 2: 45), need 24, margin 0, degree >= 2 margin 21
k=0 const disc 1 X0 23 s 5 nu 5 | t: [564 14 15 19 20 | R 6] [567 9 15 15 12 | R 9] | Lam t over the box: v >= 24 (linear 24, degree >= 2: 45), need 24, margin 0, degree >= 2 margin 21
k=0 const disc 1 X0 7 s 5 nu 5 | t: [564 14 15 19 20 | R 6] [567 9 15 15 12 | R 9] | Lam t over the box: v >= 24 (linear 24, degree >= 2: 45), need 24, margin 0, degree >= 2 margin 21
k=0 const disc 1 X0 27 s 5 nu 5 | t: [564 14 15 19 20 | R 6] [567 9 15 15 12 | R 9] | Lam t over the box: v >= 24 (linear 24, degree >= 2: 45), need 24, margin 0, degree >= 2 margin 21
k=0 const disc 1 X0 11 s 5 nu 5 | t: [564 14 15 19 20 | R 6] [567 9 15 15 12 | R 9] | Lam t over the box: v >= 24 (linear 24, degree >= 2: 45), need 24, margin 0, degree >= 2 margin 21
k=0 const disc 1 X0 19 s 5 nu 5 | t: [564 14 15 19 20 | R 6] [567 9 15 15 12 | R 9] | Lam t over the box: v >= 24 (linear 24, degree >= 2: 45), need 24, margin 0, degree >= 2 margin 21
k=0 const disc 1 X0 3 s 5 nu 5 | t: [564 14 15 19 20 | R 6] [567 9 15 15 12 | R 9] | Lam t over the box: v >= 24 (linear 24, degree >= 2: 45), need 24, margin 0, degree >= 2 margin 21
k=0 const disc 1 X0 481 s 9 nu 9 | t: [561 14 15 19 20 | R 15] [563 9 15 15 12 | R 17] | Lam t over the box: v >= 36 (linear 36, degree >= 2: 69), need 36, margin 0, degree >= 2 margin 33
k=0 const disc 1 X0 225 s 9 nu 9 | t: [561 14 15 19 20 | R 15] [563 9 15 15 12 | R 17] | Lam t over the box: v >= 36 (linear 36, degree >= 2: 69), need 36, margin 0, degree >= 2 margin 33
k=0 const disc 1 X0 353 s 9 nu 9 | t: [561 14 15 19 20 | R 15] [563 9 15 15 12 | R 17] | Lam t over the box: v >= 36 (linear 36, degree >= 2: 69), need 36, margin 0, degree >= 2 margin 33
k=0 const disc 1 X0 97 s 9 nu 9 | t: [561 14 15 19 20 | R 15] [563 9 15 15 12 | R 17] | Lam t over the box: v >= 36 (linear 36, degree >= 2: 69), need 36, margin 0, degree >= 2 margin 33
k=0 const disc 1 X0 417 s 9 nu 9 | t: [561 14 15 19 20 | R 15] [563 9 15 15 12 | R 17] | Lam t over the box: v >= 36 (linear 36, degree >= 2: 69), need 36, margin 0, degree >= 2 margin 33
k=0 const disc 1 X0 161 s 9 nu 9 | t: [561 14 15 19 20 | R 15] [563 9 15 15 12 | R 17] | Lam t over the box: v >= 36 (linear 36, degree >= 2: 69), need 36, margin 0, degree >= 2 margin 33
k=0 const disc 1 X0 289 s 9 nu 9 | t: [561 14 15 19 20 | R 15] [563 9 15 15 12 | R 17] | Lam t over the box: v >= 36 (linear 36, degree >= 2: 69), need 36, margin 0, degree >= 2 margin 33
k=0 const disc 1 X0 33 s 9 nu 9 | t: [561 14 15 19 20 | R 15] [563 9 15 15 12 | R 17] | Lam t over the box: v >= 36 (linear 36, degree >= 2: 69), need 36, margin 0, degree >= 2 margin 33
k=0 const disc 1 X0 241 s 8 nu 8 | t: [561 14 15 19 20 | R 12] [563 9 15 15 12 | R 14] | Lam t over the box: v >= 33 (linear 33, degree >= 2: 63), need 33, margin 0, degree >= 2 margin 30
k=0 const disc 1 X0 113 s 8 nu 8 | t: [561 14 15 19 20 | R 12] [563 9 15 15 12 | R 14] | Lam t over the box: v >= 33 (linear 33, degree >= 2: 63), need 33, margin 0, degree >= 2 margin 30
k=0 const disc 1 X0 177 s 8 nu 8 | t: [561 14 15 19 20 | R 12] [563 9 15 15 12 | R 14] | Lam t over the box: v >= 33 (linear 33, degree >= 2: 63), need 33, margin 0, degree >= 2 margin 30
k=0 const disc 1 X0 49 s 8 nu 8 | t: [561 14 15 19 20 | R 12] [563 9 15 15 12 | R 14] | Lam t over the box: v >= 33 (linear 33, degree >= 2: 63), need 33, margin 0, degree >= 2 margin 30
k=0 const disc 1 X0 209 s 8 nu 8 | t: [561 14 15 19 20 | R 12] [563 9 15 15 12 | R 14] | Lam t over the box: v >= 33 (linear 33, degree >= 2: 63), need 33, margin 0, degree >= 2 margin 30
k=0 const disc 1 X0 81 s 8 nu 8 | t: [561 14 15 19 20 | R 12] [563 9 15 15 12 | R 14] | Lam t over the box: v >= 33 (linear 33, degree >= 2: 63), need 33, margin 0, degree >= 2 margin 30
k=0 const disc 1 X0 145 s 8 nu 8 | t: [561 14 15 19 20 | R 12] [563 9 15 15 12 | R 14] | Lam t over the box: v >= 33 (linear 33, degree >= 2: 63), need 33, margin 0, degree >= 2 margin 30
k=0 const disc 1 X0 17 s 8 nu 8 | t: [561 14 15 19 20 | R 12] [563 9 15 15 12 | R 14] | Lam t over the box: v >= 33 (linear 33, degree >= 2: 63), need 33, margin 0, degree >= 2 margin 30
k=0 const disc 1 X0 121 s 7 nu 7 | t: [561 14 15 19 20 | R 9] [563 9 15 15 12 | R 11] | Lam t over the box: v >= 30 (linear 30, degree >= 2: 57), need 30, margin 0, degree >= 2 margin 27
k=0 const disc 1 X0 57 s 7 nu 7 | t: [561 14 15 19 20 | R 9] [563 9 15 15 12 | R 11] | Lam t over the box: v >= 30 (linear 30, degree >= 2: 57), need 30, margin 0, degree >= 2 margin 27
k=0 const disc 1 X0 89 s 7 nu 7 | t: [561 14 15 19 20 | R 9] [563 9 15 15 12 | R 11] | Lam t over the box: v >= 30 (linear 30, degree >= 2: 57), need 30, margin 0, degree >= 2 margin 27
k=0 const disc 1 X0 25 s 7 nu 7 | t: [561 14 15 19 20 | R 9] [563 9 15 15 12 | R 11] | Lam t over the box: v >= 30 (linear 30, degree >= 2: 57), need 30, margin 0, degree >= 2 margin 27
k=0 const disc 1 X0 105 s 7 nu 7 | t: [561 14 15 19 20 | R 9] [563 9 15 15 12 | R 11] | Lam t over the box: v >= 30 (linear 30, degree >= 2: 57), need 30, margin 0, degree >= 2 margin 27
k=0 const disc 1 X0 41 s 7 nu 7 | t: [561 14 15 19 20 | R 9] [563 9 15 15 12 | R 11] | Lam t over the box: v >= 30 (linear 30, degree >= 2: 57), need 30, margin 0, degree >= 2 margin 27
k=0 const disc 1 X0 73 s 7 nu 7 | t: [561 14 15 19 20 | R 9] [563 9 15 15 12 | R 11] | Lam t over the box: v >= 30 (linear 30, degree >= 2: 57), need 30, margin 0, degree >= 2 margin 27
k=0 const disc 1 X0 9 s 7 nu 7 | t: [561 14 15 19 20 | R 9] [563 9 15 15 12 | R 11] | Lam t over the box: v >= 30 (linear 30, degree >= 2: 57), need 30, margin 0, degree >= 2 margin 27
k=0 const disc 1 X0 61 s 6 nu 6 | t: [561 14 15 19 20 | R 6] [563 9 15 15 12 | R 8] | Lam t over the box: v >= 27 (linear 27, degree >= 2: 51), need 27, margin 0, degree >= 2 margin 24
k=0 const disc 1 X0 29 s 6 nu 6 | t: [561 14 15 19 20 | R 6] [563 9 15 15 12 | R 8] | Lam t over the box: v >= 27 (linear 27, degree >= 2: 51), need 27, margin 0, degree >= 2 margin 24
k=0 const disc 1 X0 45 s 6 nu 6 | t: [561 14 15 19 20 | R 6] [563 9 15 15 12 | R 8] | Lam t over the box: v >= 27 (linear 27, degree >= 2: 51), need 27, margin 0, degree >= 2 margin 24
k=0 const disc 1 X0 13 s 6 nu 6 | t: [561 14 15 19 20 | R 6] [563 9 15 15 12 | R 8] | Lam t over the box: v >= 27 (linear 27, degree >= 2: 51), need 27, margin 0, degree >= 2 margin 24
k=0 const disc 1 X0 53 s 6 nu 6 | t: [561 14 15 19 20 | R 6] [563 9 15 15 12 | R 8] | Lam t over the box: v >= 27 (linear 27, degree >= 2: 51), need 27, margin 0, degree >= 2 margin 24
k=0 const disc 1 X0 21 s 6 nu 6 | t: [561 14 15 19 20 | R 6] [563 9 15 15 12 | R 8] | Lam t over the box: v >= 27 (linear 27, degree >= 2: 51), need 27, margin 0, degree >= 2 margin 24
k=0 const disc 1 X0 37 s 6 nu 6 | t: [561 14 15 19 20 | R 6] [563 9 15 15 12 | R 8] | Lam t over the box: v >= 27 (linear 27, degree >= 2: 51), need 27, margin 0, degree >= 2 margin 24
k=0 const disc 1 X0 5 s 6 nu 6 | t: [561 14 15 19 20 | R 6] [563 9 15 15 12 | R 8] | Lam t over the box: v >= 27 (linear 27, degree >= 2: 51), need 27, margin 0, degree >= 2 margin 24
k=0 const disc 1 X0 30 s 5 nu 5 | t: [555 14 15 19 20 | R -14] [557 9 15 15 12 | R -12] | Lam t over the box: v >= 24 (linear 24, degree >= 2: 45), need 24, margin 0, degree >= 2 margin 21
k=0 const disc 1 X0 14 s 5 nu 5 | t: [555 14 15 19 20 | R -14] [557 9 15 15 12 | R -12] | Lam t over the box: v >= 24 (linear 24, degree >= 2: 45), need 24, margin 0, degree >= 2 margin 21
k=0 const disc 1 X0 22 s 5 nu 5 | t: [555 14 15 19 20 | R -14] [557 9 15 15 12 | R -12] | Lam t over the box: v >= 24 (linear 24, degree >= 2: 45), need 24, margin 0, degree >= 2 margin 21
k=0 const disc 1 X0 6 s 5 nu 5 | t: [555 14 15 19 20 | R -14] [557 9 15 15 12 | R -12] | Lam t over the box: v >= 24 (linear 24, degree >= 2: 45), need 24, margin 0, degree >= 2 margin 21
k=0 const disc 1 X0 26 s 5 nu 5 | t: [560 14 15 19 20 | R -10] [564 9 15 15 12 | R -6] | Lam t over the box: v >= 24 (linear 24, degree >= 2: 45), need 24, margin 0, degree >= 2 margin 21
k=0 const disc 1 X0 10 s 5 nu 5 | t: [560 14 15 19 20 | R -10] [564 9 15 15 12 | R -6] | Lam t over the box: v >= 24 (linear 24, degree >= 2: 45), need 24, margin 0, degree >= 2 margin 21
k=0 const disc 1 X0 18 s 5 nu 5 | t: [560 14 15 19 20 | R -10] [564 9 15 15 12 | R -6] | Lam t over the box: v >= 24 (linear 24, degree >= 2: 45), need 24, margin 0, degree >= 2 margin 21
k=0 const disc 1 X0 2 s 5 nu 5 | t: [560 14 15 19 20 | R -10] [564 9 15 15 12 | R -6] | Lam t over the box: v >= 24 (linear 24, degree >= 2: 45), need 24, margin 0, degree >= 2 margin 21
k=0 const disc 1 X0 480 s 9 nu 9 | t: [534 14 15 19 20 | R -74] [536 9 15 15 12 | R -72] | Lam t over the box: v >= 36 (linear 36, degree >= 2: 61), need 36, margin 0, degree >= 2 margin 25
k=0 const disc 1 X0 224 s 9 nu 9 | t: [534 14 15 19 20 | R -74] [536 9 15 15 12 | R -72] | Lam t over the box: v >= 36 (linear 36, degree >= 2: 61), need 36, margin 0, degree >= 2 margin 25
k=0 const disc 1 X0 352 s 9 nu 9 | t: [534 14 15 19 20 | R -74] [536 9 15 15 12 | R -72] | Lam t over the box: v >= 36 (linear 36, degree >= 2: 61), need 36, margin 0, degree >= 2 margin 25
k=0 const disc 1 X0 96 s 9 nu 9 | t: [534 14 15 19 20 | R -74] [536 9 15 15 12 | R -72] | Lam t over the box: v >= 36 (linear 36, degree >= 2: 61), need 36, margin 0, degree >= 2 margin 25
k=0 const disc 1 X0 416 s 9 nu 9 | t: [539 14 15 19 20 | R -70] [543 9 15 15 12 | R -66] | Lam t over the box: v >= 36 (linear 36, degree >= 2: 65), need 36, margin 0, degree >= 2 margin 29
k=0 const disc 1 X0 160 s 9 nu 9 | t: [539 14 15 19 20 | R -70] [543 9 15 15 12 | R -66] | Lam t over the box: v >= 36 (linear 36, degree >= 2: 65), need 36, margin 0, degree >= 2 margin 29
k=0 const disc 1 X0 288 s 9 nu 9 | t: [539 14 15 19 20 | R -70] [543 9 15 15 12 | R -66] | Lam t over the box: v >= 36 (linear 36, degree >= 2: 65), need 36, margin 0, degree >= 2 margin 29
k=0 const disc 1 X0 32 s 9 nu 9 | t: [539 14 15 19 20 | R -70] [543 9 15 15 12 | R -66] | Lam t over the box: v >= 36 (linear 36, degree >= 2: 65), need 36, margin 0, degree >= 2 margin 29
k=0 const disc 1 X0 240 s 8 nu 8 | t: [545 14 15 19 20 | R -55] [549 9 15 15 12 | R -51] | Lam t over the box: v >= 33 (linear 33, degree >= 2: 63), need 33, margin 0, degree >= 2 margin 30
k=0 const disc 1 X0 112 s 8 nu 8 | t: [545 14 15 19 20 | R -55] [549 9 15 15 12 | R -51] | Lam t over the box: v >= 33 (linear 33, degree >= 2: 63), need 33, margin 0, degree >= 2 margin 30
k=0 const disc 1 X0 176 s 8 nu 8 | t: [545 14 15 19 20 | R -55] [549 9 15 15 12 | R -51] | Lam t over the box: v >= 33 (linear 33, degree >= 2: 63), need 33, margin 0, degree >= 2 margin 30
k=0 const disc 1 X0 48 s 8 nu 8 | t: [545 14 15 19 20 | R -55] [549 9 15 15 12 | R -51] | Lam t over the box: v >= 33 (linear 33, degree >= 2: 63), need 33, margin 0, degree >= 2 margin 30
k=0 const disc 1 X0 208 s 8 nu 8 | t: [540 14 15 19 20 | R -59] [542 9 15 15 12 | R -57] | Lam t over the box: v >= 33 (linear 33, degree >= 2: 61), need 33, margin 0, degree >= 2 margin 28
k=0 const disc 1 X0 80 s 8 nu 8 | t: [540 14 15 19 20 | R -59] [542 9 15 15 12 | R -57] | Lam t over the box: v >= 33 (linear 33, degree >= 2: 61), need 33, margin 0, degree >= 2 margin 28
k=0 const disc 1 X0 144 s 8 nu 8 | t: [540 14 15 19 20 | R -59] [542 9 15 15 12 | R -57] | Lam t over the box: v >= 33 (linear 33, degree >= 2: 61), need 33, margin 0, degree >= 2 margin 28
k=0 const disc 1 X0 16 s 8 nu 8 | t: [540 14 15 19 20 | R -59] [542 9 15 15 12 | R -57] | Lam t over the box: v >= 33 (linear 33, degree >= 2: 61), need 33, margin 0, degree >= 2 margin 28
k=0 const disc 1 X0 120 s 7 nu 7 | t: [546 14 15 19 20 | R -44] [548 9 15 15 12 | R -42] | Lam t over the box: v >= 30 (linear 30, degree >= 2: 57), need 30, margin 0, degree >= 2 margin 27
k=0 const disc 1 X0 56 s 7 nu 7 | t: [546 14 15 19 20 | R -44] [548 9 15 15 12 | R -42] | Lam t over the box: v >= 30 (linear 30, degree >= 2: 57), need 30, margin 0, degree >= 2 margin 27
k=0 const disc 1 X0 88 s 7 nu 7 | t: [546 14 15 19 20 | R -44] [548 9 15 15 12 | R -42] | Lam t over the box: v >= 30 (linear 30, degree >= 2: 57), need 30, margin 0, degree >= 2 margin 27
k=0 const disc 1 X0 24 s 7 nu 7 | t: [546 14 15 19 20 | R -44] [548 9 15 15 12 | R -42] | Lam t over the box: v >= 30 (linear 30, degree >= 2: 57), need 30, margin 0, degree >= 2 margin 27
k=0 const disc 1 X0 104 s 7 nu 7 | t: [551 14 15 19 20 | R -40] [555 9 15 15 12 | R -36] | Lam t over the box: v >= 30 (linear 30, degree >= 2: 57), need 30, margin 0, degree >= 2 margin 27
k=0 const disc 1 X0 40 s 7 nu 7 | t: [551 14 15 19 20 | R -40] [555 9 15 15 12 | R -36] | Lam t over the box: v >= 30 (linear 30, degree >= 2: 57), need 30, margin 0, degree >= 2 margin 27
k=0 const disc 1 X0 72 s 7 nu 7 | t: [551 14 15 19 20 | R -40] [555 9 15 15 12 | R -36] | Lam t over the box: v >= 30 (linear 30, degree >= 2: 57), need 30, margin 0, degree >= 2 margin 27
k=0 const disc 1 X0 8 s 7 nu 7 | t: [551 14 15 19 20 | R -40] [555 9 15 15 12 | R -36] | Lam t over the box: v >= 30 (linear 30, degree >= 2: 57), need 30, margin 0, degree >= 2 margin 27
k=0 const disc 1 X0 60 s 6 nu 6 | t: [557 14 15 19 20 | R -25] [561 9 15 15 12 | R -21] | Lam t over the box: v >= 27 (linear 27, degree >= 2: 51), need 27, margin 0, degree >= 2 margin 24
k=0 const disc 1 X0 28 s 6 nu 6 | t: [557 14 15 19 20 | R -25] [561 9 15 15 12 | R -21] | Lam t over the box: v >= 27 (linear 27, degree >= 2: 51), need 27, margin 0, degree >= 2 margin 24
k=0 const disc 1 X0 44 s 6 nu 6 | t: [557 14 15 19 20 | R -25] [561 9 15 15 12 | R -21] | Lam t over the box: v >= 27 (linear 27, degree >= 2: 51), need 27, margin 0, degree >= 2 margin 24
k=0 const disc 1 X0 12 s 6 nu 6 | t: [557 14 15 19 20 | R -25] [561 9 15 15 12 | R -21] | Lam t over the box: v >= 27 (linear 27, degree >= 2: 51), need 27, margin 0, degree >= 2 margin 24
k=0 const disc 1 X0 52 s 6 nu 6 | t: [552 14 15 19 20 | R -29] [554 9 15 15 12 | R -27] | Lam t over the box: v >= 27 (linear 27, degree >= 2: 51), need 27, margin 0, degree >= 2 margin 24
k=0 const disc 1 X0 20 s 6 nu 6 | t: [552 14 15 19 20 | R -29] [554 9 15 15 12 | R -27] | Lam t over the box: v >= 27 (linear 27, degree >= 2: 51), need 27, margin 0, degree >= 2 margin 24
k=0 const disc 1 X0 36 s 6 nu 6 | t: [552 14 15 19 20 | R -29] [554 9 15 15 12 | R -27] | Lam t over the box: v >= 27 (linear 27, degree >= 2: 51), need 27, margin 0, degree >= 2 margin 24
k=0 const disc 1 X0 4 s 6 nu 6 | t: [552 14 15 19 20 | R -29] [554 9 15 15 12 | R -27] | Lam t over the box: v >= 27 (linear 27, degree >= 2: 51), need 27, margin 0, degree >= 2 margin 24
k=0 tail disc 1 Xi 1 s 6 | t: [561 14 15 19 20 | R 6] [563 9 15 15 12 | R 8] | (Lam t - w0 h)/h^2: v >= 15, need vM - 3 s0 = 3, margin 12 | 2 w0 in Q_2^6 mod 2^20: [856240, 722000, 338976, 839808, 23424, 559360] (prec [189, 189, 188, 188, 188, 188]~)
   tail x_2: Lean t.g mod 2^20 = [192336, 326576, 709600, 208768, 1025152, 489216]; 2 w0 = +t.g mod 2^min(20, prec): 0, = -t.g: 1
k=0 tail disc 1 Xi 0 s 6 | t: [567 14 15 19 20 | R 11] [569 9 15 15 12 | R 13] | (Lam t - w0 h)/h^2: v >= 15, need vM - 3 s0 = 3, margin 12 | 2 w0 in Q_2^6 mod 2^20: [438000, 866064, 914592, 0, 0, 0] (prec [191, 191, 190, 190, 190, 190]~)
   tail x_0: Lean t.g mod 2^20 = [438000, 866064, 914592, 0, 0, 0]; 2 w0 = +t.g mod 2^min(20, prec): 1, = -t.g: 0
k = 0: 82 constant boxes, 82 Taylor model runs; min margin of Lam t over the need 0; min remainder margin 6; min certified depth of t 15 (74695 ms)
k=1 const disc 3 X0 28 s 5 nu 4 | t: [577 7 4 4 -2 | R -2] [573 3 0 0 -6 | R -6] | Lam t over the box: v >= 21 (linear 21, degree >= 2: 33), need 21, margin 0, degree >= 2 margin 12
k=1 const disc 3 X0 12 s 5 nu 4 | t: [577 7 4 4 -2 | R -2] [573 3 0 0 -6 | R -6] | Lam t over the box: v >= 21 (linear 21, degree >= 2: 33), need 21, margin 0, degree >= 2 margin 12
k=1 const disc 3 X0 20 s 5 nu 4 | t: [577 7 4 4 -2 | R -2] [573 3 0 0 -6 | R -6] | Lam t over the box: v >= 21 (linear 21, degree >= 2: 33), need 21, margin 0, degree >= 2 margin 12
k=1 const disc 3 X0 4 s 5 nu 4 | t: [577 7 4 4 -2 | R -2] [573 3 0 0 -6 | R -6] | Lam t over the box: v >= 21 (linear 21, degree >= 2: 33), need 21, margin 0, degree >= 2 margin 12
k=1 const disc 3 X0 224 s 8 nu 7 | t: [577 7 4 4 -2 | R -2] [573 3 0 0 -6 | R -6] | Lam t over the box: v >= 30 (linear 30, degree >= 2: 51), need 30, margin 0, degree >= 2 margin 21
k=1 const disc 3 X0 96 s 8 nu 7 | t: [577 7 4 4 -2 | R -2] [573 3 0 0 -6 | R -6] | Lam t over the box: v >= 30 (linear 30, degree >= 2: 51), need 30, margin 0, degree >= 2 margin 21
k=1 const disc 3 X0 160 s 8 nu 7 | t: [577 7 4 4 -2 | R -2] [573 3 0 0 -6 | R -6] | Lam t over the box: v >= 30 (linear 30, degree >= 2: 51), need 30, margin 0, degree >= 2 margin 21
k=1 const disc 3 X0 32 s 8 nu 7 | t: [577 7 4 4 -2 | R -2] [573 3 0 0 -6 | R -6] | Lam t over the box: v >= 30 (linear 30, degree >= 2: 51), need 30, margin 0, degree >= 2 margin 21
k=1 const disc 3 X0 112 s 7 nu 6 | t: [577 7 4 4 -2 | R -2] [573 3 0 0 -6 | R -6] | Lam t over the box: v >= 27 (linear 27, degree >= 2: 45), need 27, margin 0, degree >= 2 margin 18
k=1 const disc 3 X0 48 s 7 nu 6 | t: [577 7 4 4 -2 | R -2] [573 3 0 0 -6 | R -6] | Lam t over the box: v >= 27 (linear 27, degree >= 2: 45), need 27, margin 0, degree >= 2 margin 18
k=1 const disc 3 X0 80 s 7 nu 6 | t: [577 7 4 4 -2 | R -2] [573 3 0 0 -6 | R -6] | Lam t over the box: v >= 27 (linear 27, degree >= 2: 45), need 27, margin 0, degree >= 2 margin 18
k=1 const disc 3 X0 16 s 7 nu 6 | t: [577 7 4 4 -2 | R -2] [573 3 0 0 -6 | R -6] | Lam t over the box: v >= 27 (linear 27, degree >= 2: 45), need 27, margin 0, degree >= 2 margin 18
k=1 const disc 3 X0 56 s 6 nu 5 | t: [577 7 4 4 -2 | R -2] [573 3 0 0 -6 | R -6] | Lam t over the box: v >= 24 (linear 24, degree >= 2: 39), need 24, margin 0, degree >= 2 margin 15
k=1 const disc 3 X0 24 s 6 nu 5 | t: [577 7 4 4 -2 | R -2] [573 3 0 0 -6 | R -6] | Lam t over the box: v >= 24 (linear 24, degree >= 2: 39), need 24, margin 0, degree >= 2 margin 15
k=1 const disc 3 X0 40 s 6 nu 5 | t: [577 7 4 4 -2 | R -2] [573 3 0 0 -6 | R -6] | Lam t over the box: v >= 24 (linear 24, degree >= 2: 39), need 24, margin 0, degree >= 2 margin 15
k=1 const disc 3 X0 8 s 6 nu 5 | t: [577 7 4 4 -2 | R -2] [573 3 0 0 -6 | R -6] | Lam t over the box: v >= 24 (linear 24, degree >= 2: 39), need 24, margin 0, degree >= 2 margin 15
k=1 const disc 2 X0 23 s 5 nu 4 | t: [566 6 6 11 3 | R 8] [566 3 3 9 0 | R 7] | Lam t over the box: v >= 21 (linear 21, degree >= 2: 36), need 21, margin 0, degree >= 2 margin 15
k=1 const disc 2 X0 7 s 5 nu 4 | t: [566 6 6 11 3 | R 8] [566 3 3 9 0 | R 7] | Lam t over the box: v >= 21 (linear 21, degree >= 2: 36), need 21, margin 0, degree >= 2 margin 15
k=1 const disc 2 X0 11 s 4 nu 3 | t: [566 6 6 11 3 | R 5] [566 3 3 9 0 | R 4] | Lam t over the box: v >= 18 (linear 18, degree >= 2: 30), need 18, margin 0, degree >= 2 margin 12
k=1 const disc 2 X0 3 s 4 nu 3 | t: [566 6 6 11 3 | R 5] [566 3 3 9 0 | R 4] | Lam t over the box: v >= 18 (linear 18, degree >= 2: 30), need 18, margin 0, degree >= 2 margin 12
k=1 const disc 2 X0 5 s 3 nu 2 | t: [566 6 6 11 3 | R 2] [566 3 3 13 0 | R 1] | Lam t over the box: v >= 15 (linear 15, degree >= 2: 24), need 15, margin 0, degree >= 2 margin 9
k=1 const disc 2 X0 1 s 3 nu 2 | t: [566 6 6 11 3 | R 2] [566 3 3 12 0 | R 1] | Lam t over the box: v >= 15 (linear 15, degree >= 2: 24), need 15, margin 0, degree >= 2 margin 9
k=1 tail disc 3 Xi 0 s 6 | t: [577 7 4 4 -2 | R -2] [573 3 0 0 -6 | R -6] | (Lam t - w0 h)/h^2: v >= 3, need vM - 3 s0 = -3, margin 6 | 2 w0 in Q_2^6 mod 2^20: [0, 0, 0, 860824, 447832, 471064] (prec [194, 194, 194, 193, 193, 193]~)
   tail x_1: Lean t.g mod 2^20 = [0, 0, 0, 860824, 447832, 471064]; 2 w0 = +t.g mod 2^min(20, prec): 1, = -t.g: 0
k=1 tail disc 2 Xi -1 s 4 | t: [566 6 6 11 3 | R 5] [566 3 3 9 0 | R 4] | (Lam t - w0 h)/h^2: v >= 6, need vM - 3 s0 = 0, margin 6 | 2 w0 in Q_2^6 mod 2^20: [806224, 93888, 1047904, 388376, 922552, 494024] (prec [191, 191, 191, 191, 191, 191]~)
   tail x_3: Lean t.g mod 2^20 = [806224, 93888, 1047904, 388376, 922552, 494024]; 2 w0 = +t.g mod 2^min(20, prec): 1, = -t.g: 0
k = 1: 22 constant boxes, 22 Taylor model runs; min margin of Lam t over the need 0; min remainder margin 9; min certified depth of t 12 (19553 ms)
