ok: fRev_0 = -delta det(M3 + 2t M2 + t^2 M1)
ok: fRev_1 = -delta det(M3 + 2t M2 + t^2 M1)
ok: x0 on D
ok: x0 = the lift of p21_phi.gp
ok: x0: Lean's U' = transported U of p21_phi.gp
ok: x0: Lean's V' = transported V of p21_phi.gp
ok: x0: U' | V'^2 - fRev
ok: x0: T tangent at P'
ok: x0: U' = t^2 + 2 (a2/a3) t + a1/a3
ok: x0: Hodge entry (1, 3) = m
ok: x0: (G A G)_{13} - m V' = (a3 U') w
ok: x0: G A G = V' star(A) mod U'
ok: x1 on D
ok: x1 = the lift of p21_phi.gp
ok: x1: Lean's U' = transported U of p21_phi.gp
ok: x1: Lean's V' = transported V of p21_phi.gp
ok: x1: U' | V'^2 - fRev
ok: x1: T tangent at P'
ok: x1: U' = t^2 + 2 (a2/a3) t + a1/a3
ok: x1: Hodge entry (1, 3) = m
ok: x1: (G A G)_{13} - m V' = (a3 U') w
ok: x1: G A G = V' star(A) mod U'
ok: x2 on D
ok: x2 = the lift of p21_phi.gp
ok: x2: Lean's U' = transported U of p21_phi.gp
ok: x2: Lean's V' = transported V of p21_phi.gp
ok: x2: U' | V'^2 - fRev
ok: x2: T tangent at P'
ok: x2: U' = t^2 + 2 (a2/a3) t + a1/a3
ok: x2: Hodge entry (1, 3) = m
ok: x2: (G A G)_{13} - m V' = (a3 U') w
ok: x2: G A G = V' star(A) mod U'
ok: x3 on D
ok: x3 = the lift of p21_phi.gp
ok: x3: Lean's U' = transported U of p21_phi.gp
ok: x3: Lean's V' = transported V of p21_phi.gp
ok: x3: U' | V'^2 - fRev
ok: x3: T tangent at P'
ok: x3: U' = t^2 + 2 (a2/a3) t + a1/a3
ok: x3: Hodge entry (1, 3) = m
ok: x3: (G A G)_{13} - m V' = (a3 U') w
ok: x3: G A G = V' star(A) mod U'
ok: D_0 R_0^4 = sum_i (D a) Q_i
ok: D_1 R_1^4 = sum_i (D a) Q_i
ok: D_2 R_2^4 = sum_i (D a) Q_i
all checks passed
