'FurioLombardo.Discharge.M3a.Bruin.Mmat_quad' depends on axioms: [propext, Classical.choice, Quot.sound]
'FurioLombardo.Discharge.M3a.Bruin.Mmat_symm' depends on axioms: [propext, Classical.choice, Quot.sound]
'FurioLombardo.Discharge.M3a.Bruin.fδ_eq_det' depends on axioms: [propext, Classical.choice, Quot.sound]
'FurioLombardo.Discharge.M3a.Bruin.Mt_eq' depends on axioms: [propext, Classical.choice, Quot.sound]
'FurioLombardo.Discharge.M3a.Bruin.fδ_natDegree' depends on axioms: [propext, Classical.choice, Quot.sound]
'FurioLombardo.Discharge.M3a.Bruin.fRev_eq_reverse' depends on axioms: [propext, Classical.choice, Quot.sound]
'FurioLombardo.Discharge.M3a.Bruin.fRev_eq_mul' depends on axioms: [propext, Classical.choice, Quot.sound]
'FurioLombardo.Discharge.M3a.Bruin.q_monic' depends on axioms: [propext, Classical.choice, Quot.sound]
'FurioLombardo.Discharge.M3a.Bruin.q_natDegree' depends on axioms: [propext, Classical.choice, Quot.sound]
'FurioLombardo.Discharge.M3a.Bruin.q_dvd_fRev' depends on axioms: [propext, Classical.choice, Quot.sound]
'FurioLombardo.Discharge.M3a.Bruin.h_monic' depends on axioms: [propext, Classical.choice, Quot.sound]
'FurioLombardo.Discharge.M3a.Bruin.h_natDegree' depends on axioms: [propext, Classical.choice, Quot.sound]
'FurioLombardo.Discharge.M3a.Bruin.h_dvd_fRev' depends on axioms: [propext, Classical.choice, Quot.sound]
'FurioLombardo.Discharge.M3a.Bruin.c_not_isSquare' depends on axioms: [propext, Classical.choice, Quot.sound]
'FurioLombardo.Discharge.M3a.Bruin.fRev_natDegree' depends on axioms: [propext, Classical.choice, Quot.sound]
'FurioLombardo.Discharge.M3a.Bruin.fRev_leadingCoeff' depends on axioms: [propext, Classical.choice, Quot.sound]
'FurioLombardo.Discharge.M3a.Bruin.fRev_separable' depends on axioms: [propext, Classical.choice, Quot.sound]
'FurioLombardo.Discharge.M3a.Bruin.goodSextic_fRev' depends on axioms: [propext, Classical.choice, Quot.sound]
'FurioLombardo.Discharge.M3a.Bruin.goodSextic_fRev_map' depends on axioms: [propext, Classical.choice, Quot.sound]
'FurioLombardo.Discharge.M3a.Bruin.d_eq' depends on axioms: [propext, Classical.choice, Quot.sound]
'FurioLombardo.Discharge.M3a.Bruin.d_not_isSquare' depends on axioms: [propext, Classical.choice, Quot.sound]
'FurioLombardo.Discharge.M3a.Bruin.β_sq_sub' depends on axioms: [propext, Classical.choice, Quot.sound]
'FurioLombardo.Discharge.M3a.Bruin.β_natDegree_le' depends on axioms: [propext, Classical.choice, Quot.sound]
'FurioLombardo.Discharge.M3a.Bruin.γ_natDegree_le' depends on axioms: [propext, Classical.choice, Quot.sound]
'FurioLombardo.Discharge.M3a.Bruin.d_isSquare_adjoinRoot' depends on axioms: [propext, Classical.choice, Quot.sound]
'FurioLombardo.Discharge.M3a.Bruin.h_dvd_β_sq_sub' depends on axioms: [propext, Classical.choice, Quot.sound]
'FurioLombardo.Discharge.M3a.Bruin.x0' depends on axioms: [propext, Classical.choice, Quot.sound]
'FurioLombardo.Discharge.M3a.Bruin.x1' depends on axioms: [propext, Classical.choice, Quot.sound]
'FurioLombardo.Discharge.M3a.Bruin.x2' depends on axioms: [propext, Classical.choice, Quot.sound]
'FurioLombardo.Discharge.M3a.Bruin.x3' depends on axioms: [propext, Classical.choice, Quot.sound]
'FurioLombardo.Discharge.M3a.Bruin.x0_over' depends on axioms: [propext, Classical.choice, Quot.sound]
'FurioLombardo.Discharge.M3a.Bruin.x1_over' depends on axioms: [propext, Classical.choice, Quot.sound]
'FurioLombardo.Discharge.M3a.Bruin.x2_over' depends on axioms: [propext, Classical.choice, Quot.sound]
'FurioLombardo.Discharge.M3a.Bruin.x3_over' depends on axioms: [propext, Classical.choice, Quot.sound]
'FurioLombardo.Discharge.M3a.goodSextic_map' depends on axioms: [propext, Classical.choice, Quot.sound]
'FurioLombardo.Discharge.M3a.not_isSquare_zkE_of_res' depends on axioms: [propext, Classical.choice, Quot.sound]
