  ***   Warning: new maximum stack size = 4000002048 (3814.699 Mbytes).
pr: e = 3, f = 1, v(PI) = 1
k = 0: v(c) = -6, c square at v: 0, disc q square at v: 0, v(disc q) = 8
  Res(q, h): v = 8, square at v: 1
  v of the coefficients of q: [2, 6, 0], of h: [4, 8, 2, 9, 0]
  shifts with a single side of slope m/2, m odd, through (2, m): 0 found
    eps = [0, 0, 0, 0]: [4, 8, 2, 9, 0]
    eps = [0, 0, 0, 1]: [4, 9, 2, 11, 0]
    eps = [0, 0, 1, 0]: [4, 7, 2, 8, 0]
    eps = [0, 0, 1, 1]: [4, 7, 2, 8, 0]
    eps = [0, 1, 0, 0]: [4, 6, 2, 7, 0]
    eps = [0, 1, 0, 1]: [4, 6, 2, 7, 0]
    eps = [0, 1, 1, 0]: [4, 6, 2, 7, 0]
    eps = [0, 1, 1, 1]: [4, 6, 2, 7, 0]
    eps = [1, 0, 0, 0]: [0, 5, 2, 6, 0]
    eps = [1, 0, 0, 1]: [0, 5, 2, 6, 0]
    eps = [1, 0, 1, 0]: [0, 5, 2, 6, 0]
    eps = [1, 0, 1, 1]: [0, 5, 2, 6, 0]
    eps = [1, 1, 0, 0]: [0, 5, 2, 6, 0]
    eps = [1, 1, 0, 1]: [0, 5, 2, 6, 0]
    eps = [1, 1, 1, 0]: [0, 5, 2, 6, 0]
    eps = [1, 1, 1, 1]: [0, 5, 2, 6, 0]
k = 1: v(c) = -6, c square at v: 0, disc q square at v: 0, v(disc q) = 8
  Res(q, h): v = 8, square at v: 1
  v of the coefficients of q: [2, 6, 0], of h: [4, 8, 2, 9, 0]
  shifts with a single side of slope m/2, m odd, through (2, m): 0 found
    eps = [0, 0, 0, 0]: [4, 8, 2, 9, 0]
    eps = [0, 0, 0, 1]: [4, 9, 2, 11, 0]
    eps = [0, 0, 1, 0]: [4, 7, 2, 8, 0]
    eps = [0, 0, 1, 1]: [4, 7, 2, 8, 0]
    eps = [0, 1, 0, 0]: [4, 6, 2, 7, 0]
    eps = [0, 1, 0, 1]: [4, 6, 2, 7, 0]
    eps = [0, 1, 1, 0]: [4, 6, 2, 7, 0]
    eps = [0, 1, 1, 1]: [4, 6, 2, 7, 0]
    eps = [1, 0, 0, 0]: [0, 5, 2, 6, 0]
    eps = [1, 0, 0, 1]: [0, 5, 2, 6, 0]
    eps = [1, 0, 1, 0]: [0, 5, 2, 6, 0]
    eps = [1, 0, 1, 1]: [0, 5, 2, 6, 0]
    eps = [1, 1, 0, 0]: [0, 5, 2, 6, 0]
    eps = [1, 1, 0, 1]: [0, 5, 2, 6, 0]
    eps = [1, 1, 1, 0]: [0, 5, 2, 6, 0]
    eps = [1, 1, 1, 1]: [0, 5, 2, 6, 0]
