ok: f_0 = c G1 (A^2 - d B^2) is the Prym sextic F0
ok: clear nearest root
ok: clear nearest root
ok: clear nearest root
ok: clear nearest root
ok: even numbers of real roots of G1 and h at a real place
  real place 1: 2 real roots of G1, 2 of h
ok: clear nearest root
ok: clear nearest root
ok: clear nearest root
ok: clear nearest root
ok: even numbers of real roots of G1 and h at a real place
  real place 2: 2 real roots of G1, 2 of h
ok: clear nearest root
ok: clear nearest root
ok: clear nearest root
ok: clear nearest root
ok: even numbers of real roots of G1 and h at a real place
  real place 3: 2 real roots of G1, 2 of h
k = 0: place p = 2 (e = 3, f = 1), factor degrees [2, 4], factor degrees [2, 4], tors2 1, eps 0, D_v 7, coordinates 22
  mu_v(T) coordinates [0, 0, 0, 0, 0, 0, 0, 0, 0, 0, 0, 0, 0, 0, 0, 1, 1, 0, 1, 1, 1, 1]
  rank of K_v^x image 4, with mu_v(T) 5: mu_v(T) nonzero modulo K_v^x: 1
ok: f_1 = c G1 (A^2 - d B^2) is the Prym sextic F1
k = 1: place p = 2 (e = 3, f = 1), factor degrees [2, 4], factor degrees [2, 4], tors2 1, eps 0, D_v 7, coordinates 22
  mu_v(T) coordinates [0, 0, 0, 0, 1, 0, 0, 1, 0, 0, 0, 0, 0, 0, 0, 1, 1, 0, 1, 1, 1, 1]
  rank of K_v^x image 4, with mu_v(T) 5: mu_v(T) nonzero modulo K_v^x: 1
