---- twist k = 0, place p = 2 (e = 3, f = 1), factor degrees [2, 4]
rows at v: 22; rank of the K_v^x image: 4; dim sigma_v(Sel) = 4; dim Sel = dX - 15 = 4
PASS sigma_v injective on Sel^2 (k = 0)
PASS c_1..c_7 independent modulo the K_v^x image, which has independent columns (k = 0)
PASS SelCoef equals the stored matrix of rho_k0.bin
PASS KnCoef equals the stored matrix of rho_k0.bin
KnCoef columns (T, phi_a, phi_b): [[0, 0, 0, 1, 0, 0, 0], [0, 1, 1, 1, 0, 1, 0], [0, 1, 1, 1, 0, 1, 0]]
rank of sigma_v(Sel) in the D basis: 4
PASS the class of T at v is nonzero (T not in 2A(k_v)) (k = 0)
relations (T, phi_a, phi_b) modulo 2J(K21): [[0, 1, 1]]
PASS the only relation is phi_a + phi_b (k = 0)
PASS the known classes span 2 dimensions modulo the local scalars (k = 0)
---- twist k = 1, place p = 2 (e = 3, f = 1), factor degrees [2, 4]
rows at v: 22; rank of the K_v^x image: 4; dim sigma_v(Sel) = 4; dim Sel = dX - 15 = 4
PASS sigma_v injective on Sel^2 (k = 1)
PASS c_1..c_7 independent modulo the K_v^x image, which has independent columns (k = 1)
PASS SelCoef equals the stored matrix of rho_k1.bin
PASS KnCoef equals the stored matrix of rho_k1.bin
KnCoef columns (T, phi_a, phi_b): [[0, 0, 0, 0, 0, 1, 0], [0, 0, 0, 0, 0, 0, 1], [0, 0, 0, 0, 0, 0, 1]]
rank of sigma_v(Sel) in the D basis: 4
PASS the class of T at v is nonzero (T not in 2A(k_v)) (k = 1)
relations (T, phi_a, phi_b) modulo 2J(K21): [[0, 1, 1]]
PASS the only relation is phi_a + phi_b (k = 1)
PASS the known classes span 2 dimensions modulo the local scalars (k = 1)
RESULT PASS
