primes above 2: e = [12, 6, 3]  uniformizers checked
primes above 3: S prime of degree 1 ; outside S, degrees [8, 8, 4]
final survivors (indices into the 8): [1, 3]
which Q gives delta(P_i): ['Q3', 'Q1', 'Q1', 'Q1']
delta(P_i) has even valuation at every prime outside S, i = 0..3
survivor 1 : u * delta(P_i) is a square in K21 for i = 0..3: [True, False, True, False]
survivor 3 : u * delta(P_i) is a square in K21 for i = 0..3: [False, True, False, True]
d0 * delta(P0), d1 * delta(P1) squares in K21: True True
delta(P0) delta(P1) is a unit non-residue at the degree one prime (p, b - r) = (13, 11)
exclusion certificates at 2 (survivor, count of leaves, reasons):
  survivor 0 {(12, 'Artin-Schreier level 2e'): 10, (12, 'odd level below 2e'): 28, (6, 'odd level below 2e'): 1, None: 1}
  survivor 1 {None: 6, (6, 'odd level below 2e'): 3, (12, 'odd level below 2e'): 28, (12, 'Artin-Schreier level 2e'): 2, (6, 'Artin-Schreier level 2e'): 1}
  survivor 2 {(12, 'odd level below 2e'): 28, (12, 'Artin-Schreier level 2e'): 6, (6, 'Artin-Schreier level 2e'): 3, (6, 'odd level below 2e'): 3}
  survivor 3 {(12, 'odd level below 2e'): 28, (6, 'odd level below 2e'): 3, (12, 'Artin-Schreier level 2e'): 6, None: 3}
  survivor 4 {(12, 'odd level below 2e'): 40}
  survivor 5 {(12, 'odd level below 2e'): 40}
  survivor 6 {(12, 'odd level below 2e'): 40}
  survivor 7 {(12, 'odd level below 2e'): 40}
reasons used at 2 over all (survivor, leaf) exclusions: {'Artin-Schreier level 2e': 28, 'odd level below 2e': 282}
KAT 1 (dyadic square test vs nfislocalpower): 1350 tests, 0 mismatches
KAT 2: Q_2 points (x0 in [-40, 40], chart A): 121 ; failures (not in exactly one leaf, or class mismatch): 0
