p = 5: primes above p of degrees [3, 6, 6, 6], #C(F_p) = 6, #image = 1, survivors = 16384
p = 11: primes above p of degrees [7, 7, 7], #C(F_p) = 21, #image = 1, survivors = 2048
p = 13: primes above p of degrees [1, 4, 8, 8], #C(F_p) = 14, #image = 2, survivors = 256
p = 17: primes above p of degrees [1, 4, 8, 8], #C(F_p) = 18, #image = 2, survivors = 32
p = 19: primes above p of degrees [3, 6, 6, 6], #C(F_p) = 20, #image = 2, survivors = 16
p = 23: primes above p of degrees [1, 1, 1, 1, 1, 2, 2, 2, 2, 2, 2, 2, 2], #C(F_p) = 32, #image = 16, survivors = 8
after p = 23: survivors form a coset s0 + W with dim W = 3 ; coset closed: True
p = 29: primes above p of degrees [7, 7, 7], #C(F_p) = 45, #image = 1, survivors = 8
p = 31: primes above p of degrees [1, 4, 8, 8], #C(F_p) = 32, #image = 2, survivors = 8
p = 37: primes above p of degrees [3, 3, 3, 3, 3, 3, 3], #C(F_p) = 38, #image = 4, survivors = 8
p = 41: primes above p of degrees [3, 6, 6, 6], #C(F_p) = 42, #image = 2, survivors = 8
p = 43: primes above p of degrees [1, 2, 2, 4, 4, 4, 4], #C(F_p) = 56, #image = 4, survivors = 8
p = 47: primes above p of degrees [1, 4, 8, 8], #C(F_p) = 48, #image = 2, survivors = 8
p = 53: primes above p of degrees [1, 2, 2, 4, 4, 4, 4], #C(F_p) = 64, #image = 4, survivors = 8
p = 59: primes above p of degrees [1, 4, 8, 8], #C(F_p) = 60, #image = 2, survivors = 8
p = 61: primes above p of degrees [1, 4, 8, 8], #C(F_p) = 62, #image = 2, survivors = 8
p = 67: primes above p of degrees [3, 3, 3, 3, 3, 3, 3], #C(F_p) = 68, #image = 4, survivors = 8
p = 71: primes above p of degrees [1, 1, 1, 1, 1, 2, 2, 2, 2, 2, 2, 2, 2], #C(F_p) = 88, #image = 16, survivors = 8
p = 73: primes above p of degrees [1, 1, 1, 2, 2, 2, 2, 2, 2, 2, 2, 2], #C(F_p) = 74, #image = 8, survivors = 8
p = 79: primes above p of degrees [7, 7, 7], #C(F_p) = 105, #image = 1, survivors = 8
p = 83: primes above p of degrees [3, 6, 6, 6], #C(F_p) = 84, #image = 2, survivors = 8
p = 89: primes above p of degrees [1, 1, 1, 2, 2, 2, 2, 2, 2, 2, 2, 2], #C(F_p) = 90, #image = 8, survivors = 8
p = 97: primes above p of degrees [3, 6, 6, 6], #C(F_p) = 98, #image = 2, survivors = 8
p = 101: primes above p of degrees [3, 6, 6, 6], #C(F_p) = 102, #image = 2, survivors = 8
p = 103: primes above p of degrees [3, 6, 6, 6], #C(F_p) = 104, #image = 2, survivors = 8
p = 107: primes above p of degrees [1, 2, 2, 4, 4, 4, 4], #C(F_p) = 128, #image = 4, survivors = 8
p = 109: primes above p of degrees [3, 3, 3, 3, 3, 3, 3], #C(F_p) = 110, #image = 4, survivors = 8
p = 113: primes above p of degrees [1, 2, 2, 4, 4, 4, 4], #C(F_p) = 112, #image = 4, survivors = 8
p = 127: primes above p of degrees [3, 3, 3, 3, 3, 3, 3], #C(F_p) = 128, #image = 4, survivors = 8
p = 131: primes above p of degrees [1, 4, 8, 8], #C(F_p) = 132, #image = 2, survivors = 8
p = 137: primes above p of degrees [7, 7, 7], #C(F_p) = 161, #image = 1, survivors = 8
p = 139: primes above p of degrees [3, 6, 6, 6], #C(F_p) = 140, #image = 2, survivors = 8
p = 149: primes above p of degrees [3, 3, 3, 3, 3, 3, 3], #C(F_p) = 150, #image = 4, survivors = 8
p = 151: primes above p of degrees [3, 3, 3, 3, 3, 3, 3], #C(F_p) = 152, #image = 4, survivors = 8
p = 157: primes above p of degrees [1, 4, 8, 8], #C(F_p) = 158, #image = 2, survivors = 8
p = 163: primes above p of degrees [7, 7, 7], #C(F_p) = 175, #image = 1, survivors = 8
p = 167: primes above p of degrees [3, 6, 6, 6], #C(F_p) = 168, #image = 2, survivors = 8
p = 173: primes above p of degrees [3, 6, 6, 6], #C(F_p) = 174, #image = 2, survivors = 8
p = 179: primes above p of degrees [1, 2, 2, 4, 4, 4, 4], #C(F_p) = 176, #image = 4, survivors = 8
p = 181: primes above p of degrees [1, 4, 8, 8], #C(F_p) = 182, #image = 2, survivors = 8
p = 191: primes above p of degrees [3, 3, 3, 3, 3, 3, 3], #C(F_p) = 192, #image = 4, survivors = 8
p = 193: primes above p of degrees [7, 7, 7], #C(F_p) = 175, #image = 1, survivors = 8
p = 197: primes above p of degrees [3, 3, 3, 3, 3, 3, 3], #C(F_p) = 198, #image = 4, survivors = 8
p = 199: primes above p of degrees [1, 4, 8, 8], #C(F_p) = 200, #image = 2, survivors = 8
survivors after all primes up to 199: 8
