primes above 2: e = [12, 6, 3]  uniformizers checked
primes above 3: S prime of degree 1 ; outside S, degrees [8, 8, 4]
p = 2: leaves = 40  max m = 4  discarded boxes = 54
  survivor 0 : leaves at 2 with matching class: 1 [((3, 1, 1), 3)]
  survivor 1 : leaves at 2 with matching class: 6 [((7, 1, 4), 3), ((3, 1, 0), 3), ((6, 0, 1), 3), ((2, 0, 1), 3)]
  survivor 2 : leaves at 2 with matching class: 0 []
  survivor 3 : leaves at 2 with matching class: 3 [((1, 1, 1), 3), ((7, 0, 1), 3), ((3, 0, 1), 3)]
  survivor 4 : leaves at 2 with matching class: 0 []
  survivor 5 : leaves at 2 with matching class: 0 []
  survivor 6 : leaves at 2 with matching class: 0 []
  survivor 7 : leaves at 2 with matching class: 0 []
p = 2 keeps survivors [0, 1, 3]
p = 3: leaves = 20  max m = 3  discarded boxes = 57
  survivor 0 : leaves at 3 matching at the S prime: 0 ; at all primes above 3: 0 []
  survivor 1 : leaves at 3 matching at the S prime: 20 ; at all primes above 3: 20 [((2, 0, 1), 1), ((1, 2, 1), 1), ((25, 22, 1), 3), ((16, 4, 1), 3)]
  survivor 2 : leaves at 3 matching at the S prime: 0 ; at all primes above 3: 0 []
  survivor 3 : leaves at 3 matching at the S prime: 20 ; at all primes above 3: 20 [((2, 0, 1), 1), ((1, 2, 1), 1), ((25, 22, 1), 3), ((16, 4, 1), 3)]
  survivor 4 : leaves at 3 matching at the S prime: 20 ; at all primes above 3: 20 [((2, 0, 1), 1), ((1, 2, 1), 1), ((25, 22, 1), 3), ((16, 4, 1), 3)]
  survivor 5 : leaves at 3 matching at the S prime: 0 ; at all primes above 3: 0 []
  survivor 6 : leaves at 3 matching at the S prime: 20 ; at all primes above 3: 20 [((2, 0, 1), 1), ((1, 2, 1), 1), ((25, 22, 1), 3), ((16, 4, 1), 3)]
  survivor 7 : leaves at 3 matching at the S prime: 0 ; at all primes above 3: 0 []
p = 3 (S prime only) keeps [1, 3, 4, 6] ; p = 3 (all primes above 3) keeps [1, 3, 4, 6]
final survivors (2 and all primes above 3): [1, 3] ; (2 and the S prime above 3): [1, 3]
