# lake env lean --profile sb_6_f2probe.lean (host, 2026-09-28T20:44:34+02:00); gp data: sb_6_f2probe.gp -> probe_data.txt
import took 6.17s
type checking took 2.42s
type checking took 2.66s
cumulative profiling times:
	attribute application 0.055ms
	blocked (unaccounted) 2.44s
	compilation (IR) 2.68ms
	compilation (LCNF base) 25ms
	compilation (LCNF impure) 61.9ms
	compilation (LCNF mono) 26.6ms
	elaboration 179ms
	fix level params 0.209ms
	import 6.17s
	initialization 39.4ms
	instantiate metavars 0.507ms
	interpretation 370ms
	let-to-have transformation 4.45ms
	linting 6.77ms
	module linting 0.00131ms
	overlappingInstancesLinter 2.35ms
	parsing 8.75ms
	process pre-definitions 8.18ms
	share common exprs 1.31ms
	tactic execution 0.841ms
	tacticAnalysis 17.4ms
	type checking 5.09s
	typeclass inference 127ms
total 12.86 s, max RSS 6950392 KB
