Tue Sep 29 02:41:44 AM CEST 2026
type checking took 681ms
type checking took 617ms
type checking took 774ms
type checking took 2.76s
type checking took 402ms
cumulative profiling times:
	attribute application 0.033ms
	fix level params 0.0317ms
	instantiate metavars 0.0561ms
	let-to-have transformation 0.0221ms
	overlappingInstancesLinter 0.825ms
	process pre-definitions 0.563ms
	share common exprs 0.137ms
	tactic execution 1.49ms
	tacticAnalysis 2.84ms
	type checking 5.23s
	typeclass inference 5.51ms
	Command being timed: "lake env lean -j 1 -DElab.async=false -DautoImplicit=false ../code/selmer-basis/sb_9_kernel_probe.lean"
	User time (seconds): 12.77
	System time (seconds): 3.19
	Percent of CPU this job got: 99%
	Elapsed (wall clock) time (h:mm:ss or m:ss): 0:16.01
	Average shared text size (kbytes): 0
	Average unshared data size (kbytes): 0
	Average stack size (kbytes): 0
	Average total size (kbytes): 0
	Maximum resident set size (kbytes): 6997128
	Average resident set size (kbytes): 0
	Major (requiring I/O) page faults: 0
	Minor (reclaiming a frame) page faults: 190146
	Voluntary context switches: 1661
	Involuntary context switches: 1852
	Swaps: 0
	File system inputs: 96
	File system outputs: 0
	Socket messages sent: 0
	Socket messages received: 0
	Signals delivered: 0
	Page size (bytes): 4096
	Exit status: 0
exit 0
Tue Sep 29 02:42:00 AM CEST 2026
