== orbit structure of Omega (embeddings of A3) over Q_2, Q_7, R
ok  Q_2: one orbit of size 8 (2 = P^4, f = 2)
ok  Q_7: orbits of sizes 1 and 7
ok  R: complex conjugation has 2 fixed points and 3 transpositions on Omega
== local square classes at 2
ok  5 is a square in L = A3 (x) Q_2 (L contains the unramified quadratic extension)
ok  ker(Q_2^x/Q_2^x2 -> L^x/L^x2) = {1, 5}: dimension 1
ok  the image of Q_2^x in L^x/L^x2 has dimension 2 (spanned by -1, 2)
   Q_2: W^G = Diag (one orbit), so (W/Diag)^G = ker(Q_2^x/Q_2^x2 -> L^x/L^x2) has dimension 1;
   its nonzero element has weight 4 (even), so J(Q_2)[2] = (W0/Diag)^G has dimension 1,
   dim J(Q_2)/2J(Q_2) = 1 + 3 = 4; no orbit of odd size, so [R - 3P0] is not in 2J(Q_2):
   the local kernel of delta_2 has dimension 1 and dim Im(delta_2) = 3.
== sampling C(Q_2)
ok  P1 = (1,1,1) lies on C and G_A(P1) != 0
   new direction from the Q_2-point with x0 = -40, v_2(y) = 4: dim now 1
   new direction from the Q_2-point with x0 = -40, v_2(y) = -1: dim now 2
   new direction from the Q_2-point with x0 = -39, v_2(y) = 1: dim now 3
   Q_2-points tried: 354, with enough precision: 353, largest v_P(G_A(P)) met: 62
ok  the differences of Q_2-points span a 3-dimensional subspace of L^x/L^x2 Q_2^x
   = Im(delta_2), since dim Im(delta_2) = 3; generators found at: [[-40, 2^4 + 2^6 + 2^7 + 2^10 + 2^11 + 2^12 + 2^13 + 2^14 + 2^15 + 2^19 + 2^21 + 2^23 + 2^26 + 2^29 + 2^30 + 2^32 + 2^36 + 2^37 + 2^38 + 2^40 + 2^44 + 2^45 + 2^47 + 2^51 + 2^58 + 2^59 + 2^60 + O(2^61)], [-40, 2^-1 + 2^5 + 2^6 + 2^10 + 2^11 + 2^14 + 2^15 + 2^16 + 2^18 + 2^21 + 2^23 + 2^24 + 2^27 + 2^39 + 2^40 + 2^41 + 2^44 + 2^49 + 2^50 + 2^51 + 2^54 + 2^55 + 2^58 + 2^59 + O(2^61)], [-39, 2 + 2^4 + 2^6 + 2^8 + 2^10 + 2^11 + 2^14 + 2^15 + 2^16 + 2^19 + 2^21 + 2^22 + 2^23 + 2^24 + 2^27 + 2^28 + 2^30 + 2^32 + 2^33 + 2^34 + 2^36 + 2^38 + 2^39 + 2^40 + 2^41 + 2^44 + 2^45 + 2^47 + 2^48 + 2^49 + 2^52 + 2^53 + 2^58 + 2^59 + O(2^60)]]
== Q_7
   orbits of sizes 1 and 7: (W/Diag)^G = {0, class of the fixed point}, which has odd weight,
   so J(Q_7)[2] = 0 and J(Q_7)/2J(Q_7) = 0: Im(delta_7) = 0.
ok  the image of Q_7^x in (A3 (x) Q_7)^x / squares has dimension 2 (spanned by 7, 3)
ok  sanity: 109 Q_7-points, every difference is trivial in (A3 (x) Q_7)^x / squares Q_7^x
== R
   complex conjugation has fixed points on Omega: (W/Diag)^c = W^c/Diag of dimension 4, weight map onto mu_2,
   so J(R)[2] has dimension 3 = g, J(R) is connected and J(R)/2J(R) = 0: Im(delta_inf) = 0.
ok  the image of R^x is the diagonal of (R^x/R^x2)^2
ok  sanity (floating point): 801 real points, the parity of the signs of G_A at the two real places is the same as at P1
step 3 done
== global data
ok  h(A3) = 1
ok  bnfcertify: class group and units certified (no GRH)
ok  O_S^x / squares has dimension 8 (3 S-generators, 4 fundamental units, -1)
ok  the torsion generator is -1
ok  -1, 2, 7 are independent in A3^x / squares (A3 has no quadratic subfield)
   A(S,2) = O_S^x/O_S^x2 (h = 1), and the classes of A3^x/A3^x2 Q^x unramified outside {2,7} form A(S,2)/<-1,2,7>, dim 5
== conditions
   number of linear conditions: norm 3, at 2 5, at 7 2, at infinity 1
ok  -1, 2, 7 satisfy every condition (as they must)
   kernel in A(S,2): dimension 5
ok  dim Sel_fake = dim(kernel) - dim <-1,2,7> = 2
   norm only: 3; norm + at 2: 2; norm + at 2 + at 7: 2; all: 2
   norm + at 2 + (v_P7a = v_P7b mod 2), the conditions of DoDescent.m: dimension 2
step 4 done
