K21: disc [-1, 1; 2, 22; 7, 27], index [2, 25; 45613, 1; 462191, 1; 249279053, 1], class group (GRH, not used: generators are checked by ideal equality) [], nfcertify []

=== twist 0 ===
  N(lc fRev) = [-1, 1; 2, -12; 7, 21; 23, 9]; N(disc fRev) = [-1, 1; 2, -84; 3, 30; 7, 633; 439, 30]
  (D) pr above 3, f 1: v(disc fRev) = 30, v(lc) = 0, fRev mod pr = Mat([X + 1, 6])
  (D) pr above 439, f 1: v(disc fRev) = 30, v(lc) = 0, fRev mod pr = Mat([X + 30, 6])
  (D) primes above 23 with v(lc) > 0: 5, residue degrees [1, 2, 2, 2, 2], v(lc) [1, 1, 1, 1, 1], v(disc) [0, 0, 0, 0, 0]
  (M) N(disc f1) = [-1, 1; 2, -84; 7, 633], v(disc f1) at pr3 = 0, at pr439 = 0
  (I) i = 0: v(f1(i)) at the primes above 23 with v(lc) > 0: [0, 0, 0, 0, 0]; N((14^60 lc, 14^60 f1(i) r2)) = [2, 1116; 7, 1281]
  (I) i = 1: v(f1(i)) at the primes above 23 with v(lc) > 0: [0, 0, 0, 0, 0]; N((14^60 lc, 14^60 f1(i) r2)) = [2, 1148; 7, 1281]
  (I) i = 2: v(f1(i)) at the primes above 23 with v(lc) > 0: [0, 0, 0, 0, 0]; N((14^60 lc, 14^60 f1(i) r2)) = [2, 1116; 7, 1281]
  (C) 12 Mumford pairs (u monic quadratic coprime to fRev, u | V^2 - fRev) out of 13 candidates
  *** idealadd: Warning: increasing stack size to 16000000.
  (T) changes of model checked exactly on 36 (pair, i)
    naive c0 fails above 3 (local degree 2, factor of degree 2), pair 1: v(u(theta)) = 1, v(c0) = 0, v(c) = -1
    naive c0 fails above 3 (local degree 2, factor of degree 2), pair 5: v(u(theta)) = 1, v(c0) = 0, v(c) = -1
    naive c0 fails above 3 (local degree 2, factor of degree 2), pair 6: v(u(theta)) = 1, v(c0) = 0, v(c) = -1
    naive c0 fails above 3 (local degree 2, factor of degree 2), pair 7: v(u(theta)) = 1, v(c0) = 0, v(c) = -1
    naive c0 fails above 3 (local degree 2, factor of degree 2), pair 12: v(u(theta)) = 1, v(c0) = 0, v(c) = -1
    naive c0 fails above 3 (local degree 4, factor of degree 4), pair 1: v(u(theta)) = 1, v(c0) = 0, v(c) = -1
    naive c0 fails above 3 (local degree 4, factor of degree 4), pair 5: v(u(theta)) = 1, v(c0) = 0, v(c) = -1
    naive c0 fails above 3 (local degree 4, factor of degree 4), pair 6: v(u(theta)) = 1, v(c0) = 0, v(c) = -1
    naive c0 fails above 3 (local degree 4, factor of degree 4), pair 7: v(u(theta)) = 1, v(c0) = 0, v(c) = -1
    naive c0 fails above 3 (local degree 4, factor of degree 4), pair 12: v(u(theta)) = 1, v(c0) = 0, v(c) = -1
  (C) pr above 3 (model 1): 24 parity tests with c, 10 naive c0 failures
  (C) pr above 439 (model 1): 60 parity tests with c, 0 naive c0 failures
  (C) pr above 23 (model 2): 72 parity tests with c, 0 naive c0 failures

=== twist 1 ===
  N(lc fRev) = [-1, 1; 2, -12; 7, 21; 23, 9]; N(disc fRev) = [-1, 1; 2, -84; 3, 30; 7, 633; 439, 30]
  (D) pr above 3, f 1: v(disc fRev) = 30, v(lc) = 0, fRev mod pr = Mat([X + 1, 6])
  (D) pr above 439, f 1: v(disc fRev) = 30, v(lc) = 0, fRev mod pr = Mat([X + 30, 6])
  (D) primes above 23 with v(lc) > 0: 5, residue degrees [1, 2, 2, 2, 2], v(lc) [1, 1, 1, 1, 1], v(disc) [0, 0, 0, 0, 0]
  (M) N(disc f1) = [-1, 1; 2, -84; 7, 633], v(disc f1) at pr3 = 0, at pr439 = 0
  (I) i = 0: v(f1(i)) at the primes above 23 with v(lc) > 0: [0, 0, 0, 0, 0]; N((14^60 lc, 14^60 f1(i) r2)) = [2, 1116; 7, 1281]
  (I) i = 1: v(f1(i)) at the primes above 23 with v(lc) > 0: [0, 0, 0, 0, 0]; N((14^60 lc, 14^60 f1(i) r2)) = [2, 1148; 7, 1281]
  (I) i = 2: v(f1(i)) at the primes above 23 with v(lc) > 0: [0, 0, 0, 0, 0]; N((14^60 lc, 14^60 f1(i) r2)) = [2, 1116; 7, 1281]
  (C) 12 Mumford pairs (u monic quadratic coprime to fRev, u | V^2 - fRev) out of 13 candidates
  (T) changes of model checked exactly on 36 (pair, i)
    naive c0 fails above 3 (local degree 2, factor of degree 2), pair 1: v(u(theta)) = 0, v(c0) = -1, v(c) = -2
    naive c0 fails above 3 (local degree 2, factor of degree 2), pair 5: v(u(theta)) = 0, v(c0) = -1, v(c) = -2
    naive c0 fails above 3 (local degree 2, factor of degree 2), pair 6: v(u(theta)) = 1, v(c0) = 0, v(c) = -1
    naive c0 fails above 3 (local degree 2, factor of degree 2), pair 7: v(u(theta)) = 0, v(c0) = -1, v(c) = -2
    naive c0 fails above 3 (local degree 4, factor of degree 4), pair 1: v(u(theta)) = 0, v(c0) = -1, v(c) = -2
    naive c0 fails above 3 (local degree 4, factor of degree 4), pair 5: v(u(theta)) = 0, v(c0) = -1, v(c) = -2
    naive c0 fails above 3 (local degree 4, factor of degree 4), pair 6: v(u(theta)) = 1, v(c0) = 0, v(c) = -1
    naive c0 fails above 3 (local degree 4, factor of degree 4), pair 7: v(u(theta)) = 0, v(c0) = -1, v(c) = -2
  (C) pr above 3 (model 1): 24 parity tests with c, 8 naive c0 failures
  (C) pr above 439 (model 1): 60 parity tests with c, 0 naive c0 failures
  (C) pr above 23 (model 2): 72 parity tests with c, 0 naive c0 failures

Mumford pairs 24, parity tests 312 (naive c0 failures 18); checks 2319, failures 0
RESULT PASS
