  ***   Warning: new maximum stack size = 2000003072 (1907.352 Mbytes).
primes above 2: [[3, 1], [12, 1], [6, 1]]; above 7: [[7, 3]]
twist 0: degrees [2, 4], fRev = lc q h: 1
  v (e = 3, f = 1): v(lc) = -6 sq 0; v(d) = 8 sq 0; v(disc h) = 24 sq 1; v(disc f) = -12 sq 0
  w2 (e = 12, f = 1): v(lc) = -4 sq 0; v(d) = 32 sq 0; v(disc h) = -24 sq 1; v(disc f) = -48 sq 0
  w3 (e = 6, f = 1): v(lc) = -2 sq 0; v(d) = -4 sq 0; v(disc h) = 48 sq 1; v(disc f) = -24 sq 0
  7 (e = 7, f = 3): v(lc) = 7 sq 0; v(d) = 8 sq 1; v(disc h) = 55 sq 0; v(disc f) = 211 sq 0
  base points a (|a| <= 30, r4, r6 != 0, f0 a square somewhere): [a, [square at v, w2, w3, 7], global square, v_v, v_w2, v_w3, v_7 of f0]
    [-30, [1, 0, 0, 0], 0, 0, -8, -4, 7]
    [-28, [1, 1, 1, 0], 0, 0, -8, -4, 7]
    [-26, [1, 0, 0, 0], 0, 0, -8, -4, 7]
    [-24, [1, 1, 1, 0], 0, 0, -8, -4, 7]
    [-22, [1, 0, 0, 0], 0, 0, -8, -4, 7]
    [-20, [1, 1, 1, 0], 0, 0, -8, -4, 7]
    [-18, [1, 0, 0, 0], 0, 0, -8, -4, 7]
    [-16, [1, 1, 1, 0], 0, 0, -8, -4, 7]
    [-14, [1, 0, 0, 0], 0, 0, -8, -4, 7]
    [-12, [1, 1, 1, 0], 0, 0, -8, -4, 7]
    [-10, [1, 0, 0, 0], 0, 0, -8, -4, 7]
    [-8, [1, 1, 1, 0], 0, 0, -8, -4, 7]
    [-6, [1, 0, 0, 0], 0, 0, -8, -4, 7]
    [-4, [1, 1, 1, 0], 0, 0, -8, -4, 7]
    [-2, [1, 0, 0, 0], 0, 0, -8, -4, 7]
    [0, [1, 1, 1, 0], 0, 0, -8, -4, 7]
    [2, [1, 0, 0, 0], 0, 0, -8, -4, 7]
    [4, [1, 1, 1, 0], 0, 0, -8, -4, 7]
    [6, [1, 0, 0, 0], 0, 0, -8, -4, 7]
    [8, [1, 1, 1, 0], 0, 0, -8, -4, 7]
    [10, [1, 0, 0, 0], 0, 0, -8, -4, 7]
    [12, [1, 1, 1, 0], 0, 0, -8, -4, 7]
    [14, [1, 0, 0, 0], 0, 0, -8, -4, 7]
    [16, [1, 1, 1, 0], 0, 0, -8, -4, 7]
    [18, [1, 0, 0, 0], 0, 0, -8, -4, 7]
    [20, [1, 1, 1, 0], 0, 0, -8, -4, 7]
    [22, [1, 0, 0, 0], 0, 0, -8, -4, 7]
    [24, [1, 1, 1, 0], 0, 0, -8, -4, 7]
    [26, [1, 0, 0, 0], 0, 0, -8, -4, 7]
    [28, [1, 1, 1, 0], 0, 0, -8, -4, 7]
    [30, [1, 0, 0, 0], 0, 0, -8, -4, 7]
twist 1: degrees [2, 4], fRev = lc q h: 1
  v (e = 3, f = 1): v(lc) = -6 sq 0; v(d) = 8 sq 0; v(disc h) = 24 sq 1; v(disc f) = -12 sq 0
  w2 (e = 12, f = 1): v(lc) = -4 sq 0; v(d) = 32 sq 0; v(disc h) = -24 sq 1; v(disc f) = -48 sq 0
  w3 (e = 6, f = 1): v(lc) = -2 sq 0; v(d) = -4 sq 0; v(disc h) = 48 sq 1; v(disc f) = -24 sq 0
  7 (e = 7, f = 3): v(lc) = 7 sq 0; v(d) = 8 sq 1; v(disc h) = 55 sq 0; v(disc f) = 211 sq 0
  base points a (|a| <= 30, r4, r6 != 0, f0 a square somewhere): [a, [square at v, w2, w3, 7], global square, v_v, v_w2, v_w3, v_7 of f0]
    [-29, [1, 0, 0, 0], 0, -6, -16, -8, 7]
    [-27, [1, 0, 0, 0], 0, -6, -16, -8, 7]
    [-25, [1, 0, 0, 0], 0, -6, -16, -8, 7]
    [-23, [1, 0, 0, 0], 0, -6, -16, -8, 7]
    [-21, [1, 0, 0, 0], 0, -6, -16, -8, 7]
    [-19, [1, 0, 0, 0], 0, -6, -16, -8, 7]
    [-17, [1, 0, 0, 0], 0, -6, -16, -8, 7]
    [-15, [1, 0, 0, 0], 0, -6, -16, -8, 7]
    [-13, [1, 0, 0, 0], 0, -6, -16, -8, 7]
    [-11, [1, 0, 0, 0], 0, -6, -16, -8, 7]
    [-9, [1, 0, 0, 0], 0, -6, -16, -8, 7]
    [-7, [1, 0, 0, 0], 0, -6, -16, -8, 7]
    [-5, [1, 0, 0, 0], 0, -6, -16, -8, 7]
    [-3, [1, 0, 0, 0], 0, -6, -16, -8, 7]
    [-1, [1, 0, 0, 0], 0, -6, -16, -8, 7]
    [1, [1, 0, 0, 0], 0, -6, -16, -8, 7]
    [3, [1, 0, 0, 0], 0, -6, -16, -8, 7]
    [5, [1, 0, 0, 0], 0, -6, -16, -8, 7]
    [7, [1, 0, 0, 0], 0, -6, -16, -8, 7]
    [9, [1, 0, 0, 0], 0, -6, -16, -8, 7]
    [11, [1, 0, 0, 0], 0, -6, -16, -8, 7]
    [13, [1, 0, 0, 0], 0, -6, -16, -8, 7]
    [15, [1, 0, 0, 0], 0, -6, -16, -8, 7]
    [17, [1, 0, 0, 0], 0, -6, -16, -8, 7]
    [19, [1, 0, 0, 0], 0, -6, -16, -8, 7]
    [21, [1, 0, 0, 0], 0, -6, -16, -8, 7]
    [23, [1, 0, 0, 0], 0, -6, -16, -8, 7]
    [25, [1, 0, 0, 0], 0, -6, -16, -8, 7]
    [27, [1, 0, 0, 0], 0, -6, -16, -8, 7]
    [29, [1, 0, 0, 0], 0, -6, -16, -8, 7]
DONE
