'FurioLombardo.Discharge.SelmerBasis.Count.countBound_w3' depends on axioms: [propext, Classical.choice, Quot.sound]
'FurioLombardo.Discharge.SelmerBasis.Count.countBound_w3_zero' depends on axioms: [propext,
 Classical.choice,
 Quot.sound]
'FurioLombardo.Discharge.SelmerBasis.Count.countBound_w3_one' depends on axioms: [propext, Classical.choice, Quot.sound]
'FurioLombardo.Discharge.SelmerBasis.Count.not_isSquare_c_w3' depends on axioms: [propext, Classical.choice, Quot.sound]
'FurioLombardo.Discharge.SelmerBasis.Count.not_isSquare_d_w3' depends on axioms: [propext, Classical.choice, Quot.sound]
'FurioLombardo.Discharge.SelmerBasis.Count.countBound_at' depends on axioms: [propext, Classical.choice, Quot.sound]
'FurioLombardo.Discharge.SelmerBasis.Count.countBound_dyadic' depends on axioms: [propext, Classical.choice, Quot.sound]
'FurioLombardo.Discharge.SelmerBasis.Count.countBound_odd' depends on axioms: [propext, Classical.choice, Quot.sound]
'FurioLombardo.Discharge.SelmerBasis.Count.ck_isSquare' depends on axioms: [propext, Classical.choice, Quot.sound]
'FurioLombardo.Discharge.SelmerBasis.Count.ck_sq_ne_zero' depends on axioms: [propext, Classical.choice, Quot.sound]
'FurioLombardo.Discharge.SelmerBasis.Count.ck_not_isSquare_depth' depends on axioms: [propext,
 Classical.choice,
 Quot.sound]
'FurioLombardo.Discharge.SelmerBasis.Count.ck_not_isSquare_odd' depends on axioms: [propext,
 Classical.choice,
 Quot.sound]
'FurioLombardo.Discharge.SelmerBasis.Count.cert_isSquare' depends on axioms: [propext, Classical.choice, Quot.sound]
'FurioLombardo.Discharge.SelmerBasis.Count.cert_not_isSquare_depth' depends on axioms: [propext,
 Classical.choice,
 Quot.sound]
'FurioLombardo.Discharge.SelmerBasis.Count.cert_not_isSquare_odd' depends on axioms: [propext,
 Classical.choice,
 Quot.sound]
'FurioLombardo.Discharge.SelmerBasis.Count.nAt_ne_zero_of_check' depends on axioms: [propext,
 Classical.choice,
 Quot.sound]
'FurioLombardo.Discharge.SelmerBasis.Count.fRev_eval_eq' depends on axioms: [propext, Classical.choice, Quot.sound]
'FurioLombardo.Discharge.SelmerBasis.Count.d_mul' depends on axioms: [propext, Classical.choice, Quot.sound]
'FurioLombardo.Discharge.SelmerBasis.Count.ndK_mul' depends on axioms: [propext, Classical.choice, Quot.sound]
