'FurioLombardo.Discharge.SelmerBasis.Count.cnt_monicDiv_choose' depends on axioms: [propext,
 Classical.choice,
 Quot.sound]
'FurioLombardo.Discharge.SelmerBasis.Count.cnt_quadDiv_irrFactor' depends on axioms: [propext,
 Classical.choice,
 Quot.sound]
'FurioLombardo.Discharge.SelmerBasis.Count.cnt_quadDiv_noRoot' depends on axioms: [propext,
 Classical.choice,
 Quot.sound]
'FurioLombardo.Discharge.SelmerBasis.Count.cnt_noRoot_normForm' depends on axioms: [propext,
 Classical.choice,
 Quot.sound]
'FurioLombardo.Discharge.SelmerBasis.Count.cnt_quad_irreducible' depends on axioms: [propext,
 Classical.choice,
 Quot.sound]
'FurioLombardo.Discharge.SelmerBasis.Count.cnt_irrFactor_of_ND' depends on axioms: [propext,
 Classical.choice,
 Quot.sound]
'FurioLombardo.Discharge.SelmerBasis.Count.noRoot_fRev' depends on axioms: [propext, Classical.choice, Quot.sound]
'FurioLombardo.Discharge.SelmerBasis.Count.irrFactor_fRev' depends on axioms: [propext, Classical.choice, Quot.sound]
'FurioLombardo.Discharge.SelmerBasis.Count.tors_noRoot' depends on axioms: [propext, Classical.choice, Quot.sound]
'FurioLombardo.Discharge.SelmerBasis.Count.tors_irrFactor' depends on axioms: [propext, Classical.choice, Quot.sound]
