  ***   Warning: new maximum stack size = 3000000512 (2861.023 Mbytes).
ok: primes of K21 above 2 and 7 in the order v (e = 3), w2 (e = 12), w3 (e = 6), p7 (e = 7, f = 3)
ok: fRev_0 = polrecip(F0) = c_k q h with q, h monic, the same for both twists
ok: fRev_1 = polrecip(F1) = c_k q h with q, h monic, the same for both twists
ok: nfK.zk = M1's zkNum / Dz
ok: M1's fL = K21
ok: place w12: M2's alpha generates the prime (p = 2, e = 12, f = 1)
ok: CRT element E = 1 mod w^400, 0 mod w'^400
ok: w2: e = 12, al = Lean's al2
ok: F = K21[zeta]/(zeta^2 - zeta + 1), zeta = Y1
ok: selmer_rows_lib's standard basis of F^x/F^x2 is the facU basis, in the same order (26 elements)
ok: the coordinates of the basis are the unit vectors
ok: -eps/3 is a square in K_w2 (valuation 0)
  rho: v(rho) = 0, v(3 rho^2 + eps) = 401
ok: iL2(omega)^2 = eps to high precision
  iL2(4 eN): valuation 24, class [0, 0, 0, 0, 0, 0, 0, 0, 0, 0, 0, 0, 0, 0, 0, 0, 0, 0, 0, 0, 0, 0, 0, 0, 0, 0]
ok: iL2(4 eN) is a square in F
  sU: valuation 12, v(sU^2 - iL2(4 eN)) = 409, unit part coordinates v = [0, 0]
  roots: v(q(tau0)) = 409, v(h(tau1)) = 351, v(h(tau2)) = 331
  valuations of the roots: [2, 2, -6]
  valuations: gensL at component 0 [24, 24, 24, 25, 25, 25, 25, 24, 24, 24, 25, 22, 23, 23, 24, 24, 24, 24, 25, 24, 1, 25, 25, 24, 24, 25, 24, 24, 0]; gensN at components 1, 2: max 49, 49
ok: g_j = 4 fRev_k coefficient j is Lean's FE k (6 - j)
  twist 0: 26 points, reduction exponents d = [4, 16, 4, 8, 4, 8, 8, 4, 8, 1, 4, 4, 1, 1, 1, 1, 2, 8, 2, 1, 1, 1, 2, 1, 1, 1], v(N') = [184, 352, 232, 316, 184, 268, 300, 228, 312, 252, 220, 208, 116, 116, 140, 100, 132, 344, 164, 96, 56, 88, 124, 84, 80, 76], nM = [216, 384, 272, 348, 216, 300, 332, 260, 344, 284, 252, 248, 148, 148, 172, 132, 164, 376, 196, 128, 88, 120, 156, 116, 112, 108], aM = [100, 172, 162, 172, 100, 112, 100, 100, 112, 158, 136, 144, 90, 90, 102, 86, 76, 112, 76, 82, 48, 76, 76, 68, 64, 60]
  twist 1: 26 points, reduction exponents d = [2, 2, 2, 2, 2, 2, 2, 2, 4, 2, 2, 2, 2, 2, 2, 2, 4, 2, 2, 2, 2, 2, 2, 2, 2, 2], v(N') = [156, 164, 164, 164, 156, 164, 144, 164, 190, 164, 164, 164, 164, 164, 164, 164, 248, 116, 152, 108, 142, 160, 144, 142, 144, 142], nM = [188, 196, 196, 196, 188, 196, 176, 196, 222, 196, 196, 196, 196, 196, 196, 196, 280, 148, 184, 140, 174, 192, 176, 174, 176, 174], aM = [76, 76, 76, 76, 76, 76, 76, 76, 106, 76, 76, 76, 76, 76, 76, 76, 148, 76, 76, 76, 76, 76, 76, 76, 76, 76]
  points (18217 ms)
  twist 0: valuations of the mu values at the components: [[72, 120, 120], [100, 148, 148], [80, 128, 128], [94, 142, 142], [72, 120, 120], [86, 134, 134], [94, 142, 134], [82, 130, 122], [96, 144, 136], [158, 104, 84], [78, 126, 126], [76, 124, 124], [90, 104, 84], [56, 138, 84], [56, 150, 84], [82, 104, 84], [66, 114, 106], [98, 158, 136], [80, 116, 106], [80, 104, 84], [54, 110, 84], [56, 124, 84], [64, 112, 106], [74, 104, 84], [56, 120, 84], [68, 106, 84]]
  twist 1: valuations of the mu values at the components: [[76, 116, 106], [80, 116, 106], [80, 116, 106], [80, 116, 106], [76, 116, 106], [68, 128, 106], [70, 116, 106], [80, 116, 106], [73, 121, 121], [80, 116, 106], [80, 116, 106], [68, 128, 106], [68, 128, 106], [68, 128, 106], [68, 128, 106], [80, 116, 106], [82, 130, 132], [62, 110, 106], [68, 122, 106], [60, 108, 106], [68, 117, 106], [68, 126, 106], [68, 118, 106], [68, 117, 106], [68, 118, 106], [69, 116, 106]]
  exponents: n up to 183 (L side), 183 (N side); RhoData n = 207, SqrtU n = 207, point Hensel exponents up to 384; alPow up to al^384
ok: the model precision NR covers the RhoData and SqrtU exponents
ok: EisData.ok at precision 1459 (385 powers)
ok: rho is a unit, j = 0
ok: RhoData: d = (r0 - 1)/al, R = (3 r0^2 + eps)/al^n integral
ok: RhoData.ok at precision 2798
ok: s0 = al^12 (unit + al int) + al^12 (int) zeta
ok: SqrtU: d0, d1, R0, R1 integral (the unit coordinate of s0 / al^j is 1 mod al)
ok: SqrtU.ok at precision 2665
  model: EisData prec 1459, RhoData prec 2798, SqrtU prec 2665; L side within al^195, N side within al^183
ok: kappa expressions = dyGen al l
  kappa: 25 certificates (1247 ms)
  ***   Warning: increasing stack size to 16000000.
ok: toU1(X0L2, X1L2) is within al^NBL of iL2(gensL s)
  gensL: 29 certificates at component 0 (7994 ms)
ok: toU1(X0N2, X1N2) is within al^NBN of iN2(gensN s), both signs
  gensN: 106 certificates at components 1, 2 (48499 ms)
  ***   Warning: increasing stack size to 32000000.
  *** _*_: Warning: increasing stack size to 64000000.
  points: 52 checked, 156 mu certificates (247664 ms); max n 183 (bounds 195, 183), max prec 2555
ok: alPow covers every n
ok: negative control: kappa certificate with R0 + 1 fails
ok: negative control: kappa certificate with bit 1 flipped fails
ok: negative control: gensL certificate with bit 25 flipped fails
ok: negative control: gensL certificate at 40 bits less precision fails
ok: negative control: RhoData with R + 1 fails
ok: negative control: SqrtU with R0 + 1 fails
ok: kappa has rank 13 in F^x/F^x2 (three components; the kernel of K_w2^x/K_w2^x2 -> F^x/F^x2 is <-3>)
ok: QI: 65 rows annihilating kappa
ok: Assembly.C2Rows read: 39 rows per twist
ok: twist 0: the 26 mu are independent modulo kappa
ok: twist 0: leftInvOK, T is a left inverse of the forms QI on the mu coordinates
ok: twist 0: 39 rows annihilating kappa and mu (the local image has dimension 26 modulo kappa)
ok: twist 0: the forms read on the 82 generator rows have rank 39 and the row space of Assembly.C2Rows
ok: twist 0: QC read on the generator rows (dotRow) is exactly Assembly.C2Rows
ok: twist 0: annOK of QC against kappa and mu
ok: twist 1: the 26 mu are independent modulo kappa
ok: twist 1: leftInvOK, T is a left inverse of the forms QI on the mu coordinates
ok: twist 1: 39 rows annihilating kappa and mu (the local image has dimension 26 modulo kappa)
ok: twist 1: the forms read on the 82 generator rows have rank 39 and the row space of Assembly.C2Rows
ok: twist 1: QC read on the generator rows (dotRow) is exactly Assembly.C2Rows
ok: twist 1: annOK of QC against kappa and mu
  316 certificates in all; max n 183, max precision 2555
DONE, 0 failed checks (48 ok, 337576 ms)
    615 /tmp/lf7a/regen/local_data_w12/W2Data.lean
 451724 /tmp/lf7a/regen/local_data_w12/W2DataP1.lean
 454545 /tmp/lf7a/regen/local_data_w12/W2DataP2.lean
 455021 /tmp/lf7a/regen/local_data_w12/W2DataP3.lean
 450759 /tmp/lf7a/regen/local_data_w12/W2DataP4.lean
 451161 /tmp/lf7a/regen/local_data_w12/W2DataP5.lean
 266827 /tmp/lf7a/regen/local_data_w12/W2DataP6.lean
2530652 total
    465 /tmp/lf7a/regen/local_data_w12/W2DataK0.lean
 466062 /tmp/lf7a/regen/local_data_w12/W2DataK0P1.lean
 454942 /tmp/lf7a/regen/local_data_w12/W2DataK0P2.lean
 463227 /tmp/lf7a/regen/local_data_w12/W2DataK0P3.lean
 375817 /tmp/lf7a/regen/local_data_w12/W2DataK0P4.lean
1760513 total
    465 /tmp/lf7a/regen/local_data_w12/W2DataK1.lean
 451899 /tmp/lf7a/regen/local_data_w12/W2DataK1P1.lean
 461600 /tmp/lf7a/regen/local_data_w12/W2DataK1P2.lean
 455089 /tmp/lf7a/regen/local_data_w12/W2DataK1P3.lean
 260910 /tmp/lf7a/regen/local_data_w12/W2DataK1P4.lean
1629963 total
