'FurioLombardo.Discharge.SelmerBasis.RealRoots.imageIn_place' depends on axioms: [propext, Classical.choice, Quot.sound]
'FurioLombardo.Discharge.SelmerBasis.RealRoots.Wplace' depends on axioms: [propext, Classical.choice, Quot.sound]
'FurioLombardo.Discharge.SelmerBasis.RealRoots.roots' depends on axioms: [propext, Classical.choice, Quot.sound]
'FurioLombardo.Discharge.SelmerBasis.RealRoots.roots_spec' depends on axioms: [propext, Classical.choice, Quot.sound]
'FurioLombardo.Discharge.SelmerBasis.RealRoots.roots_mono' depends on axioms: [propext, Classical.choice, Quot.sound]
'FurioLombardo.Discharge.SelmerBasis.RealRoots.roots_isRoot' depends on axioms: [propext, Classical.choice, Quot.sound]
'FurioLombardo.Discharge.SelmerBasis.RealRoots.roots_all' depends on axioms: [propext, Classical.choice, Quot.sound]
'FurioLombardo.Discharge.SelmerBasis.RealRoots.place_ex' depends on axioms: [propext, Classical.choice, Quot.sound]
'FurioLombardo.Discharge.SelmerBasis.RealRoots.place5' depends on axioms: [propext, Classical.choice, Quot.sound]
'FurioLombardo.Discharge.SelmerBasis.RealRoots.place6' depends on axioms: [propext, Classical.choice, Quot.sound]
'FurioLombardo.Discharge.SelmerBasis.RealRoots.eval_h_factor' depends on axioms: [propext, Classical.choice, Quot.sound]
'FurioLombardo.Discharge.SelmerBasis.RealRoots.gP_pos'' depends on axioms: [propext, Classical.choice, Quot.sound]
'FurioLombardo.Discharge.SelmerBasis.RealRoots.sgn_q_sep' depends on axioms: [propext, Classical.choice, Quot.sound]
'FurioLombardo.Discharge.SelmerBasis.RealRoots.sgn_g_sep' depends on axioms: [propext, Classical.choice, Quot.sound]
'FurioLombardo.Discharge.SelmerBasis.RealRoots.rootR_mem2' depends on axioms: [propext, Classical.choice, Quot.sound]
'FurioLombardo.Discharge.SelmerBasis.RealRoots.ck_sgnQ' depends on axioms: [propext]
'FurioLombardo.Discharge.SelmerBasis.RealRoots.ck_sgnH' depends on axioms: [propext]
'FurioLombardo.Discharge.SelmerBasis.RealRoots.ck_sgnB' depends on axioms: [propext]
'FurioLombardo.Discharge.SelmerBasis.RealRoots.ck_sgnN' depends on axioms: [propext]
'FurioLombardo.Discharge.SelmerBasis.RealRoots.ck_h0' depends on axioms: [propext]
'FurioLombardo.Discharge.SelmerBasis.RealRoots.ck_N' depends on axioms: [propext]
