sb_2_certs.gp sha256 827c126b7852b6d7, sb_lib.gp sha256 d34eeaca5aa25f7e, SUnitData.lean sha256 65108bf5b6b9e078, gp 2.17.4
  ***   Warning: new maximum stack size = 1800003584 (1716.617 Mbytes).
==== stage 0 (tools, global data) (1 ms)
ok: tool: f2eqspan (positive and negative)
ok: tool: f2annih (kills the span, not a vector outside)
ok: primes of K21 above 2 and 7 in the order v (e = 3), w2 (e = 12), w3 (e = 6), p7 (e = 7, f = 3)
ok: fRev_0 = polrecip(F0) = c_k q h with q, h monic, the same for both twists
ok: fRev_1 = polrecip(F1) = c_k q h with q, h monic, the same for both twists
ok: place v: M2's alpha generates the prime (p = 2, e = 3, f = 1)
ok: CRT element E = 1 mod w^400, 0 mod w'^400
==== stage 1 (components, roots) (78 ms)
  K_v(sqrt disc q): unit part at odd depth 5, v(A) = 1, v(B) = 1; h component F1(Y2), Y2^2 - Y2 + 1
ok: v: P1 Eisenstein
  component 1 (q, n = 2): 2 roots of the scaled factor in O_F, [v(gh(t')), v(gh'(t'))] = [[524, 6], [524, 6]]
ok: component 1: a root generating F over K_w, not conjugate to a root already used
ok: component 1: Hensel certificate v(gh(t')) = 524 > 2 v(gh'(t')) = 12, t' integral; v(tau' - t') >= 518
  component 2 (h, n = 4): 4 roots of the scaled factor in O_F, [v(gh(t')), v(gh'(t'))] = [[524, 6], [524, 6], [524, 6], [524, 6]]
ok: component 2: a root generating F over K_w, not conjugate to a root already used
ok: component 2: Hensel certificate v(gh(t')) = 524 > 2 v(gh'(t')) = 12, t' integral; v(tau' - t') >= 518
==== stage 2 (standard basis KAT, negative controls) (25673 ms)
ok: component 1: the coordinates of the standard basis (8 elements) are the unit vectors
ok: component 1: 4 random products of basis elements: coordinates = exponents, never a square (verC with zero bits fails)
ok: component 1: negative control, a certificate with one flipped bit fails
ok: component 1: coordinates additive on 4 random pairs, zero on 4 random squares
ok: component 2: the coordinates of the standard basis (14 elements) are the unit vectors
ok: component 2: 4 random products of basis elements: coordinates = exponents, never a square (verC with zero bits fails)
ok: component 2: negative control, a certificate with one flipped bit fails
ok: component 2: coordinates additive on 4 random pairs, zero on 4 random squares
==== stage 3 (kappa) (29487 ms)
  kappa: 7 elements, 14 certificates, all verified (654 ms)
  dim of the image of K_w^x (kappa) in G/G^2: 4 (e_w + 1 = 4); dim G/G^2 = 22
ok: (ii) dim image of kappa = e_w + 1 (d is a square in every component)
==== stage 4 (points, mu) (30141 ms)
  split points: 534 candidates tested, 8 points kept, rank mod kappa 7 of D = 7 (26798 ms)
ok: every f(x_i) is a square in K_w (verified square certificates, zero coordinates)
  points used: split points
  mu: 7 elements, 14 certificates, all verified (1249 ms)
ok: (i) the 7 mu are independent modulo span(kappa)
  dim V_w = dim span(kappa, mu) = 11, dim G/G^2 = 22
ok: dim V_w = half of dim G/G^2
==== stage 5 (generators) (58219 ms)
ok: SUnitData.lean: 82 Pgen, 6 zk lists of length 21 each
ok: the 82 Pgen coefficient lists are pairwise different (one def read per s)
  generators Pgen s (tau_j): 82 elements, 164 certificates, all verified (14256 ms)
ok: Pgen s (tau_j) has zero coordinates at the components of the other factor (Pgen s = 1 there: s < 29 at h, s >= 29 at q)
==== stage 6 (F_2 checks at the place) (72851 ms)
  dim V_w = 11 (half of dim G/G^2 = 11), annihilator rows 11; preimage of V_w in F_2^82: dim 71
ok: dim V_w = half of dim G/G^2
ok: negative control: some generator lies outside V_w (the rows C_w are nonzero)
  C_w rows (annihilator of V_w times generator coordinates), 11 x 82: [0, 0, 0, 1, 1, 1, 1, 1, 1, 1, 1, 0, 1, 0, 0, 0, 0, 1, 1, 0, 0, 0, 1, 1, 1, 0, 1, 1, 0, 0, 0, 0, 0, 0, 0, 0, 0, 0, 0, 0, 0, 0, 0, 0, 0, 0, 0, 0, 0, 0, 0, 0, 0, 0, 0, 0, 0, 0, 0, 0, 0, 0, 0, 0, 0, 0, 0, 0, 0, 0, 0, 0, 0, 0, 0, 0, 0, 0, 0, 0, 0, 0; 0, 0, 0, 0, 0, 0, 0, 0, 0, 0, 0, 0, 0, 0, 0, 0, 0, 0, 0, 0, 0, 0, 0, 0, 0, 0, 0, 0, 0, 0, 0, 0, 1, 1, 1, 1, 1, 1, 0, 0, 0, 1, 0, 1, 0, 1, 1, 0, 0, 0, 1, 1, 1, 1, 0, 1, 0, 1, 0, 0, 0, 1, 0, 0, 0, 0, 1, 1, 0, 0, 1, 0, 1, 0, 0, 0, 0, 1, 0, 0, 0, 0; 1, 0, 0, 0, 1, 0, 1, 1, 1, 0, 0, 0, 0, 1, 0, 0, 0, 0, 0, 0, 1, 1, 1, 0, 1, 1, 1, 0, 0, 0, 1, 0, 1, 0, 0, 1, 0, 0, 1, 1, 1, 1, 1, 1, 1, 1, 1, 0, 1, 0, 1, 1, 0, 0, 0, 1, 1, 0, 0, 1, 1, 0, 1, 1, 0, 0, 0, 1, 1, 1, 1, 1, 0, 1, 0, 1, 0, 1, 1, 1, 1, 1; 0, 0, 0, 0, 0, 0, 0, 0, 0, 0, 0, 0, 0, 0, 0, 0, 0, 0, 0, 0, 0, 0, 0, 0, 0, 0, 0, 0, 0, 0, 0, 0, 0, 0, 0, 0, 0, 0, 0, 0, 0, 0, 0, 0, 0, 0, 0, 0, 0, 0, 0, 0, 0, 0, 0, 0, 1, 0, 1, 0, 0, 1, 1, 1, 1, 1, 1, 1, 0, 0, 0, 1, 1, 1, 1, 1, 1, 1, 0, 0, 0, 0; 1, 1, 1, 0, 1, 0, 1, 0, 1, 1, 1, 1, 0, 0, 0, 0, 0, 1, 1, 0, 1, 0, 0, 1, 0, 0, 1, 0, 0, 0, 1, 0, 1, 0, 0, 1, 1, 1, 1, 0, 0, 0, 1, 0, 0, 1, 1, 1, 0, 0, 0, 0, 0, 0, 0, 1, 0, 0, 0, 0, 0, 0, 1, 0, 0, 1, 0, 1, 1, 0, 0, 1, 1, 0, 0, 0, 1, 1, 0, 0, 0, 0; 1, 1, 1, 0, 1, 0, 1, 0, 1, 1, 1, 1, 0, 0, 0, 0, 0, 1, 1, 0, 1, 0, 0, 1, 0, 0, 1, 0, 0, 0, 1, 1, 1, 0, 0, 1, 1, 0, 0, 1, 1, 0, 0, 1, 1, 1, 1, 0, 1, 0, 0, 1, 1, 1, 1, 1, 0, 0, 0, 1, 0, 0, 0, 0, 0, 1, 1, 1, 1, 1, 1, 0, 1, 1, 1, 1, 0, 0, 0, 0, 1, 0; 0, 1, 1, 0, 0, 0, 0, 0, 1, 0, 1, 1, 1, 1, 1, 1, 1, 0, 0, 1, 0, 0, 0, 0, 1, 0, 1, 1, 0, 0, 0, 0, 0, 0, 0, 0, 0, 0, 0, 0, 0, 0, 0, 0, 0, 0, 0, 0, 0, 0, 0, 0, 0, 0, 0, 0, 0, 0, 1, 0, 0, 0, 0, 0, 1, 1, 1, 0, 0, 0, 1, 1, 1, 0, 1, 1, 1, 0, 0, 0, 1, 1; 0, 0, 1, 1, 1, 1, 1, 0, 0, 1, 0, 1, 0, 1, 1, 0, 0, 1, 1, 0, 1, 0, 0, 0, 1, 0, 1, 1, 1, 1, 0, 0, 1, 1, 1, 1, 1, 1, 1, 1, 1, 0, 1, 1, 0, 1, 1, 1, 0, 1, 1, 1, 0, 0, 1, 0, 0, 1, 1, 0, 0, 1, 0, 1, 1, 1, 0, 1, 0, 0, 0, 0, 1, 0, 1, 0, 1, 0, 0, 1, 0, 0; 0, 0, 1, 1, 1, 0, 0, 0, 1, 1, 1, 1, 1, 0, 1, 0, 0, 0, 0, 0, 1, 0, 1, 0, 1, 1, 0, 0, 1, 1, 0, 0, 1, 1, 0, 0, 1, 0, 1, 1, 0, 0, 0, 1, 1, 0, 0, 1, 0, 0, 0, 0, 0, 1, 1, 0, 0, 0, 0, 1, 1, 0, 1, 1, 1, 1, 0, 0, 0, 0, 1, 1, 0, 1, 1, 0, 0, 0, 1, 0, 1, 0; 0, 0, 0, 0, 0, 1, 1, 1, 0, 1, 1, 0, 0, 1, 1, 1, 1, 0, 0, 1, 0, 1, 0, 1, 0, 0, 0, 0, 0, 0, 0, 0, 0, 0, 0, 0, 0, 0, 0, 0, 0, 0, 0, 0, 0, 0, 0, 0, 0, 0, 0, 0, 0, 0, 0, 0, 0, 1, 1, 0, 1, 0, 1, 1, 0, 0, 0, 0, 1, 1, 1, 0, 1, 0, 1, 0, 0, 1, 0, 0, 1, 1; 0, 0, 0, 0, 0, 1, 1, 0, 1, 0, 1, 0, 0, 0, 0, 0, 0, 1, 0, 1, 0, 0, 0, 1, 0, 0, 0, 0, 0, 0, 0, 0, 0, 0, 0, 0, 0, 0, 0, 0, 0, 0, 0, 0, 0, 0, 0, 0, 0, 0, 0, 0, 0, 0, 0, 0, 1, 0, 1, 0, 0, 1, 1, 1, 0, 0, 1, 1, 0, 0, 0, 0, 1, 0, 0, 0, 1, 1, 0, 0, 0, 0]
DONE, 0 failed checks (29 ok, 72851 ms)
exit 0
