'FurioLombardo.Discharge.SelmerBasis.W7.indep_pi_u' depends on axioms: [propext, Classical.choice, Quot.sound]
'FurioLombardo.Discharge.SelmerBasis.W7.isSquare_of_near' depends on axioms: [propext, Classical.choice, Quot.sound]
'FurioLombardo.Discharge.SelmerBasis.W7.qfE_near_re_aux1' depends on axioms: [propext, Classical.choice, Quot.sound]
'FurioLombardo.Discharge.SelmerBasis.W7.qfE_near_re_aux2' depends on axioms: [propext, Classical.choice, Quot.sound]
'FurioLombardo.Discharge.SelmerBasis.W7.qfE_near_re_aux3' depends on axioms: [propext, Classical.choice, Quot.sound]
'FurioLombardo.Discharge.SelmerBasis.W7.qfE_near_re_aux4' depends on axioms: [propext, Classical.choice, Quot.sound]
'FurioLombardo.Discharge.SelmerBasis.W7.qfE_near_re' depends on axioms: [propext, Classical.choice, Quot.sound]
'FurioLombardo.Discharge.SelmerBasis.W7.qfE_fermat' depends on axioms: [propext, Classical.choice, Quot.sound]
'FurioLombardo.Discharge.SelmerBasis.W7.qfE_euler' depends on axioms: [propext, Classical.choice, Quot.sound]
'FurioLombardo.Discharge.SelmerBasis.W7.qf_norm_two' depends on axioms: [propext, Classical.choice, Quot.sound]
'FurioLombardo.Discharge.SelmerBasis.W7.qf_norm_pow_add_one' depends on axioms: [propext, Classical.choice, Quot.sound]
'FurioLombardo.Discharge.SelmerBasis.W7.qfE_norm_sub_algebraMap' depends on axioms: [propext,
 Classical.choice,
 Quot.sound]
'FurioLombardo.Discharge.SelmerBasis.W7.qfE_isSquare_of_cert' depends on axioms: [propext, Classical.choice, Quot.sound]
'FurioLombardo.Discharge.SelmerBasis.W7.b7_prod_fst' depends on axioms: [propext, Classical.choice, Quot.sound]
'FurioLombardo.Discharge.SelmerBasis.W7.b7_prod_snd' depends on axioms: [propext, Classical.choice, Quot.sound]
'FurioLombardo.Discharge.SelmerBasis.W7.isSquare_mul_rows7' depends on axioms: [propext, Classical.choice, Quot.sound]
'FurioLombardo.Discharge.SelmerBasis.W7.indep_rows7' depends on axioms: [propext, Classical.choice, Quot.sound]
'FurioLombardo.Discharge.SelmerBasis.W7.uTwo_monic' depends on axioms: [propext, Classical.choice, Quot.sound]
'FurioLombardo.Discharge.SelmerBasis.W7.uTwo_natDegree' depends on axioms: [propext, Classical.choice, Quot.sound]
'FurioLombardo.Discharge.SelmerBasis.W7.uTwo_dvd' depends on axioms: [propext, Classical.choice, Quot.sound]
'FurioLombardo.Discharge.SelmerBasis.W7.isCoprime_uTwo_vTwo' depends on axioms: [propext, Classical.choice, Quot.sound]
'FurioLombardo.Discharge.SelmerBasis.W7.isCoprime_uTwo' depends on axioms: [propext, Classical.choice, Quot.sound]
'FurioLombardo.Discharge.SelmerBasis.W7.exists_jac_two' depends on axioms: [propext, Classical.choice, Quot.sound]
'FurioLombardo.Discharge.SelmerBasis.W7.coordCond_range_of_imageIn' depends on axioms: [propext,
 Classical.choice,
 Quot.sound]
'FurioLombardo.Discharge.SelmerBasis.W7.powOK_sq' depends on axioms: [propext, Classical.choice, Quot.sound]
'FurioLombardo.Discharge.SelmerBasis.W7.evK_alPw_aux' depends on axioms: [propext, Classical.choice, Quot.sound]
'FurioLombardo.Discharge.SelmerBasis.W7.evK_alPw' depends on axioms: [propext, Classical.choice, Quot.sound]
'FurioLombardo.Discharge.SelmerBasis.W7.unitOK_eq' depends on axioms: [propext, Classical.choice, Quot.sound]
'FurioLombardo.Discharge.SelmerBasis.W7.evK_sgnE' depends on axioms: [propext, Classical.choice, Quot.sound]
'FurioLombardo.Discharge.SelmerBasis.W7.bitv2_vals' depends on axioms: [propext, Classical.choice, Quot.sound]
'FurioLombardo.Discharge.SelmerBasis.W7.norm_evK_le_one' depends on axioms: [propext, Classical.choice, Quot.sound]
'FurioLombardo.Discharge.SelmerBasis.W7.norm_unit' depends on axioms: [propext, Classical.choice, Quot.sound]
'FurioLombardo.Discharge.SelmerBasis.W7.KCert.sound' depends on axioms: [propext, Classical.choice, Quot.sound]
'FurioLombardo.Discharge.SelmerBasis.W7.norm_pow_sub_pow_le' depends on axioms: [propext, Classical.choice, Quot.sound]
'FurioLombardo.Discharge.SelmerBasis.W7.qf_mul_Z' depends on axioms: [propext, Classical.choice, Quot.sound]
'FurioLombardo.Discharge.SelmerBasis.W7.qf_mul_neg_one' depends on axioms: [propext, Classical.choice, Quot.sound]
'FurioLombardo.Discharge.SelmerBasis.W7.qf_Z_sq' depends on axioms: [propext, Classical.choice, Quot.sound]
'FurioLombardo.Discharge.SelmerBasis.W7.fcert_core' depends on axioms: [propext, Classical.choice, Quot.sound]
'FurioLombardo.Discharge.SelmerBasis.W7.FCert.sound' depends on axioms: [propext, Classical.choice, Quot.sound]
'FurioLombardo.Discharge.SelmerBasis.W7.PtSq.sound' depends on axioms: [propext, Classical.choice, Quot.sound]
'FurioLombardo.Discharge.SelmerBasis.W7.norm_XLp_sub' depends on axioms: [propext, Classical.choice, Quot.sound]
'FurioLombardo.Discharge.SelmerBasis.W7.norm_XLm_sub' depends on axioms: [propext, Classical.choice, Quot.sound]
'FurioLombardo.Discharge.SelmerBasis.W7.norm_qaLift_evL_le' depends on axioms: [propext, Classical.choice, Quot.sound]
'FurioLombardo.Discharge.SelmerBasis.W7.norm_XNs_sub' depends on axioms: [propext, Classical.choice, Quot.sound]
'FurioLombardo.Discharge.SelmerBasis.W7.iota'_evN' depends on axioms: [propext, Classical.choice, Quot.sound]
'FurioLombardo.Discharge.SelmerBasis.W7.int7' depends on axioms: [propext, Classical.choice, Quot.sound]
'FurioLombardo.Discharge.SelmerBasis.W7.unif7' depends on axioms: [propext, Classical.choice, Quot.sound]
'FurioLombardo.Discharge.SelmerBasis.W7.two7' depends on axioms: [propext, Classical.choice, Quot.sound]
'FurioLombardo.Discharge.SelmerBasis.W7.ferm7' depends on axioms: [propext, Classical.choice, Quot.sound]
'FurioLombardo.Discharge.SelmerBasis.W7.euler7' depends on axioms: [propext, Classical.choice, Quot.sound]
'FurioLombardo.Discharge.SelmerBasis.W7.negOne7' depends on axioms: [propext, Classical.choice, Quot.sound]
'FurioLombardo.Discharge.SelmerBasis.W7.two7_ne_zero' depends on axioms: [propext, Classical.choice, Quot.sound]
'FurioLombardo.Discharge.SelmerBasis.W7.δ7_le_one' depends on axioms: [propext, Classical.choice, Quot.sound]
'FurioLombardo.Discharge.SelmerBasis.W7.δ7_lt_norm' depends on axioms: [propext, Classical.choice, Quot.sound]
'FurioLombardo.Discharge.SelmerBasis.W7.δ7_lt_one' depends on axioms: [propext, Classical.choice, Quot.sound]
'FurioLombardo.Discharge.SelmerBasis.W7.pow_le_δ7' depends on axioms: [propext, Classical.choice, Quot.sound]
'FurioLombardo.Discharge.SelmerBasis.W7.Hyp.facts' depends on axioms: [propext, Classical.choice, Quot.sound]
'FurioLombardo.Discharge.SelmerBasis.W7.exists_r' depends on axioms: [propext, Classical.choice, Quot.sound]
'FurioLombardo.Discharge.SelmerBasis.W7.r7_sq' depends on axioms: [propext, Classical.choice, Quot.sound]
'FurioLombardo.Discharge.SelmerBasis.W7.r7_near' depends on axioms: [propext, Classical.choice, Quot.sound]
'FurioLombardo.Discharge.SelmerBasis.W7.r7_norm' depends on axioms: [propext, Classical.choice, Quot.sound]
'FurioLombardo.Discharge.SelmerBasis.W7.hu_p' depends on axioms: [propext, Classical.choice, Quot.sound]
'FurioLombardo.Discharge.SelmerBasis.W7.hu_m' depends on axioms: [propext, Classical.choice, Quot.sound]
'FurioLombardo.Discharge.SelmerBasis.W7.ιp_four_eN' depends on axioms: [propext, Classical.choice, Quot.sound]
'FurioLombardo.Discharge.SelmerBasis.W7.ιm_four_eN' depends on axioms: [propext, Classical.choice, Quot.sound]
'FurioLombardo.Discharge.SelmerBasis.W7.int7K' depends on axioms: [propext, Classical.choice, Quot.sound]
'FurioLombardo.Discharge.SelmerBasis.W7.norm_two_eb' depends on axioms: [propext, Classical.choice, Quot.sound]
'FurioLombardo.Discharge.SelmerBasis.W7.exists_S' depends on axioms: [propext, Classical.choice, Quot.sound]
'FurioLombardo.Discharge.SelmerBasis.W7.S7_sq' depends on axioms: [propext, Classical.choice, Quot.sound]
'FurioLombardo.Discharge.SelmerBasis.W7.S7_near' depends on axioms: [propext, Classical.choice, Quot.sound]
'FurioLombardo.Discharge.SelmerBasis.W7.hs_N' depends on axioms: [propext, Classical.choice, Quot.sound]
'FurioLombardo.Discharge.SelmerBasis.W7.A4_near' depends on axioms: [propext, Classical.choice, Quot.sound]
'FurioLombardo.Discharge.SelmerBasis.W7.A4_norm' depends on axioms: [propext, Classical.choice, Quot.sound]
'FurioLombardo.Discharge.SelmerBasis.W7.instFactA4' depends on axioms: [propext, Classical.choice, Quot.sound]
'FurioLombardo.Discharge.SelmerBasis.W7.hu'' depends on axioms: [propext, Classical.choice, Quot.sound]
'FurioLombardo.Discharge.SelmerBasis.W7.ιp_comp' depends on axioms: [propext, Classical.choice, Quot.sound]
'FurioLombardo.Discharge.SelmerBasis.W7.ιm_comp' depends on axioms: [propext, Classical.choice, Quot.sound]
'FurioLombardo.Discharge.SelmerBasis.W7.ιN_comp' depends on axioms: [propext, Classical.choice, Quot.sound]
'FurioLombardo.Discharge.SelmerBasis.W7.ι'_comp' depends on axioms: [propext, Classical.choice, Quot.sound]
'FurioLombardo.Discharge.SelmerBasis.W7.evG_fst' depends on axioms: [propext, Classical.choice, Quot.sound]
'FurioLombardo.Discharge.SelmerBasis.W7.evG_snd' depends on axioms: [propext, Classical.choice, Quot.sound]
'FurioLombardo.Discharge.SelmerBasis.W7.ev4_mk' depends on axioms: [propext, Classical.choice, Quot.sound]
'FurioLombardo.Discharge.SelmerBasis.W7.ev'_mk' depends on axioms: [propext, Classical.choice, Quot.sound]
'FurioLombardo.Discharge.SelmerBasis.W7.ev4_etale' depends on axioms: [propext, Classical.choice, Quot.sound]
'FurioLombardo.Discharge.SelmerBasis.W7.ev'_etale' depends on axioms: [propext, Classical.choice, Quot.sound]
'FurioLombardo.Discharge.SelmerBasis.W7.ev4_algebraMap' depends on axioms: [propext, Classical.choice, Quot.sound]
'FurioLombardo.Discharge.SelmerBasis.W7.ev'_algebraMap' depends on axioms: [propext, Classical.choice, Quot.sound]
'FurioLombardo.Discharge.SelmerBasis.W7.approxLp' depends on axioms: [propext, Classical.choice, Quot.sound]
'FurioLombardo.Discharge.SelmerBasis.W7.approxLm' depends on axioms: [propext, Classical.choice, Quot.sound]
'FurioLombardo.Discharge.SelmerBasis.W7.approxN' depends on axioms: [propext, Classical.choice, Quot.sound]
'FurioLombardo.Discharge.SelmerBasis.W7.approx'' depends on axioms: [propext, Classical.choice, Quot.sound]
'FurioLombardo.Discharge.SelmerBasis.W7.goodSextic7' depends on axioms: [propext, Classical.choice, Quot.sound]
'FurioLombardo.Discharge.SelmerBasis.W7.bitv2_mod' depends on axioms: [propext, Classical.choice, Quot.sound]
'FurioLombardo.Discharge.SelmerBasis.W7.bitv2_row' depends on axioms: [propext, Classical.choice, Quot.sound]
'FurioLombardo.Discharge.SelmerBasis.W7.bitv2_row'' depends on axioms: [propext, Classical.choice, Quot.sound]
'FurioLombardo.Discharge.SelmerBasis.W7.isSquare_row7' depends on axioms: [propext, Classical.choice, Quot.sound]
'FurioLombardo.Discharge.SelmerBasis.W7.KCert.bits_lt' depends on axioms: [propext, Classical.choice, Quot.sound]
'FurioLombardo.Discharge.SelmerBasis.W7.FCert.bits_lt' depends on axioms: [propext, Classical.choice, Quot.sound]
'FurioLombardo.Discharge.SelmerBasis.W7.isSquare_one_mul_bits0' depends on axioms: [propext,
 Classical.choice,
 Quot.sound]
'FurioLombardo.Discharge.SelmerBasis.W7.bK_ne_zero' depends on axioms: [propext, Classical.choice, Quot.sound]
'FurioLombardo.Discharge.SelmerBasis.W7.unifZ' depends on axioms: [propext, Classical.choice, Quot.sound]
'FurioLombardo.Discharge.SelmerBasis.W7.bF7_ne_zero' depends on axioms: [propext, Classical.choice, Quot.sound]
'FurioLombardo.Discharge.SelmerBasis.W7.hind7' depends on axioms: [propext, Classical.choice, Quot.sound]
'FurioLombardo.Discharge.SelmerBasis.W7.natCast_ne7' depends on axioms: [propext, Classical.choice, Quot.sound]
'FurioLombardo.Discharge.SelmerBasis.W7.natCast_neF' depends on axioms: [propext, Classical.choice, Quot.sound]
'FurioLombardo.Discharge.SelmerBasis.W7.sqK' depends on axioms: [propext, Classical.choice, Quot.sound]
'FurioLombardo.Discharge.SelmerBasis.W7.sqF' depends on axioms: [propext, Classical.choice, Quot.sound]
'FurioLombardo.Discharge.SelmerBasis.W7.hspan7' depends on axioms: [propext, Classical.choice, Quot.sound]
'FurioLombardo.Discharge.SelmerBasis.W7.hK' depends on axioms: [propext, Classical.choice, Quot.sound]
'FurioLombardo.Discharge.SelmerBasis.W7.algebraMap_F7' depends on axioms: [propext, Classical.choice, Quot.sound]
'FurioLombardo.Discharge.SelmerBasis.W7.kapLow_row' depends on axioms: [propext, Classical.choice, Quot.sound]
'FurioLombardo.Discharge.SelmerBasis.W7.hAkap' depends on axioms: [propext, Classical.choice, Quot.sound]
'FurioLombardo.Discharge.SelmerBasis.W7.pt_sq' depends on axioms: [propext, Classical.choice, Quot.sound]
'FurioLombardo.Discharge.SelmerBasis.W7.Checks.hyp' depends on axioms: [propext, Classical.choice, Quot.sound]
'FurioLombardo.Discharge.SelmerBasis.W7.exists_D7' depends on axioms: [propext, Classical.choice, Quot.sound]
'FurioLombardo.Discharge.SelmerBasis.W7.muJ_D7' depends on axioms: [propext, Classical.choice, Quot.sound]
'FurioLombardo.Discharge.SelmerBasis.W7.U7_coe' depends on axioms: [propext, Classical.choice, Quot.sound]
'FurioLombardo.Discharge.SelmerBasis.W7.hAmu' depends on axioms: [propext, Classical.choice, Quot.sound]
'FurioLombardo.Discharge.SelmerBasis.W7.hCg' depends on axioms: [propext, Classical.choice, Quot.sound]
'FurioLombardo.Discharge.SelmerBasis.W7.indepImage_w7_of' depends on axioms: [propext, Classical.choice, Quot.sound]
'FurioLombardo.Discharge.SelmerBasis.W7.imageIn_w7_of' depends on axioms: [propext, Classical.choice, Quot.sound]
'FurioLombardo.Discharge.SelmerBasis.W7.coordCond_w7_of' depends on axioms: [propext, Classical.choice, Quot.sound]
'FurioLombardo.Discharge.SelmerBasis.W7.not_isSquare_c_w7' depends on axioms: [propext, Classical.choice, Quot.sound]
'FurioLombardo.Discharge.SelmerBasis.W7.goodSextic_w7' depends on axioms: [propext, Classical.choice, Quot.sound]
'FurioLombardo.Discharge.SelmerBasis.W7.checks_w7' depends on axioms: [propext]
'FurioLombardo.Discharge.SelmerBasis.W7.coordCond_w7' depends on axioms: [propext, Classical.choice, Quot.sound]
