== the field A3
ok   disc(O_A3) = -2^8 7^9
ok   signature (2, 3)
ok   the only subfields are Q and A3
ok   2 O = P2^4, f(P2) = 2 (A3 (x) Q_2 is a field L of degree 8: one G_{Q_2}-orbit of size 8)
ok   7 O = P7a P7b^7, both of degree 1 (orbits of sizes 1 and 7)
== Q_2 square classes that become squares in L
   nfislocalpower: squares in L among -1, 2, -2, 5, -5, 10, -10: [5]
ok   exactly one nontrivial class (5) becomes a square in L (kernel of dimension 1)
   number of primes above P2 in A3(sqrt d): [1, 1, 1, 2, 1, 1, 1]
ok   P2 splits in A3(sqrt d) exactly for d = 5
  *** rnfidealprimedec: Warning: increasing stack size to 16000000.
   local degrees over L of the factors of A3pol(X)/(X - a): [1, 3, 3] (absolute [e,f]: [[12, 2], [12, 2], [4, 2]])
ok   the stabilizer of a point in the decomposition group D at 2 has orbits 1, 1, 3, 3 on Omega: D = S4 (GAP table: dim J[2]^D = 1; D8 would give 2)
ok   inertia of the compositum has order divisible by 12 (e = 12): inertia A4 in S4
== real places
ok   complex conjugation fixes 2 points of Omega and swaps 3 pairs (r1 = 2, r2 = 3)
== class group without GRH
ok   bnfinit: h = 1
ok   bnfcertify(bnf) = 1
   Minkowski bound 504.18758339742537514276239444974935567
ok   every prime ideal of norm <= Minkowski bound (97 of them) has an explicit generator (verified by idealhnf): h = 1 unconditionally
== S-units modulo squares
ok   8 generators: -1, 4 fundamental units, 3 S-units
ok   each generator is an S-unit (ideal supported on P2, P7a, P7b)
ok   the first five generators are units (norm +-1, integral)
ok   the 8 generators are independent modulo squares (quadratic characters at 8 degree 1 primes, rank 8)
   auxiliary primes used: [[5, 1], [5, 2], [11, 1], [19, 1], [19, 2], [29, 1], [37, 1], [37, 2]]
   => with h = 1 and dim O_S^x/O_S^x2 = 8 (Dirichlet), these 8 elements form a basis of A(S,2) = O_S^x/O_S^x2
ok   -1, 2, 7 independent modulo squares of A3 (no quadratic subfield)
== summary: 0 failure(s)
