PGL(2,7) on P^1(F_7): order 336, transitive true
PSL(2,7) on P^1(F_7): order 168
transitive groups of degree 8 and order 336: [ 43 ]; PGL(2,7) is 8T43
W0/Diag for PGL(2,7): irreducible true, absolutely irreducible true, dim End 1
control, W0/Diag for PSL(2,7): irreducible false, composition factor dims
[ 3, 3 ]
G = PGL(2,7): order 336, orbit sizes [ 8 ], dim (W/Diag)^H =
0, dim (W0/Diag)^H = dim J[2]^H = 0, odd orbit: false
G-invariant nonzero vectors of W:
[ [ Z(2)^0, Z(2)^0, Z(2)^0, Z(2)^0, Z(2)^0, Z(2)^0, Z(2)^0, Z(2)^0 ] ]
-- transitive subgroups of PGL(2,7) (up to conjugacy), with dim J[2]^H:
C8 (index in point stabilizer: stabilizer 1): order 8, orbit sizes
[ 8 ], dim (W/Diag)^H = 1, dim (W0/Diag)^H = dim J[2]^H = 1, odd orbit: false
D8 (index in point stabilizer: stabilizer 1): order 8, orbit sizes
[ 8 ], dim (W/Diag)^H = 2, dim (W0/Diag)^H = dim J[2]^H = 2, odd orbit: false
D16 (index in point stabilizer: stabilizer C2): order 16, orbit sizes
[ 8 ], dim (W/Diag)^H = 1, dim (W0/Diag)^H = dim J[2]^H = 1, odd orbit: false
S4 (index in point stabilizer: stabilizer C3): order 24, orbit sizes
[ 8 ], dim (W/Diag)^H = 1, dim (W0/Diag)^H = dim J[2]^H = 1, odd orbit: false
-- subgroups with an orbit of size 1 and one of size 7:
C7: order 7, orbit sizes [ 7, 1 ], dim (W/Diag)^H =
1, dim (W0/Diag)^H = dim J[2]^H = 0, odd orbit: true
D14: order 14, orbit sizes [ 7, 1 ], dim (W/Diag)^H =
1, dim (W0/Diag)^H = dim J[2]^H = 0, odd orbit: true
C7 : C3: order 21, orbit sizes [ 7, 1 ], dim (W/Diag)^H =
1, dim (W0/Diag)^H = dim J[2]^H = 0, odd orbit: true
C7 : C6: order 42, orbit sizes [ 1, 7 ], dim (W/Diag)^H =
1, dim (W0/Diag)^H = dim J[2]^H = 0, odd orbit: true
-- involutions of PGL(2,7) by number of fixed points, with dim J[2]^<c>:
involution with 2 fixed points: order 2, orbit sizes [ 1, 1, 2, 2, 2
 ], dim (W/Diag)^H = 4, dim (W0/Diag)^H = dim J[2]^H = 3, odd orbit: true
involution with 0 fixed points: order 2, orbit sizes
[ 2, 2, 2, 2 ], dim (W/Diag)^H = 4, dim (W0/Diag)^H = dim J[2]^H =
4, odd orbit: false
