saturated ideal, standard basis:
9604,
1372x+4116y+1372z,
1372y2-4116yz-4116z2,
98xy-392y2+196xz+2058yz-4606z2,
49x2-98y2-490xz+4410yz+2891z2,
686xz2-2744yz2+686z3,
196y3-196y2z+980yz2+4312z3,
14xy2-84y3+21x2z-42xyz-420y2z+238xz2-3906yz2-3535z3,
x2y+2xy2-66y3+2x2z-2xyz-392y2z+2xz2-2151yz2+3136z3,
x3+6xy2-60y3-x2z-4xyz-390y2z+xz2-2156yz2-67z3,
4802z4,
28y4-84y3z-14x2z2-364y2z2+42xz3+2604yz3+294z4,
2xy3-8y4-2xy2z+10y3z-21x2z2-46xyz2+406y2z2+44xz3+1318yz3+1185z4,
686y2z4-2058yz5-2058z6,
98y3z4-98y2z5+490yz6+2156z7,
14y4z4-42y3z5-7x2z6-182y2z6-322xz7-2128yz7+2205z8
N =
9604
N * x^7 lies in I
N * y^7 lies in I
N * z^7 lies in I
