==== twist 0: a = 0, M0 = 8, v(b) = 0, v(Amat) = [3000000, 0, 0, 5], N = 2^4 NM = 2882880 (v2 = 6)
  D_1: N D: 21 doublings, 11 additions; R_0 = N D + E0: v(t) = [22, 23]; resQ (m >= 7) from j = 0, B1 from j = 0; hD from j = 0; q = 48 needs J = 43; max v(inverted) = 12; KAT lam(D_i) = l_i mod 2^48: pass
       trace [j, v(t0), v(t1), v(Amat t)]: [[0, [22, 23], 22], [1, [25, 26], 25], [2, [28, 29], 28], [3, [31, 32], 31], [10, [52, 53], 52], [20, [82, 83], 82], [30, [112, 113], 112], [40, [142, 143], 142], [43, [151, 152], 151]]
  D_2: N D: 21 doublings, 11 additions; R_0 = N D + E0: v(t) = [24, 21]; resQ (m >= 7) from j = 0, B1 from j = 0; hD from j = 0; q = 51 needs J = 47; max v(inverted) = 12; KAT lam(D_i) = l_i mod 2^51: pass
       trace [j, v(t0), v(t1), v(Amat t)]: [[0, [24, 21], 21], [1, [27, 24], 24], [2, [30, 27], 27], [3, [33, 30], 30], [10, [54, 51], 51], [20, [84, 81], 81], [30, [114, 111], 111], [40, [144, 141], 141], [47, [165, 162], 162]]
  D_3: N D: 21 doublings, 11 additions; R_0 = N D + E0: v(t) = [22, 21]; resQ (m >= 7) from j = 0, B1 from j = 0; hD from j = 0; q = 51 needs J = 47; max v(inverted) = 12; KAT lam(D_i) = l_i mod 2^51: pass
       trace [j, v(t0), v(t1), v(Amat t)]: [[0, [22, 21], 21], [1, [25, 24], 24], [2, [28, 27], 27], [3, [31, 30], 30], [10, [52, 51], 51], [20, [82, 81], 81], [30, [112, 111], 111], [40, [142, 141], 141], [47, [163, 162], 162]]
  D_4: N D: 21 doublings, 11 additions; R_0 = N D + E0: v(t) = [30, 31]; resQ (m >= 7) from j = 0, B1 from j = 0; hD from j = 0; q = 45 needs J = 35; max v(inverted) = 24; KAT lam(D_i) = l_i mod 2^45: pass
       trace [j, v(t0), v(t1), v(Amat t)]: [[0, [30, 31], 30], [1, [33, 34], 33], [2, [36, 37], 36], [3, [39, 40], 39], [10, [60, 61], 60], [20, [90, 91], 90], [30, [120, 121], 120], [35, [135, 136], 135]]
  D_5: N D: 21 doublings, 11 additions; R_0 = N D + E0: v(t) = [21, 22]; resQ (m >= 7) from j = 0, B1 from j = 0; hD from j = 0; q = 51 needs J = 47; max v(inverted) = 12; KAT lam(D_i) = l_i mod 2^51: pass
       trace [j, v(t0), v(t1), v(Amat t)]: [[0, [21, 22], 21], [1, [24, 25], 24], [2, [27, 28], 27], [3, [30, 31], 30], [10, [51, 52], 51], [20, [81, 82], 81], [30, [111, 112], 111], [40, [141, 142], 141], [47, [162, 163], 162]]
  D_6: N D: 21 doublings, 11 additions; R_0 = N D + E0: v(t) = [22, 23]; resQ (m >= 7) from j = 0, B1 from j = 0; hD from j = 0; q = 45 needs J = 40; max v(inverted) = 12; KAT lam(D_i) = l_i mod 2^45: pass
       trace [j, v(t0), v(t1), v(Amat t)]: [[0, [22, 23], 22], [1, [25, 26], 25], [2, [28, 29], 28], [3, [31, 32], 31], [10, [52, 53], 52], [20, [82, 83], 82], [30, [112, 113], 112], [40, [142, 143], 142]]
  D_7: N D: 21 doublings, 11 additions; R_0 = N D + E0: v(t) = [20, 27]; resQ (m >= 7) from j = 0, B1 from j = 0; hD from j = 0; q = 56 needs J = 53; max v(inverted) = 28; KAT lam(D_i) = l_i mod 2^56: pass
       trace [j, v(t0), v(t1), v(Amat t)]: [[0, [20, 27], 20], [1, [23, 30], 23], [2, [26, 33], 26], [3, [29, 36], 29], [10, [50, 57], 50], [20, [80, 87], 80], [30, [110, 117], 110], [40, [140, 147], 140], [50, [170, 177], 170], [53, [179, 186], 179]]
==== twist 1: a = 1, M0 = 0, v(b) = -3, v(Amat) = [3, 7, 3, 3], N = 2^4 NM = 2882880 (v2 = 6)
  D_1: N D: 21 doublings, 11 additions; R_0 = N D + E0: v(t) = [19, 17]; resQ (m >= 7) from j = 0, B1 from j = 0; hD from j = 0; q = 52 needs J = 48; max v(inverted) = 8; KAT lam(D_i) = l_i mod 2^52: pass
       trace [j, v(t0), v(t1), v(Amat t)]: [[0, [19, 17], 20], [1, [22, 20], 23], [2, [25, 23], 26], [3, [28, 26], 29], [10, [49, 47], 50], [20, [79, 77], 80], [30, [109, 107], 110], [40, [139, 137], 140], [48, [163, 161], 164]]
  D_2: N D: 21 doublings, 11 additions; R_0 = N D + E0: v(t) = [20, 19]; resQ (m >= 7) from j = 0, B1 from j = 0; hD from j = 0; q = 55 needs J = 50; max v(inverted) = 12; KAT lam(D_i) = l_i mod 2^55: pass
       trace [j, v(t0), v(t1), v(Amat t)]: [[0, [20, 19], 22], [1, [23, 22], 25], [2, [26, 25], 28], [3, [29, 28], 31], [10, [50, 49], 52], [20, [80, 79], 82], [30, [110, 109], 112], [40, [140, 139], 142], [50, [170, 169], 172]]
  D_3: N D: 21 doublings, 11 additions; R_0 = N D + E0: v(t) = [18, 19]; resQ (m >= 7) from j = 0, B1 from j = 0; hD from j = 0; q = 51 needs J = 46; max v(inverted) = 8; KAT lam(D_i) = l_i mod 2^51: pass
       trace [j, v(t0), v(t1), v(Amat t)]: [[0, [18, 19], 21], [1, [21, 22], 24], [2, [24, 25], 27], [3, [27, 28], 30], [10, [48, 49], 51], [20, [78, 79], 81], [30, [108, 109], 111], [40, [138, 139], 141], [46, [156, 157], 159]]
  D_4: N D: 21 doublings, 11 additions; R_0 = N D + E0: v(t) = [19, 18]; resQ (m >= 7) from j = 0, B1 from j = 0; hD from j = 0; q = 51 needs J = 46; max v(inverted) = 11; KAT lam(D_i) = l_i mod 2^51: pass
       trace [j, v(t0), v(t1), v(Amat t)]: [[0, [19, 18], 21], [1, [22, 21], 24], [2, [25, 24], 27], [3, [28, 27], 30], [10, [49, 48], 51], [20, [79, 78], 81], [30, [109, 108], 111], [40, [139, 138], 141], [46, [157, 156], 159]]
  D_5: N D: 21 doublings, 11 additions; R_0 = N D + E0: v(t) = [19, 18]; resQ (m >= 7) from j = 0, B1 from j = 0; hD from j = 0; q = 51 needs J = 46; max v(inverted) = 11; KAT lam(D_i) = l_i mod 2^51: pass
       trace [j, v(t0), v(t1), v(Amat t)]: [[0, [19, 18], 21], [1, [22, 21], 24], [2, [25, 24], 27], [3, [28, 27], 30], [10, [49, 48], 51], [20, [79, 78], 81], [30, [109, 108], 111], [40, [139, 138], 141], [46, [157, 156], 159]]
  D_6: N D: 21 doublings, 11 additions; R_0 = N D + E0: v(t) = [21, 20]; resQ (m >= 7) from j = 0, B1 from j = 0; hD from j = 0; q = 51 needs J = 45; max v(inverted) = 10; KAT lam(D_i) = l_i mod 2^51: pass
       trace [j, v(t0), v(t1), v(Amat t)]: [[0, [21, 20], 23], [1, [24, 23], 26], [2, [27, 26], 29], [3, [30, 29], 32], [10, [51, 50], 53], [20, [81, 80], 83], [30, [111, 110], 113], [40, [141, 140], 143], [45, [156, 155], 158]]
  D_7: N D: 21 doublings, 11 additions; R_0 = N D + E0: v(t) = [21, 21]; resQ (m >= 7) from j = 0, B1 from j = 0; hD from j = 0; q = 47 needs J = 40; max v(inverted) = 10; KAT lam(D_i) = l_i mod 2^47: pass
       trace [j, v(t0), v(t1), v(Amat t)]: [[0, [21, 21], 24], [1, [24, 24], 27], [2, [27, 27], 30], [3, [30, 30], 33], [10, [51, 51], 54], [20, [81, 81], 84], [30, [111, 111], 114], [40, [141, 141], 144]]
summary [k, i, doublings in N D, additions in N D, J for hD, J for hBD, max v(inverted)]: [[0, 1, 21, 11, 0, 43, 12], [0, 2, 21, 11, 0, 47, 12], [0, 3, 21, 11, 0, 47, 12], [0, 4, 21, 11, 0, 35, 24], [0, 5, 21, 11, 0, 47, 12], [0, 6, 21, 11, 0, 40, 12], [0, 7, 21, 11, 0, 53, 28], [1, 1, 21, 11, 0, 48, 8], [1, 2, 21, 11, 0, 50, 12], [1, 3, 21, 11, 0, 46, 8], [1, 4, 21, 11, 0, 46, 11], [1, 5, 21, 11, 0, 46, 11], [1, 6, 21, 11, 0, 45, 10], [1, 7, 21, 11, 0, 40, 10]]
