# Redacted 2026-09-30: the path of the resource wrapper in the command line below is written as cap; nothing else changed.
elaboration took 10.5ms
type checking took 849ms
type checking took 730ms
type checking took 841ms
type checking took 892ms
type checking took 848ms
type checking took 821ms
type checking took 810ms
type checking took 810ms
type checking took 810ms
type checking took 727ms
type checking took 766ms
type checking took 748ms
type checking took 786ms
type checking took 211ms
cumulative profiling times:
	attribute application 0.495ms
	compilation (IR) 3.49ms
	compilation (LCNF base) 36.1ms
	compilation (LCNF impure) 20.7ms
	compilation (LCNF mono) 29.4ms
	elaboration 266ms
	fix level params 0.47ms
	instantiate metavars 1.06ms
	let-to-have transformation 0.358ms
	linting 10.2ms
	module linting 0.00078ms
	parsing 17.9ms
	process pre-definitions 95.5ms
	share common exprs 2.68ms
	tactic execution 3.48ms
	type checking 10.7s
	typeclass inference 48.1ms
	Command being timed: "cap -m 2G -c 1 -t 30min flock /tmp/furio-lake.lock lake env lean -j1 ../code/lean-kv-arith/dprobe/kv_d2_kernel_P600_k1_2.lean"
	User time (seconds): 11.53
	System time (seconds): 0.52
	Percent of CPU this job got: 99%
	Elapsed (wall clock) time (h:mm:ss or m:ss): 0:12.11
	Average shared text size (kbytes): 0
	Average unshared data size (kbytes): 0
	Average stack size (kbytes): 0
	Average total size (kbytes): 0
	Maximum resident set size (kbytes): 826084
	Average resident set size (kbytes): 0
	Major (requiring I/O) page faults: 0
	Minor (reclaiming a frame) page faults: 50141
	Voluntary context switches: 1184
	Involuntary context switches: 699
	Swaps: 0
	File system inputs: 0
	File system outputs: 8
	Socket messages sent: 0
	Socket messages received: 0
	Signals delivered: 0
	Page size (bytes): 4096
	Exit status: 0
