'FurioLombardo.Discharge.SelmerSpan.muJ_mumfordJac' depends on axioms: [propext, Classical.choice, Quot.sound]
'FurioLombardo.Discharge.SelmerSpan.sq_sub_eq' depends on axioms: [propext, Classical.choice, Quot.sound]
'FurioLombardo.Discharge.SelmerSpan.isCoprime_quad_lin' depends on axioms: [propext, Classical.choice, Quot.sound]
'FurioLombardo.Discharge.SelmerSpan.sextic_eq' depends on axioms: [propext, Classical.choice, Quot.sound]
'FurioLombardo.Discharge.SelmerSpan.dOK' depends on axioms: [propext]
'FurioLombardo.Discharge.SelmerSpan.fOK' depends on axioms: [propext]
'FurioLombardo.Discharge.SelmerSpan.hw' depends on axioms: [propext, Classical.choice, Quot.sound]
'FurioLombardo.Discharge.SelmerSpan.isCoprime_U' depends on axioms: [propext, Classical.choice, Quot.sound]
'FurioLombardo.Discharge.SelmerSpan.Dpt_mumford' depends on axioms: [propext, Classical.choice, Quot.sound]
'FurioLombardo.Discharge.SelmerSpan.muJ_Dpt' depends on axioms: [propext, Classical.choice, Quot.sound]
'FurioLombardo.Discharge.SelmerSpan.approx_n' depends on axioms: [propext, Classical.choice, Quot.sound]
'FurioLombardo.Discharge.SelmerSpan.approx_a' depends on axioms: [propext, Classical.choice, Quot.sound]
'FurioLombardo.Discharge.SelmerSpan.norm_θstar_sub1' depends on axioms: [propext, Classical.choice, Quot.sound]
'FurioLombardo.Discharge.SelmerSpan.approx_σ_zkE1' depends on axioms: [propext, Classical.choice, Quot.sound]
'FurioLombardo.Discharge.SelmerSpan.approx_σ_atom1' depends on axioms: [propext, Classical.choice, Quot.sound]
'FurioLombardo.Discharge.SelmerSpan.approx_scT' depends on axioms: [propext, Classical.choice, Quot.sound]
'FurioLombardo.Discharge.SelmerSpan.approx_prod7T' depends on axioms: [propext, Classical.choice, Quot.sound]
'FurioLombardo.Discharge.SelmerSpan.approx_prod7NT' depends on axioms: [propext, Classical.choice, Quot.sound]
'FurioLombardo.Discharge.SelmerSpan.approx_prod7MT' depends on axioms: [propext, Classical.choice, Quot.sound]
'FurioLombardo.Discharge.SelmerSpan.not_isSquare_of_NCertOK' depends on axioms: [propext, Classical.choice, Quot.sound]
'FurioLombardo.Discharge.SelmerSpan.approx_normMT' depends on axioms: [propext, Classical.choice, Quot.sound]
'FurioLombardo.Discharge.SelmerSpan.approx_trMT' depends on axioms: [propext, Classical.choice, Quot.sound]
'FurioLombardo.Discharge.SelmerSpan.approx_scM' depends on axioms: [propext, Classical.choice, Quot.sound]
'FurioLombardo.Discharge.SelmerSpan.qa_not_isSquare_of_trace' depends on axioms: [propext, Classical.choice, Quot.sound]
'FurioLombardo.Discharge.SelmerSpan.qa_not_isSquare_of_trace_dom' depends on axioms: [propext,
 Classical.choice,
 Quot.sound]
'FurioLombardo.Discharge.SelmerSpan.qa0_mul_eq_zero' depends on axioms: [propext, Classical.choice, Quot.sound]
'FurioLombardo.Discharge.SelmerSpan.qa0_sq_mk' depends on axioms: [propext, Classical.choice, Quot.sound]
'FurioLombardo.Discharge.SelmerSpan.qa0_scale_add' depends on axioms: [propext, Classical.choice, Quot.sound]
'FurioLombardo.Discharge.SelmerSpan.qa0_scale_sub' depends on axioms: [propext, Classical.choice, Quot.sound]
'FurioLombardo.Discharge.SelmerSpan.normForm_root_of' depends on axioms: [propext, Quot.sound]
'FurioLombardo.Discharge.SelmerSpan.isSquare_prod_sq_mul' depends on axioms: [propext, Classical.choice, Quot.sound]
'FurioLombardo.Discharge.SelmerSpan.chars_sq' depends on axioms: [propext, Classical.choice, Quot.sound]
'FurioLombardo.Discharge.SelmerSpan.evN_mk' depends on axioms: [propext, Classical.choice, Quot.sound]
'FurioLombardo.Discharge.SelmerSpan.evM_mk' depends on axioms: [propext, Classical.choice, Quot.sound]
'FurioLombardo.Discharge.SelmerSpan.not_isSquare_L3' depends on axioms: [propext, Classical.choice, Quot.sound]
'FurioLombardo.Discharge.SelmerSpan.atomOK' depends on axioms: [propext]
'FurioLombardo.Discharge.SelmerSpan.facOK' depends on axioms: [propext]
'FurioLombardo.Discharge.SelmerSpan.comboOK' depends on axioms: [propext, Quot.sound]
'FurioLombardo.Discharge.SelmerSpan.not_all_sq' depends on axioms: [propext, Classical.choice, Quot.sound]
'FurioLombardo.Discharge.SelmerSpan.sq_of_mem' depends on axioms: [propext, Classical.choice, Quot.sound]
'FurioLombardo.Discharge.SelmerSpan.indep_Dpt' depends on axioms: [propext, Classical.choice, Quot.sound]
'FurioLombardo.Discharge.SelmerSpan.twistInputsKv_of_selmerBasis' depends on axioms: [propext,
 Classical.choice,
 Quot.sound]
