  ***   Warning: new maximum stack size = 3000000512 (2861.023 Mbytes).
---- twist 0: atoms j = [2, 1, 2, 2, 2, 2], v(dl) 2
  D_1: v(psi1) 4, v(psi2) 4, v(psi3) 2; scalings 2^(2b), b = [0, 0, 0]
  D_2: v(psi1) 8, v(psi2) 3, v(psi3) 3; scalings 2^(2b), b = [1, 0, 0]
  D_3: v(psi1) 8, v(psi2) 3, v(psi3) 3; scalings 2^(2b), b = [1, 0, 0]
  D_4: v(psi1) 40, v(psi2) 4, v(psi3) 20; scalings 2^(2b), b = [6, 0, 3]
  D_5: v(psi1) 4, v(psi2) 6, v(psi3) 2; scalings 2^(2b), b = [0, 1, 0]
  D_6: v(psi1) 4, v(psi2) 4, v(psi3) 2; scalings 2^(2b), b = [0, 0, 0]
  D_7: v(psi1) 2, v(psi2) 2, v(psi3) 1; scalings 2^(2b), b = [0, 0, 0]
  common precisions [36, 46, 42]
  c = [1, 1, 1, 0, 0, 0, 0]: level 2, v(psi2) 12, cert [1, 7, 39]
  c = [0, 0, 0, 1, 0, 0, 0]: level 2, v(psi2) 4, cert [1, 4, 42]
  c = [1, 1, 1, 1, 0, 0, 0]: level 3; v(z) 20 22, bz 3; v(N(z)) 4 7; v(m) 4, v(s) 6; v(E+-) 16, 16; precisions 36 -> 33 -> 29 -> 25, 25; certs [0, 0, 2] [0, 0, 2]
  c = [1, 0, 0, 0, 0, 1, 0]: level 2, v(psi2) 8, cert [1, 5, 41]
  c = [0, 1, 1, 0, 0, 1, 0]: level 2, v(psi2) 12, cert [1, 7, 39]
  c = [1, 0, 0, 1, 0, 1, 0]: level 2, v(psi2) 12, cert [1, 7, 39]
  c = [0, 1, 1, 1, 0, 1, 0]: level 2, v(psi2) 16, cert [1, 8, 38]
  c = [1, 0, 0, 0, 0, 0, 1]: level 2, v(psi2) 6, cert [1, 5, 41]
  c = [0, 1, 1, 0, 0, 0, 1]: level 2, v(psi2) 10, cert [1, 6, 40]
  c = [1, 0, 0, 1, 0, 0, 1]: level 2, v(psi2) 10, cert [1, 6, 40]
  c = [0, 1, 1, 1, 0, 0, 1]: level 2, v(psi2) 14, cert [1, 7, 39]
  c = [0, 0, 0, 0, 0, 1, 1]: level 2, v(psi2) 6, cert [1, 5, 41]
  c = [1, 1, 1, 0, 0, 1, 1]: level 2, v(psi2) 18, cert [1, 9, 37]
  c = [0, 0, 0, 1, 0, 1, 1]: level 2, v(psi2) 10, cert [1, 6, 40]
  c = [1, 1, 1, 1, 0, 1, 1]: level 2, v(psi2) 22, cert [1, 10, 36]
  levels: [112, 14, 1]
---- twist 1: atoms j = [2, 1, 2, 2, 2, 2], v(dl) 2
  D_1: v(psi1) 0, v(psi2) 0, v(psi3) 0; scalings 2^(2b), b = [0, 0, 0]
  D_2: v(psi1) 0, v(psi2) 0, v(psi3) 0; scalings 2^(2b), b = [0, 0, 0]
  D_3: v(psi1) 6, v(psi2) 1, v(psi3) 0; scalings 2^(2b), b = [1, 0, 0]
  D_4: v(psi1) 4, v(psi2) 6, v(psi3) 2; scalings 2^(2b), b = [0, 1, 0]
  D_5: v(psi1) 4, v(psi2) 6, v(psi3) 2; scalings 2^(2b), b = [0, 1, 0]
  D_6: v(psi1) 12, v(psi2) 4, v(psi3) 6; scalings 2^(2b), b = [2, 0, 1]
  D_7: v(psi1) 0, v(psi2) 0, v(psi3) 0; scalings 2^(2b), b = [0, 0, 0]
  common precisions [44, 46, 46]
  c = [0, 0, 1, 1, 0, 0, 0]: level 2, v(psi2) 2, cert [1, 4, 42]
  c = [0, 0, 1, 0, 1, 0, 0]: level 2, v(psi2) 2, cert [1, 4, 42]
  c = [0, 0, 0, 1, 1, 0, 0]: level 2, v(psi2) 4, cert [1, 4, 42]
  c = [0, 0, 0, 0, 0, 1, 0]: level 2, v(psi2) 4, cert [1, 4, 42]
  c = [0, 0, 1, 1, 0, 1, 0]: level 2, v(psi2) 6, cert [1, 5, 41]
  c = [0, 0, 1, 0, 1, 1, 0]: level 2, v(psi2) 6, cert [1, 5, 41]
  c = [0, 0, 0, 1, 1, 1, 0]: level 3; v(z) 14 16, bz 2; v(N(z)) 4 7; v(m) 4, v(s) 6; v(E+-) 16, 16; precisions 42 -> 39 -> 35 -> 31, 31; certs [0, 0, 2] [0, 0, 2]
  c = [0, 0, 0, 0, 0, 0, 1]: level 2, v(psi2) 0, cert [1, 3, 43]
  c = [0, 0, 1, 1, 0, 0, 1]: level 2, v(psi2) 2, cert [1, 4, 42]
  c = [0, 0, 1, 0, 1, 0, 1]: level 2, v(psi2) 2, cert [1, 4, 42]
  c = [0, 0, 0, 1, 1, 0, 1]: level 2, v(psi2) 4, cert [1, 4, 42]
  c = [0, 0, 0, 0, 0, 1, 1]: level 2, v(psi2) 4, cert [1, 4, 42]
  c = [0, 0, 1, 1, 0, 1, 1]: level 2, v(psi2) 6, cert [1, 5, 41]
  c = [0, 0, 1, 0, 1, 1, 1]: level 2, v(psi2) 6, cert [1, 5, 41]
  c = [0, 0, 0, 1, 1, 1, 1]: level 2, v(psi2) 8, cert [1, 5, 41]
  levels: [112, 14, 1]
theta1 = [309750227900445512569, 140709446414295352622, 937352080059315879928], uOdd1 = 114458393891564631
