  ***   Warning: new maximum stack size = 6000001024 (5722.047 Mbytes).
S: [[2, 1, 3], [2, 1, 12], [2, 1, 6], [7, 3, 7], [3, 1, 1], [439, 1, 1]]
dim K21(S,2) = 18 (6 primes in S, unit rank 11, torsion 2)
delta classes of P0..P3: [[0, 0, 0, 0, 0, 0, 0, 0, 0, 0, 0, 1, 0, 0, 1, 1, 0, 1], [0, 0, 0, 0, 0, 0, 1, 0, 0, 0, 1, 1, 1, 1, 0, 1, 1, 1], [0, 0, 0, 0, 0, 0, 0, 0, 0, 0, 0, 1, 0, 0, 1, 1, 0, 1], [0, 0, 0, 0, 0, 0, 1, 0, 0, 0, 1, 1, 1, 1, 0, 1, 1, 1]]
ok: delta(P0) = delta(P2) != delta(P1) = delta(P3)
  *** [_.._]: Warning: increasing stack size to 16000000.
p = 5: 4 primes, #C(F_p) = 6, |Im_p| = 1, survivors 16384  (2 s)
p = 11: 3 primes, #C(F_p) = 21, |Im_p| = 1, survivors 2048  (2 s)
p = 13: 4 primes, #C(F_p) = 14, |Im_p| = 2, survivors 256  (2 s)
p = 17: 4 primes, #C(F_p) = 18, |Im_p| = 2, survivors 32  (2 s)
p = 19: 4 primes, #C(F_p) = 20, |Im_p| = 2, survivors 16  (2 s)
p = 23: 13 primes, #C(F_p) = 32, |Im_p| = 16, survivors 8  (2 s)
p = 41: 4 primes, #C(F_p) = 42, |Im_p| = 2, survivors 8  (2 s)
p = 83: 4 primes, #C(F_p) = 84, |Im_p| = 2, survivors 8  (2 s)
p = 137: 3 primes, #C(F_p) = 161, |Im_p| = 1, survivors 8  (2 s)
p = 191: 7 primes, #C(F_p) = 192, |Im_p| = 4, survivors 8  (2 s)
p = 241: 4 primes, #C(F_p) = 242, |Im_p| = 2, survivors 8  (2 s)
p = 307: 4 primes, #C(F_p) = 308, |Im_p| = 2, survivors 8  (2 s)
p = 367: 4 primes, #C(F_p) = 368, |Im_p| = 2, survivors 8  (3 s)
survivors: 8; known classes among them: 2
survivor masks: [576, 44229, 95744, 120965, 157317, 182272, 201413, 244800]
done: 3.1000000000000000000000000000000000000 s
p = 2 (m = 8): 896 sampled points, 896 used; survivors 3 of 8: [576, 182272, 244800]
p = 3 (m = 5): 249 sampled points, 249 used; survivors 2 of 3: [182272, 244800]
p = 7 (m = 3): 1316 sampled points, 1316 used; survivors 2 of 2: [182272, 244800]
p = 439 (m = 1): 1316 sampled points, 1316 used; survivors 2 of 2: [182272, 244800]
survivors after the conditions at 2, 3, 7, 439: 2 [182272, 244800]; known among them: 2
done: 11.303000000000000000000000000000000000 s
