  ***   Warning: new maximum stack size = 6000001024 (5722.047 Mbytes).
S: [[2, 1, 3], [2, 1, 12], [2, 1, 6], [7, 3, 7], [3, 1, 1], [439, 1, 1]]
dim K21(S,2) = 18 (6 primes in S, unit rank 11, torsion 2)
delta classes of P0..P3: [[0, 0, 0, 0, 0, 0, 0, 0, 0, 0, 0, 1, 0, 0, 1, 1, 0, 1], [0, 0, 0, 0, 0, 0, 1, 0, 0, 0, 1, 1, 1, 1, 0, 1, 1, 1], [0, 0, 0, 0, 0, 0, 0, 0, 0, 0, 0, 1, 0, 0, 1, 1, 0, 1], [0, 0, 0, 0, 0, 0, 1, 0, 0, 0, 1, 1, 1, 1, 0, 1, 1, 1]]
ok: delta(P0) = delta(P2) != delta(P1) = delta(P3)
  *** [_.._]: Warning: increasing stack size to 16000000.
p = 5: 4 primes, #C(F_p) = 6, |Im_p| = 1, survivors 16384  (1 s)
p = 11: 3 primes, #C(F_p) = 21, |Im_p| = 1, survivors 2048  (2 s)
p = 13: 4 primes, #C(F_p) = 14, |Im_p| = 2, survivors 256  (2 s)
p = 17: 4 primes, #C(F_p) = 18, |Im_p| = 2, survivors 32  (2 s)
p = 19: 4 primes, #C(F_p) = 20, |Im_p| = 2, survivors 16  (2 s)
p = 23: 13 primes, #C(F_p) = 32, |Im_p| = 16, survivors 8  (2 s)
p = 41: 4 primes, #C(F_p) = 42, |Im_p| = 2, survivors 8  (2 s)
p = 83: 4 primes, #C(F_p) = 84, |Im_p| = 2, survivors 8  (2 s)
p = 137: 3 primes, #C(F_p) = 161, |Im_p| = 1, survivors 8  (2 s)
p = 191: 7 primes, #C(F_p) = 192, |Im_p| = 4, survivors 8  (2 s)
p = 241: 4 primes, #C(F_p) = 242, |Im_p| = 2, survivors 8  (2 s)
p = 307: 4 primes, #C(F_p) = 308, |Im_p| = 2, survivors 8  (2 s)
p = 367: 4 primes, #C(F_p) = 368, |Im_p| = 2, survivors 8  (3 s)
p = 431: 3 primes, #C(F_p) = 413, |Im_p| = 1, survivors 8  (3 s)
p = 491: 7 primes, #C(F_p) = 448, |Im_p| = 4, survivors 8  (3 s)
p = 569: 7 primes, #C(F_p) = 548, |Im_p| = 4, survivors 8  (3 s)
p = 619: 4 primes, #C(F_p) = 620, |Im_p| = 2, survivors 8  (3 s)
p = 683: 7 primes, #C(F_p) = 736, |Im_p| = 4, survivors 8  (3 s)
p = 757: 7 primes, #C(F_p) = 812, |Im_p| = 4, survivors 8  (4 s)
p = 827: 7 primes, #C(F_p) = 828, |Im_p| = 4, survivors 8  (4 s)
p = 887: 4 primes, #C(F_p) = 888, |Im_p| = 2, survivors 8  (4 s)
p = 971: 12 primes, #C(F_p) = 972, |Im_p| = 8, survivors 8  (4 s)
p = 1033: 3 primes, #C(F_p) = 1113, |Im_p| = 1, survivors 8  (5 s)
p = 1097: 4 primes, #C(F_p) = 1098, |Im_p| = 2, survivors 8  (5 s)
p = 1181: 12 primes, #C(F_p) = 1182, |Im_p| = 8, survivors 8  (5 s)
p = 1249: 4 primes, #C(F_p) = 1250, |Im_p| = 2, survivors 8  (6 s)
p = 1307: 12 primes, #C(F_p) = 1308, |Im_p| = 8, survivors 8  (6 s)
p = 1423: 13 primes, #C(F_p) = 1376, |Im_p| = 16, survivors 8  (6 s)
p = 1481: 7 primes, #C(F_p) = 1482, |Im_p| = 4, survivors 8  (7 s)
p = 1549: 7 primes, #C(F_p) = 1472, |Im_p| = 4, survivors 8  (7 s)
p = 1609: 12 primes, #C(F_p) = 1610, |Im_p| = 8, survivors 8  (8 s)
p = 1693: 4 primes, #C(F_p) = 1694, |Im_p| = 2, survivors 8  (8 s)
p = 1759: 7 primes, #C(F_p) = 1808, |Im_p| = 4, survivors 8  (8 s)
p = 1861: 4 primes, #C(F_p) = 1862, |Im_p| = 2, survivors 8  (9 s)
p = 1931: 4 primes, #C(F_p) = 1932, |Im_p| = 2, survivors 8  (9 s)
p = 2003: 7 primes, #C(F_p) = 2004, |Im_p| = 4, survivors 8  (10 s)
p = 2083: 7 primes, #C(F_p) = 2084, |Im_p| = 4, survivors 8  (10 s)
p = 2143: 7 primes, #C(F_p) = 2072, |Im_p| = 4, survivors 8  (11 s)
p = 2243: 4 primes, #C(F_p) = 2244, |Im_p| = 2, survivors 8  (11 s)
p = 2311: 7 primes, #C(F_p) = 2312, |Im_p| = 4, survivors 8  (12 s)
p = 2383: 12 primes, #C(F_p) = 2384, |Im_p| = 8, survivors 8  (12 s)
p = 2459: 7 primes, #C(F_p) = 2368, |Im_p| = 4, survivors 8  (13 s)
p = 2551: 4 primes, #C(F_p) = 2552, |Im_p| = 2, survivors 8  (14 s)
p = 2657: 7 primes, #C(F_p) = 2658, |Im_p| = 4, survivors 8  (14 s)
p = 2707: 4 primes, #C(F_p) = 2708, |Im_p| = 2, survivors 8  (15 s)
p = 2777: 4 primes, #C(F_p) = 2778, |Im_p| = 2, survivors 8  (16 s)
p = 2851: 7 primes, #C(F_p) = 2816, |Im_p| = 4, survivors 8  (16 s)
p = 2939: 4 primes, #C(F_p) = 2940, |Im_p| = 2, survivors 8  (17 s)
survivors: 8; known classes among them: 2
survivor masks: [576, 44229, 95744, 120965, 157317, 182272, 201413, 244800]
done: 17.796000000000000000000000000000000000 s
