  ***   Warning: new maximum stack size = 6000001024 (5722.047 Mbytes).
S: [[2, 1, 3], [2, 1, 12], [2, 1, 6], [7, 3, 7], [3, 1, 1], [439, 1, 1]]
dim K21(S,2) = 18 (6 primes in S, unit rank 11, torsion 2)
delta classes of P0..P3: [[0, 0, 0, 0, 0, 0, 0, 0, 0, 0, 0, 1, 0, 0, 1, 1, 0, 1], [0, 0, 0, 0, 0, 0, 1, 0, 0, 0, 1, 1, 1, 1, 0, 1, 1, 1], [0, 0, 0, 0, 0, 0, 0, 0, 0, 0, 0, 1, 0, 0, 1, 1, 0, 1], [0, 0, 0, 0, 0, 0, 1, 0, 0, 0, 1, 1, 1, 1, 0, 1, 1, 1]]
ok: delta(P0) = delta(P2) != delta(P1) = delta(P3)
  *** [_.._]: Warning: increasing stack size to 16000000.
survivors: 8; known classes among them: 2
survivor masks: [576, 44229, 95744, 120965, 157317, 182272, 201413, 244800]
done: 3.0510000000000000000000000000000000000 s
p = 2
 survivor 576
   [7, 5, 1] m=3 Q[1, 1, 1] [v, nonsq(1)/sq(0)/odd(-1)]: [[0, 1], [4, 0], [2, 1]]
   [7, 1, 1] m=3 Q[1, 1, 1] [v, nonsq(1)/sq(0)/odd(-1)]: [[0, 1], [4, 1], [2, 1]]
   [3, 5, 1] m=3 Q[1, 1, 1] [v, nonsq(1)/sq(0)/odd(-1)]: [[0, 0], [4, 1], [2, 1]]
   [3, 1, 1] m=3 Q[1, 1, 1] [v, nonsq(1)/sq(0)/odd(-1)]: [[0, 0], [4, 0], [2, 0]]
   [5, 5, 1] m=3 Q[1, 1, 1] [v, nonsq(1)/sq(0)/odd(-1)]: [[0, 1], [4, 1], [2, 1]]
   [5, 1, 1] m=3 Q[1, 1, 1] [v, nonsq(1)/sq(0)/odd(-1)]: [[0, 1], [4, 1], [2, 1]]
   [1, 5, 1] m=3 Q[1, 1, 1] [v, nonsq(1)/sq(0)/odd(-1)]: [[0, 1], [4, 1], [2, 1]]
   [1, 1, 1] m=3 Q[1, 1, 1] [v, nonsq(1)/sq(0)/odd(-1)]: [[0, 1], [4, 1], [2, 1]]
   [1, 7, 4] m=3 Q[3, 1, 1] [v, nonsq(1)/sq(0)/odd(-1)]: [[0, 1], [0, 1], [0, 1]]
   [1, 3, 0] m=3 Q[3, 1, 1] [v, nonsq(1)/sq(0)/odd(-1)]: [[0, 1], [0, 1], [0, 1]]
   [1, 5, 6] m=3 Q[3, 1, 1] [v, nonsq(1)/sq(0)/odd(-1)]: [[0, 1], [0, 1], [0, 0]]
   [1, 1, 2] m=3 Q[3, 1, 1] [v, nonsq(1)/sq(0)/odd(-1)]: [[0, 1], [0, 1], [0, 0]]
   [7, 4, 1] m=3 Q[1, 3, 3] [v, nonsq(1)/sq(0)/odd(-1)]: [[0, 1], [8, 1], [4, 1]]
   [7, 0, 1] m=3 Q[1, 3, 3] [v, nonsq(1)/sq(0)/odd(-1)]: [[0, 1], [8, 1], [4, 1]]
   [3, 4, 1] m=3 Q[1, 3, 3] [v, nonsq(1)/sq(0)/odd(-1)]: [[0, 1], [8, 1], [4, 1]]
   [3, 0, 1] m=3 Q[1, 3, 3] [v, nonsq(1)/sq(0)/odd(-1)]: [[0, 1], [8, 1], [4, 1]]
   [5, 6, 1] m=3 Q[1, 3, 3] [v, nonsq(1)/sq(0)/odd(-1)]: [[0, 1], [8, 1], [4, 1]]
   [5, 2, 1] m=3 Q[1, 3, 3] [v, nonsq(1)/sq(0)/odd(-1)]: [[0, 1], [8, 1], [4, 1]]
   [1, 6, 1] m=3 Q[1, 3, 3] [v, nonsq(1)/sq(0)/odd(-1)]: [[0, 1], [8, 1], [4, 1]]
   [1, 2, 1] m=3 Q[1, 3, 3] [v, nonsq(1)/sq(0)/odd(-1)]: [[0, 1], [8, 1], [4, 1]]
   [14, 1, 8] m=4 Q[1, 1, 1] [v, nonsq(1)/sq(0)/odd(-1)]: [[3, -1], [6, 1], [3, -1]]
   [14, 1, 0] m=4 Q[1, 1, 1] [v, nonsq(1)/sq(0)/odd(-1)]: [[3, -1], [6, 1], [3, -1]]
   [6, 1, 8] m=4 Q[1, 1, 1] [v, nonsq(1)/sq(0)/odd(-1)]: [[3, -1], [6, 1], [3, -1]]
   [6, 1, 0] m=4 Q[1, 1, 1] [v, nonsq(1)/sq(0)/odd(-1)]: [[3, -1], [6, 1], [3, -1]]
   [10, 1, 12] m=4 Q[1, 1, 1] [v, nonsq(1)/sq(0)/odd(-1)]: [[3, -1], [6, 1], [3, -1]]
   [10, 1, 4] m=4 Q[1, 1, 1] [v, nonsq(1)/sq(0)/odd(-1)]: [[3, -1], [6, 1], [3, -1]]
   [2, 1, 12] m=4 Q[1, 1, 1] [v, nonsq(1)/sq(0)/odd(-1)]: [[3, -1], [6, 1], [3, -1]]
   [2, 1, 4] m=4 Q[1, 1, 1] [v, nonsq(1)/sq(0)/odd(-1)]: [[3, -1], [6, 1], [3, -1]]
   [12, 1, 14] m=4 Q[1, 1, 1] [v, nonsq(1)/sq(0)/odd(-1)]: [[3, -1], [6, 1], [3, -1]]
   [12, 1, 6] m=4 Q[1, 1, 1] [v, nonsq(1)/sq(0)/odd(-1)]: [[3, -1], [6, 1], [3, -1]]
   [4, 1, 14] m=4 Q[1, 1, 1] [v, nonsq(1)/sq(0)/odd(-1)]: [[3, -1], [6, 1], [3, -1]]
   [4, 1, 6] m=4 Q[1, 1, 1] [v, nonsq(1)/sq(0)/odd(-1)]: [[3, -1], [6, 1], [3, -1]]
   [8, 1, 10] m=4 Q[1, 1, 1] [v, nonsq(1)/sq(0)/odd(-1)]: [[3, -1], [6, 1], [3, -1]]
   [8, 1, 2] m=4 Q[1, 1, 1] [v, nonsq(1)/sq(0)/odd(-1)]: [[3, -1], [6, 1], [3, -1]]
   [0, 1, 10] m=4 Q[1, 1, 1] [v, nonsq(1)/sq(0)/odd(-1)]: [[3, -1], [6, 1], [3, -1]]
   [0, 1, 2] m=4 Q[1, 1, 1] [v, nonsq(1)/sq(0)/odd(-1)]: [[3, -1], [6, 1], [3, -1]]
   [6, 0, 1] m=3 Q[3, 3, 3] [v, nonsq(1)/sq(0)/odd(-1)]: [[0, 1], [0, 1], [0, 1]]
   [2, 0, 1] m=3 Q[3, 3, 3] [v, nonsq(1)/sq(0)/odd(-1)]: [[0, 1], [0, 1], [0, 1]]
   [4, 0, 1] m=3 Q[3, 3, 3] [v, nonsq(1)/sq(0)/odd(-1)]: [[0, 1], [0, 1], [0, 1]]
   [0, 0, 1] m=3 Q[3, 3, 3] [v, nonsq(1)/sq(0)/odd(-1)]: [[0, 1], [0, 1], [0, 1]]
 survivor 44229
   [7, 5, 1] m=3 Q[1, 1, 1] [v, nonsq(1)/sq(0)/odd(-1)]: [[1, -1], [4, 1], [3, -1]]
   [7, 1, 1] m=3 Q[1, 1, 1] [v, nonsq(1)/sq(0)/odd(-1)]: [[1, -1], [4, 1], [3, -1]]
   [3, 5, 1] m=3 Q[1, 1, 1] [v, nonsq(1)/sq(0)/odd(-1)]: [[1, -1], [4, 1], [3, -1]]
   [3, 1, 1] m=3 Q[1, 1, 1] [v, nonsq(1)/sq(0)/odd(-1)]: [[1, -1], [4, 1], [3, -1]]
   [5, 5, 1] m=3 Q[1, 1, 1] [v, nonsq(1)/sq(0)/odd(-1)]: [[1, -1], [4, 1], [3, -1]]
   [5, 1, 1] m=3 Q[1, 1, 1] [v, nonsq(1)/sq(0)/odd(-1)]: [[1, -1], [4, 1], [3, -1]]
   [1, 5, 1] m=3 Q[1, 1, 1] [v, nonsq(1)/sq(0)/odd(-1)]: [[1, -1], [4, 1], [3, -1]]
   [1, 1, 1] m=3 Q[1, 1, 1] [v, nonsq(1)/sq(0)/odd(-1)]: [[1, -1], [4, 1], [3, -1]]
   [1, 7, 4] m=3 Q[3, 1, 1] [v, nonsq(1)/sq(0)/odd(-1)]: [[1, -1], [0, 1], [1, -1]]
   [1, 3, 0] m=3 Q[3, 1, 1] [v, nonsq(1)/sq(0)/odd(-1)]: [[1, -1], [0, 1], [1, -1]]
   [1, 5, 6] m=3 Q[3, 1, 1] [v, nonsq(1)/sq(0)/odd(-1)]: [[1, -1], [0, 1], [1, -1]]
   [1, 1, 2] m=3 Q[3, 1, 1] [v, nonsq(1)/sq(0)/odd(-1)]: [[1, -1], [0, 1], [1, -1]]
   [7, 4, 1] m=3 Q[1, 3, 3] [v, nonsq(1)/sq(0)/odd(-1)]: [[1, -1], [8, 1], [5, -1]]
   [7, 0, 1] m=3 Q[1, 3, 3] [v, nonsq(1)/sq(0)/odd(-1)]: [[1, -1], [8, 1], [5, -1]]
   [3, 4, 1] m=3 Q[1, 3, 3] [v, nonsq(1)/sq(0)/odd(-1)]: [[1, -1], [8, 1], [5, -1]]
   [3, 0, 1] m=3 Q[1, 3, 3] [v, nonsq(1)/sq(0)/odd(-1)]: [[1, -1], [8, 1], [5, -1]]
   [5, 6, 1] m=3 Q[1, 3, 3] [v, nonsq(1)/sq(0)/odd(-1)]: [[1, -1], [8, 1], [5, -1]]
   [5, 2, 1] m=3 Q[1, 3, 3] [v, nonsq(1)/sq(0)/odd(-1)]: [[1, -1], [8, 1], [5, -1]]
   [1, 6, 1] m=3 Q[1, 3, 3] [v, nonsq(1)/sq(0)/odd(-1)]: [[1, -1], [8, 1], [5, -1]]
   [1, 2, 1] m=3 Q[1, 3, 3] [v, nonsq(1)/sq(0)/odd(-1)]: [[1, -1], [8, 1], [5, -1]]
   [14, 1, 8] m=4 Q[1, 1, 1] [v, nonsq(1)/sq(0)/odd(-1)]: [[4, 1], [6, 1], [4, 1]]
   [14, 1, 0] m=4 Q[1, 1, 1] [v, nonsq(1)/sq(0)/odd(-1)]: [[4, 1], [6, 1], [4, 1]]
   [6, 1, 8] m=4 Q[1, 1, 1] [v, nonsq(1)/sq(0)/odd(-1)]: [[4, 1], [6, 1], [4, 1]]
   [6, 1, 0] m=4 Q[1, 1, 1] [v, nonsq(1)/sq(0)/odd(-1)]: [[4, 1], [6, 1], [4, 1]]
   [10, 1, 12] m=4 Q[1, 1, 1] [v, nonsq(1)/sq(0)/odd(-1)]: [[4, 1], [6, 1], [4, 1]]
   [10, 1, 4] m=4 Q[1, 1, 1] [v, nonsq(1)/sq(0)/odd(-1)]: [[4, 1], [6, 1], [4, 1]]
   [2, 1, 12] m=4 Q[1, 1, 1] [v, nonsq(1)/sq(0)/odd(-1)]: [[4, 1], [6, 1], [4, 1]]
   [2, 1, 4] m=4 Q[1, 1, 1] [v, nonsq(1)/sq(0)/odd(-1)]: [[4, 1], [6, 1], [4, 1]]
   [12, 1, 14] m=4 Q[1, 1, 1] [v, nonsq(1)/sq(0)/odd(-1)]: [[4, 1], [6, 1], [4, 1]]
   [12, 1, 6] m=4 Q[1, 1, 1] [v, nonsq(1)/sq(0)/odd(-1)]: [[4, 1], [6, 1], [4, 1]]
   [4, 1, 14] m=4 Q[1, 1, 1] [v, nonsq(1)/sq(0)/odd(-1)]: [[4, 1], [6, 1], [4, 1]]
   [4, 1, 6] m=4 Q[1, 1, 1] [v, nonsq(1)/sq(0)/odd(-1)]: [[4, 1], [6, 1], [4, 1]]
   [8, 1, 10] m=4 Q[1, 1, 1] [v, nonsq(1)/sq(0)/odd(-1)]: [[4, 1], [6, 1], [4, 1]]
   [8, 1, 2] m=4 Q[1, 1, 1] [v, nonsq(1)/sq(0)/odd(-1)]: [[4, 1], [6, 1], [4, 1]]
   [0, 1, 10] m=4 Q[1, 1, 1] [v, nonsq(1)/sq(0)/odd(-1)]: [[4, 1], [6, 1], [4, 1]]
   [0, 1, 2] m=4 Q[1, 1, 1] [v, nonsq(1)/sq(0)/odd(-1)]: [[4, 1], [6, 1], [4, 1]]
   [6, 0, 1] m=3 Q[3, 3, 3] [v, nonsq(1)/sq(0)/odd(-1)]: [[1, -1], [0, 1], [1, -1]]
   [2, 0, 1] m=3 Q[3, 3, 3] [v, nonsq(1)/sq(0)/odd(-1)]: [[1, -1], [0, 1], [1, -1]]
   [4, 0, 1] m=3 Q[3, 3, 3] [v, nonsq(1)/sq(0)/odd(-1)]: [[1, -1], [0, 1], [1, -1]]
   [0, 0, 1] m=3 Q[3, 3, 3] [v, nonsq(1)/sq(0)/odd(-1)]: [[1, -1], [0, 1], [1, -1]]
 survivor 95744
   [7, 5, 1] m=3 Q[1, 1, 1] [v, nonsq(1)/sq(0)/odd(-1)]: [[0, 1], [4, 1], [2, 1]]
   [7, 1, 1] m=3 Q[1, 1, 1] [v, nonsq(1)/sq(0)/odd(-1)]: [[0, 1], [4, 1], [2, 1]]
   [3, 5, 1] m=3 Q[1, 1, 1] [v, nonsq(1)/sq(0)/odd(-1)]: [[0, 1], [4, 1], [2, 1]]
   [3, 1, 1] m=3 Q[1, 1, 1] [v, nonsq(1)/sq(0)/odd(-1)]: [[0, 1], [4, 1], [2, 1]]
   [5, 5, 1] m=3 Q[1, 1, 1] [v, nonsq(1)/sq(0)/odd(-1)]: [[0, 1], [4, 1], [2, 0]]
   [5, 1, 1] m=3 Q[1, 1, 1] [v, nonsq(1)/sq(0)/odd(-1)]: [[0, 1], [4, 0], [2, 1]]
   [1, 5, 1] m=3 Q[1, 1, 1] [v, nonsq(1)/sq(0)/odd(-1)]: [[0, 1], [4, 0], [2, 1]]
   [1, 1, 1] m=3 Q[1, 1, 1] [v, nonsq(1)/sq(0)/odd(-1)]: [[0, 1], [4, 1], [2, 1]]
   [1, 7, 4] m=3 Q[3, 1, 1] [v, nonsq(1)/sq(0)/odd(-1)]: [[0, 1], [0, 1], [0, 1]]
   [1, 3, 0] m=3 Q[3, 1, 1] [v, nonsq(1)/sq(0)/odd(-1)]: [[0, 1], [0, 1], [0, 1]]
   [1, 5, 6] m=3 Q[3, 1, 1] [v, nonsq(1)/sq(0)/odd(-1)]: [[0, 1], [0, 1], [0, 1]]
   [1, 1, 2] m=3 Q[3, 1, 1] [v, nonsq(1)/sq(0)/odd(-1)]: [[0, 1], [0, 1], [0, 1]]
   [7, 4, 1] m=3 Q[1, 3, 3] [v, nonsq(1)/sq(0)/odd(-1)]: [[0, 1], [8, 0], [4, 1]]
   [7, 0, 1] m=3 Q[1, 3, 3] [v, nonsq(1)/sq(0)/odd(-1)]: [[0, 1], [8, 1], [4, 1]]
   [3, 4, 1] m=3 Q[1, 3, 3] [v, nonsq(1)/sq(0)/odd(-1)]: [[0, 1], [8, 0], [4, 1]]
   [3, 0, 1] m=3 Q[1, 3, 3] [v, nonsq(1)/sq(0)/odd(-1)]: [[0, 1], [8, 1], [4, 1]]
   [5, 6, 1] m=3 Q[1, 3, 3] [v, nonsq(1)/sq(0)/odd(-1)]: [[0, 1], [8, 0], [4, 1]]
   [5, 2, 1] m=3 Q[1, 3, 3] [v, nonsq(1)/sq(0)/odd(-1)]: [[0, 1], [8, 1], [4, 0]]
   [1, 6, 1] m=3 Q[1, 3, 3] [v, nonsq(1)/sq(0)/odd(-1)]: [[0, 1], [8, 0], [4, 1]]
   [1, 2, 1] m=3 Q[1, 3, 3] [v, nonsq(1)/sq(0)/odd(-1)]: [[0, 1], [8, 1], [4, 0]]
   [14, 1, 8] m=4 Q[1, 1, 1] [v, nonsq(1)/sq(0)/odd(-1)]: [[3, -1], [6, 1], [3, -1]]
   [14, 1, 0] m=4 Q[1, 1, 1] [v, nonsq(1)/sq(0)/odd(-1)]: [[3, -1], [6, 1], [3, -1]]
   [6, 1, 8] m=4 Q[1, 1, 1] [v, nonsq(1)/sq(0)/odd(-1)]: [[3, -1], [6, 1], [3, -1]]
   [6, 1, 0] m=4 Q[1, 1, 1] [v, nonsq(1)/sq(0)/odd(-1)]: [[3, -1], [6, 1], [3, -1]]
   [10, 1, 12] m=4 Q[1, 1, 1] [v, nonsq(1)/sq(0)/odd(-1)]: [[3, -1], [6, 1], [3, -1]]
   [10, 1, 4] m=4 Q[1, 1, 1] [v, nonsq(1)/sq(0)/odd(-1)]: [[3, -1], [6, 1], [3, -1]]
   [2, 1, 12] m=4 Q[1, 1, 1] [v, nonsq(1)/sq(0)/odd(-1)]: [[3, -1], [6, 1], [3, -1]]
   [2, 1, 4] m=4 Q[1, 1, 1] [v, nonsq(1)/sq(0)/odd(-1)]: [[3, -1], [6, 1], [3, -1]]
   [12, 1, 14] m=4 Q[1, 1, 1] [v, nonsq(1)/sq(0)/odd(-1)]: [[3, -1], [6, 1], [3, -1]]
   [12, 1, 6] m=4 Q[1, 1, 1] [v, nonsq(1)/sq(0)/odd(-1)]: [[3, -1], [6, 1], [3, -1]]
   [4, 1, 14] m=4 Q[1, 1, 1] [v, nonsq(1)/sq(0)/odd(-1)]: [[3, -1], [6, 1], [3, -1]]
   [4, 1, 6] m=4 Q[1, 1, 1] [v, nonsq(1)/sq(0)/odd(-1)]: [[3, -1], [6, 1], [3, -1]]
   [8, 1, 10] m=4 Q[1, 1, 1] [v, nonsq(1)/sq(0)/odd(-1)]: [[3, -1], [6, 1], [3, -1]]
   [8, 1, 2] m=4 Q[1, 1, 1] [v, nonsq(1)/sq(0)/odd(-1)]: [[3, -1], [6, 1], [3, -1]]
   [0, 1, 10] m=4 Q[1, 1, 1] [v, nonsq(1)/sq(0)/odd(-1)]: [[3, -1], [6, 1], [3, -1]]
   [0, 1, 2] m=4 Q[1, 1, 1] [v, nonsq(1)/sq(0)/odd(-1)]: [[3, -1], [6, 1], [3, -1]]
   [6, 0, 1] m=3 Q[3, 3, 3] [v, nonsq(1)/sq(0)/odd(-1)]: [[0, 1], [0, 1], [0, 1]]
   [2, 0, 1] m=3 Q[3, 3, 3] [v, nonsq(1)/sq(0)/odd(-1)]: [[0, 1], [0, 1], [0, 1]]
   [4, 0, 1] m=3 Q[3, 3, 3] [v, nonsq(1)/sq(0)/odd(-1)]: [[0, 1], [0, 1], [0, 1]]
   [0, 0, 1] m=3 Q[3, 3, 3] [v, nonsq(1)/sq(0)/odd(-1)]: [[0, 1], [0, 1], [0, 1]]
 survivor 120965
   [7, 5, 1] m=3 Q[1, 1, 1] [v, nonsq(1)/sq(0)/odd(-1)]: [[1, -1], [4, 1], [3, -1]]
   [7, 1, 1] m=3 Q[1, 1, 1] [v, nonsq(1)/sq(0)/odd(-1)]: [[1, -1], [4, 1], [3, -1]]
   [3, 5, 1] m=3 Q[1, 1, 1] [v, nonsq(1)/sq(0)/odd(-1)]: [[1, -1], [4, 1], [3, -1]]
   [3, 1, 1] m=3 Q[1, 1, 1] [v, nonsq(1)/sq(0)/odd(-1)]: [[1, -1], [4, 1], [3, -1]]
   [5, 5, 1] m=3 Q[1, 1, 1] [v, nonsq(1)/sq(0)/odd(-1)]: [[1, -1], [4, 1], [3, -1]]
   [5, 1, 1] m=3 Q[1, 1, 1] [v, nonsq(1)/sq(0)/odd(-1)]: [[1, -1], [4, 1], [3, -1]]
   [1, 5, 1] m=3 Q[1, 1, 1] [v, nonsq(1)/sq(0)/odd(-1)]: [[1, -1], [4, 1], [3, -1]]
   [1, 1, 1] m=3 Q[1, 1, 1] [v, nonsq(1)/sq(0)/odd(-1)]: [[1, -1], [4, 1], [3, -1]]
   [1, 7, 4] m=3 Q[3, 1, 1] [v, nonsq(1)/sq(0)/odd(-1)]: [[1, -1], [0, 1], [1, -1]]
   [1, 3, 0] m=3 Q[3, 1, 1] [v, nonsq(1)/sq(0)/odd(-1)]: [[1, -1], [0, 1], [1, -1]]
   [1, 5, 6] m=3 Q[3, 1, 1] [v, nonsq(1)/sq(0)/odd(-1)]: [[1, -1], [0, 1], [1, -1]]
   [1, 1, 2] m=3 Q[3, 1, 1] [v, nonsq(1)/sq(0)/odd(-1)]: [[1, -1], [0, 1], [1, -1]]
   [7, 4, 1] m=3 Q[1, 3, 3] [v, nonsq(1)/sq(0)/odd(-1)]: [[1, -1], [8, 1], [5, -1]]
   [7, 0, 1] m=3 Q[1, 3, 3] [v, nonsq(1)/sq(0)/odd(-1)]: [[1, -1], [8, 1], [5, -1]]
   [3, 4, 1] m=3 Q[1, 3, 3] [v, nonsq(1)/sq(0)/odd(-1)]: [[1, -1], [8, 1], [5, -1]]
   [3, 0, 1] m=3 Q[1, 3, 3] [v, nonsq(1)/sq(0)/odd(-1)]: [[1, -1], [8, 1], [5, -1]]
   [5, 6, 1] m=3 Q[1, 3, 3] [v, nonsq(1)/sq(0)/odd(-1)]: [[1, -1], [8, 1], [5, -1]]
   [5, 2, 1] m=3 Q[1, 3, 3] [v, nonsq(1)/sq(0)/odd(-1)]: [[1, -1], [8, 1], [5, -1]]
   [1, 6, 1] m=3 Q[1, 3, 3] [v, nonsq(1)/sq(0)/odd(-1)]: [[1, -1], [8, 1], [5, -1]]
   [1, 2, 1] m=3 Q[1, 3, 3] [v, nonsq(1)/sq(0)/odd(-1)]: [[1, -1], [8, 1], [5, -1]]
   [14, 1, 8] m=4 Q[1, 1, 1] [v, nonsq(1)/sq(0)/odd(-1)]: [[4, 0], [6, 1], [4, 1]]
   [14, 1, 0] m=4 Q[1, 1, 1] [v, nonsq(1)/sq(0)/odd(-1)]: [[4, 1], [6, 1], [4, 1]]
   [6, 1, 8] m=4 Q[1, 1, 1] [v, nonsq(1)/sq(0)/odd(-1)]: [[4, 1], [6, 1], [4, 1]]
   [6, 1, 0] m=4 Q[1, 1, 1] [v, nonsq(1)/sq(0)/odd(-1)]: [[4, 0], [6, 1], [4, 1]]
   [10, 1, 12] m=4 Q[1, 1, 1] [v, nonsq(1)/sq(0)/odd(-1)]: [[4, 1], [6, 1], [4, 1]]
   [10, 1, 4] m=4 Q[1, 1, 1] [v, nonsq(1)/sq(0)/odd(-1)]: [[4, 0], [6, 1], [4, 1]]
   [2, 1, 12] m=4 Q[1, 1, 1] [v, nonsq(1)/sq(0)/odd(-1)]: [[4, 0], [6, 1], [4, 1]]
   [2, 1, 4] m=4 Q[1, 1, 1] [v, nonsq(1)/sq(0)/odd(-1)]: [[4, 1], [6, 1], [4, 1]]
   [12, 1, 14] m=4 Q[1, 1, 1] [v, nonsq(1)/sq(0)/odd(-1)]: [[4, 1], [6, 1], [4, 1]]
   [12, 1, 6] m=4 Q[1, 1, 1] [v, nonsq(1)/sq(0)/odd(-1)]: [[4, 1], [6, 1], [4, 1]]
   [4, 1, 14] m=4 Q[1, 1, 1] [v, nonsq(1)/sq(0)/odd(-1)]: [[4, 1], [6, 1], [4, 1]]
   [4, 1, 6] m=4 Q[1, 1, 1] [v, nonsq(1)/sq(0)/odd(-1)]: [[4, 1], [6, 1], [4, 1]]
   [8, 1, 10] m=4 Q[1, 1, 1] [v, nonsq(1)/sq(0)/odd(-1)]: [[4, 1], [6, 1], [4, 1]]
   [8, 1, 2] m=4 Q[1, 1, 1] [v, nonsq(1)/sq(0)/odd(-1)]: [[4, 1], [6, 1], [4, 1]]
   [0, 1, 10] m=4 Q[1, 1, 1] [v, nonsq(1)/sq(0)/odd(-1)]: [[4, 1], [6, 1], [4, 1]]
   [0, 1, 2] m=4 Q[1, 1, 1] [v, nonsq(1)/sq(0)/odd(-1)]: [[4, 1], [6, 1], [4, 1]]
   [6, 0, 1] m=3 Q[3, 3, 3] [v, nonsq(1)/sq(0)/odd(-1)]: [[1, -1], [0, 1], [1, -1]]
   [2, 0, 1] m=3 Q[3, 3, 3] [v, nonsq(1)/sq(0)/odd(-1)]: [[1, -1], [0, 1], [1, -1]]
   [4, 0, 1] m=3 Q[3, 3, 3] [v, nonsq(1)/sq(0)/odd(-1)]: [[1, -1], [0, 1], [1, -1]]
   [0, 0, 1] m=3 Q[3, 3, 3] [v, nonsq(1)/sq(0)/odd(-1)]: [[1, -1], [0, 1], [1, -1]]
 survivor 157317
   [7, 5, 1] m=3 Q[1, 1, 1] [v, nonsq(1)/sq(0)/odd(-1)]: [[1, -1], [4, 1], [3, -1]]
   [7, 1, 1] m=3 Q[1, 1, 1] [v, nonsq(1)/sq(0)/odd(-1)]: [[1, -1], [4, 1], [3, -1]]
   [3, 5, 1] m=3 Q[1, 1, 1] [v, nonsq(1)/sq(0)/odd(-1)]: [[1, -1], [4, 1], [3, -1]]
   [3, 1, 1] m=3 Q[1, 1, 1] [v, nonsq(1)/sq(0)/odd(-1)]: [[1, -1], [4, 1], [3, -1]]
   [5, 5, 1] m=3 Q[1, 1, 1] [v, nonsq(1)/sq(0)/odd(-1)]: [[1, -1], [4, 1], [3, -1]]
   [5, 1, 1] m=3 Q[1, 1, 1] [v, nonsq(1)/sq(0)/odd(-1)]: [[1, -1], [4, 1], [3, -1]]
   [1, 5, 1] m=3 Q[1, 1, 1] [v, nonsq(1)/sq(0)/odd(-1)]: [[1, -1], [4, 1], [3, -1]]
   [1, 1, 1] m=3 Q[1, 1, 1] [v, nonsq(1)/sq(0)/odd(-1)]: [[1, -1], [4, 1], [3, -1]]
   [1, 7, 4] m=3 Q[3, 1, 1] [v, nonsq(1)/sq(0)/odd(-1)]: [[1, -1], [0, 1], [1, -1]]
   [1, 3, 0] m=3 Q[3, 1, 1] [v, nonsq(1)/sq(0)/odd(-1)]: [[1, -1], [0, 1], [1, -1]]
   [1, 5, 6] m=3 Q[3, 1, 1] [v, nonsq(1)/sq(0)/odd(-1)]: [[1, -1], [0, 1], [1, -1]]
   [1, 1, 2] m=3 Q[3, 1, 1] [v, nonsq(1)/sq(0)/odd(-1)]: [[1, -1], [0, 1], [1, -1]]
   [7, 4, 1] m=3 Q[1, 3, 3] [v, nonsq(1)/sq(0)/odd(-1)]: [[1, -1], [8, 1], [5, -1]]
   [7, 0, 1] m=3 Q[1, 3, 3] [v, nonsq(1)/sq(0)/odd(-1)]: [[1, -1], [8, 1], [5, -1]]
   [3, 4, 1] m=3 Q[1, 3, 3] [v, nonsq(1)/sq(0)/odd(-1)]: [[1, -1], [8, 1], [5, -1]]
   [3, 0, 1] m=3 Q[1, 3, 3] [v, nonsq(1)/sq(0)/odd(-1)]: [[1, -1], [8, 1], [5, -1]]
   [5, 6, 1] m=3 Q[1, 3, 3] [v, nonsq(1)/sq(0)/odd(-1)]: [[1, -1], [8, 1], [5, -1]]
   [5, 2, 1] m=3 Q[1, 3, 3] [v, nonsq(1)/sq(0)/odd(-1)]: [[1, -1], [8, 1], [5, -1]]
   [1, 6, 1] m=3 Q[1, 3, 3] [v, nonsq(1)/sq(0)/odd(-1)]: [[1, -1], [8, 1], [5, -1]]
   [1, 2, 1] m=3 Q[1, 3, 3] [v, nonsq(1)/sq(0)/odd(-1)]: [[1, -1], [8, 1], [5, -1]]
   [14, 1, 8] m=4 Q[1, 1, 1] [v, nonsq(1)/sq(0)/odd(-1)]: [[4, 1], [6, 1], [4, 1]]
   [14, 1, 0] m=4 Q[1, 1, 1] [v, nonsq(1)/sq(0)/odd(-1)]: [[4, 1], [6, 1], [4, 1]]
   [6, 1, 8] m=4 Q[1, 1, 1] [v, nonsq(1)/sq(0)/odd(-1)]: [[4, 1], [6, 1], [4, 1]]
   [6, 1, 0] m=4 Q[1, 1, 1] [v, nonsq(1)/sq(0)/odd(-1)]: [[4, 1], [6, 1], [4, 1]]
   [10, 1, 12] m=4 Q[1, 1, 1] [v, nonsq(1)/sq(0)/odd(-1)]: [[4, 1], [6, 1], [4, 1]]
   [10, 1, 4] m=4 Q[1, 1, 1] [v, nonsq(1)/sq(0)/odd(-1)]: [[4, 1], [6, 1], [4, 1]]
   [2, 1, 12] m=4 Q[1, 1, 1] [v, nonsq(1)/sq(0)/odd(-1)]: [[4, 1], [6, 1], [4, 1]]
   [2, 1, 4] m=4 Q[1, 1, 1] [v, nonsq(1)/sq(0)/odd(-1)]: [[4, 1], [6, 1], [4, 1]]
   [12, 1, 14] m=4 Q[1, 1, 1] [v, nonsq(1)/sq(0)/odd(-1)]: [[4, 1], [6, 1], [4, 1]]
   [12, 1, 6] m=4 Q[1, 1, 1] [v, nonsq(1)/sq(0)/odd(-1)]: [[4, 0], [6, 1], [4, 1]]
   [4, 1, 14] m=4 Q[1, 1, 1] [v, nonsq(1)/sq(0)/odd(-1)]: [[4, 0], [6, 1], [4, 1]]
   [4, 1, 6] m=4 Q[1, 1, 1] [v, nonsq(1)/sq(0)/odd(-1)]: [[4, 1], [6, 1], [4, 1]]
   [8, 1, 10] m=4 Q[1, 1, 1] [v, nonsq(1)/sq(0)/odd(-1)]: [[4, 1], [6, 1], [4, 1]]
   [8, 1, 2] m=4 Q[1, 1, 1] [v, nonsq(1)/sq(0)/odd(-1)]: [[4, 0], [6, 1], [4, 1]]
   [0, 1, 10] m=4 Q[1, 1, 1] [v, nonsq(1)/sq(0)/odd(-1)]: [[4, 0], [6, 1], [4, 1]]
   [0, 1, 2] m=4 Q[1, 1, 1] [v, nonsq(1)/sq(0)/odd(-1)]: [[4, 1], [6, 1], [4, 1]]
   [6, 0, 1] m=3 Q[3, 3, 3] [v, nonsq(1)/sq(0)/odd(-1)]: [[1, -1], [0, 1], [1, -1]]
   [2, 0, 1] m=3 Q[3, 3, 3] [v, nonsq(1)/sq(0)/odd(-1)]: [[1, -1], [0, 1], [1, -1]]
   [4, 0, 1] m=3 Q[3, 3, 3] [v, nonsq(1)/sq(0)/odd(-1)]: [[1, -1], [0, 1], [1, -1]]
   [0, 0, 1] m=3 Q[3, 3, 3] [v, nonsq(1)/sq(0)/odd(-1)]: [[1, -1], [0, 1], [1, -1]]
 survivor 182272
   [7, 5, 1] m=3 Q[1, 1, 1] [v, nonsq(1)/sq(0)/odd(-1)]: [[0, 1], [4, 1], [2, 0]]
   [7, 1, 1] m=3 Q[1, 1, 1] [v, nonsq(1)/sq(0)/odd(-1)]: [[0, 1], [4, 0], [2, 1]]
   [3, 5, 1] m=3 Q[1, 1, 1] [v, nonsq(1)/sq(0)/odd(-1)]: [[0, 1], [4, 0], [2, 1]]
   [3, 1, 1] m=3 Q[1, 1, 1] [v, nonsq(1)/sq(0)/odd(-1)]: [[0, 1], [4, 1], [2, 1]]
   [5, 5, 1] m=3 Q[1, 1, 1] [v, nonsq(1)/sq(0)/odd(-1)]: [[0, 1], [4, 1], [2, 1]]
   [5, 1, 1] m=3 Q[1, 1, 1] [v, nonsq(1)/sq(0)/odd(-1)]: [[0, 1], [4, 1], [2, 1]]
   [1, 5, 1] m=3 Q[1, 1, 1] [v, nonsq(1)/sq(0)/odd(-1)]: [[0, 1], [4, 1], [2, 1]]
   [1, 1, 1] m=3 Q[1, 1, 1] [v, nonsq(1)/sq(0)/odd(-1)]: [[0, 1], [4, 1], [2, 1]]
   [1, 7, 4] m=3 Q[3, 1, 1] [v, nonsq(1)/sq(0)/odd(-1)]: [[0, 0], [0, 0], [0, 0]]
   [1, 3, 0] m=3 Q[3, 1, 1] [v, nonsq(1)/sq(0)/odd(-1)]: [[0, 0], [0, 0], [0, 0]]
   [1, 5, 6] m=3 Q[3, 1, 1] [v, nonsq(1)/sq(0)/odd(-1)]: [[0, 1], [0, 0], [0, 1]]
   [1, 1, 2] m=3 Q[3, 1, 1] [v, nonsq(1)/sq(0)/odd(-1)]: [[0, 1], [0, 0], [0, 1]]
   [7, 4, 1] m=3 Q[1, 3, 3] [v, nonsq(1)/sq(0)/odd(-1)]: [[0, 1], [8, 1], [4, 1]]
   [7, 0, 1] m=3 Q[1, 3, 3] [v, nonsq(1)/sq(0)/odd(-1)]: [[0, 1], [8, 1], [4, 1]]
   [3, 4, 1] m=3 Q[1, 3, 3] [v, nonsq(1)/sq(0)/odd(-1)]: [[0, 1], [8, 1], [4, 1]]
   [3, 0, 1] m=3 Q[1, 3, 3] [v, nonsq(1)/sq(0)/odd(-1)]: [[0, 1], [8, 1], [4, 1]]
   [5, 6, 1] m=3 Q[1, 3, 3] [v, nonsq(1)/sq(0)/odd(-1)]: [[0, 1], [8, 1], [4, 1]]
   [5, 2, 1] m=3 Q[1, 3, 3] [v, nonsq(1)/sq(0)/odd(-1)]: [[0, 1], [8, 1], [4, 1]]
   [1, 6, 1] m=3 Q[1, 3, 3] [v, nonsq(1)/sq(0)/odd(-1)]: [[0, 1], [8, 1], [4, 1]]
   [1, 2, 1] m=3 Q[1, 3, 3] [v, nonsq(1)/sq(0)/odd(-1)]: [[0, 1], [8, 1], [4, 1]]
   [14, 1, 8] m=4 Q[1, 1, 1] [v, nonsq(1)/sq(0)/odd(-1)]: [[3, -1], [6, 1], [3, -1]]
   [14, 1, 0] m=4 Q[1, 1, 1] [v, nonsq(1)/sq(0)/odd(-1)]: [[3, -1], [6, 1], [3, -1]]
   [6, 1, 8] m=4 Q[1, 1, 1] [v, nonsq(1)/sq(0)/odd(-1)]: [[3, -1], [6, 1], [3, -1]]
   [6, 1, 0] m=4 Q[1, 1, 1] [v, nonsq(1)/sq(0)/odd(-1)]: [[3, -1], [6, 1], [3, -1]]
   [10, 1, 12] m=4 Q[1, 1, 1] [v, nonsq(1)/sq(0)/odd(-1)]: [[3, -1], [6, 1], [3, -1]]
   [10, 1, 4] m=4 Q[1, 1, 1] [v, nonsq(1)/sq(0)/odd(-1)]: [[3, -1], [6, 1], [3, -1]]
   [2, 1, 12] m=4 Q[1, 1, 1] [v, nonsq(1)/sq(0)/odd(-1)]: [[3, -1], [6, 1], [3, -1]]
   [2, 1, 4] m=4 Q[1, 1, 1] [v, nonsq(1)/sq(0)/odd(-1)]: [[3, -1], [6, 1], [3, -1]]
   [12, 1, 14] m=4 Q[1, 1, 1] [v, nonsq(1)/sq(0)/odd(-1)]: [[3, -1], [6, 1], [3, -1]]
   [12, 1, 6] m=4 Q[1, 1, 1] [v, nonsq(1)/sq(0)/odd(-1)]: [[3, -1], [6, 1], [3, -1]]
   [4, 1, 14] m=4 Q[1, 1, 1] [v, nonsq(1)/sq(0)/odd(-1)]: [[3, -1], [6, 1], [3, -1]]
   [4, 1, 6] m=4 Q[1, 1, 1] [v, nonsq(1)/sq(0)/odd(-1)]: [[3, -1], [6, 1], [3, -1]]
   [8, 1, 10] m=4 Q[1, 1, 1] [v, nonsq(1)/sq(0)/odd(-1)]: [[3, -1], [6, 1], [3, -1]]
   [8, 1, 2] m=4 Q[1, 1, 1] [v, nonsq(1)/sq(0)/odd(-1)]: [[3, -1], [6, 1], [3, -1]]
   [0, 1, 10] m=4 Q[1, 1, 1] [v, nonsq(1)/sq(0)/odd(-1)]: [[3, -1], [6, 1], [3, -1]]
   [0, 1, 2] m=4 Q[1, 1, 1] [v, nonsq(1)/sq(0)/odd(-1)]: [[3, -1], [6, 1], [3, -1]]
   [6, 0, 1] m=3 Q[3, 3, 3] [v, nonsq(1)/sq(0)/odd(-1)]: [[0, 0], [0, 0], [0, 0]]
   [2, 0, 1] m=3 Q[3, 3, 3] [v, nonsq(1)/sq(0)/odd(-1)]: [[0, 0], [0, 0], [0, 0]]
   [4, 0, 1] m=3 Q[3, 3, 3] [v, nonsq(1)/sq(0)/odd(-1)]: [[0, 0], [0, 0], [0, 0]]
   [0, 0, 1] m=3 Q[3, 3, 3] [v, nonsq(1)/sq(0)/odd(-1)]: [[0, 0], [0, 0], [0, 0]]
 survivor 201413
   [7, 5, 1] m=3 Q[1, 1, 1] [v, nonsq(1)/sq(0)/odd(-1)]: [[1, -1], [4, 1], [3, -1]]
   [7, 1, 1] m=3 Q[1, 1, 1] [v, nonsq(1)/sq(0)/odd(-1)]: [[1, -1], [4, 1], [3, -1]]
   [3, 5, 1] m=3 Q[1, 1, 1] [v, nonsq(1)/sq(0)/odd(-1)]: [[1, -1], [4, 1], [3, -1]]
   [3, 1, 1] m=3 Q[1, 1, 1] [v, nonsq(1)/sq(0)/odd(-1)]: [[1, -1], [4, 1], [3, -1]]
   [5, 5, 1] m=3 Q[1, 1, 1] [v, nonsq(1)/sq(0)/odd(-1)]: [[1, -1], [4, 1], [3, -1]]
   [5, 1, 1] m=3 Q[1, 1, 1] [v, nonsq(1)/sq(0)/odd(-1)]: [[1, -1], [4, 1], [3, -1]]
   [1, 5, 1] m=3 Q[1, 1, 1] [v, nonsq(1)/sq(0)/odd(-1)]: [[1, -1], [4, 1], [3, -1]]
   [1, 1, 1] m=3 Q[1, 1, 1] [v, nonsq(1)/sq(0)/odd(-1)]: [[1, -1], [4, 1], [3, -1]]
   [1, 7, 4] m=3 Q[3, 1, 1] [v, nonsq(1)/sq(0)/odd(-1)]: [[1, -1], [0, 1], [1, -1]]
   [1, 3, 0] m=3 Q[3, 1, 1] [v, nonsq(1)/sq(0)/odd(-1)]: [[1, -1], [0, 1], [1, -1]]
   [1, 5, 6] m=3 Q[3, 1, 1] [v, nonsq(1)/sq(0)/odd(-1)]: [[1, -1], [0, 1], [1, -1]]
   [1, 1, 2] m=3 Q[3, 1, 1] [v, nonsq(1)/sq(0)/odd(-1)]: [[1, -1], [0, 1], [1, -1]]
   [7, 4, 1] m=3 Q[1, 3, 3] [v, nonsq(1)/sq(0)/odd(-1)]: [[1, -1], [8, 1], [5, -1]]
   [7, 0, 1] m=3 Q[1, 3, 3] [v, nonsq(1)/sq(0)/odd(-1)]: [[1, -1], [8, 1], [5, -1]]
   [3, 4, 1] m=3 Q[1, 3, 3] [v, nonsq(1)/sq(0)/odd(-1)]: [[1, -1], [8, 1], [5, -1]]
   [3, 0, 1] m=3 Q[1, 3, 3] [v, nonsq(1)/sq(0)/odd(-1)]: [[1, -1], [8, 1], [5, -1]]
   [5, 6, 1] m=3 Q[1, 3, 3] [v, nonsq(1)/sq(0)/odd(-1)]: [[1, -1], [8, 1], [5, -1]]
   [5, 2, 1] m=3 Q[1, 3, 3] [v, nonsq(1)/sq(0)/odd(-1)]: [[1, -1], [8, 1], [5, -1]]
   [1, 6, 1] m=3 Q[1, 3, 3] [v, nonsq(1)/sq(0)/odd(-1)]: [[1, -1], [8, 1], [5, -1]]
   [1, 2, 1] m=3 Q[1, 3, 3] [v, nonsq(1)/sq(0)/odd(-1)]: [[1, -1], [8, 1], [5, -1]]
   [14, 1, 8] m=4 Q[1, 1, 1] [v, nonsq(1)/sq(0)/odd(-1)]: [[4, 1], [6, 1], [4, 1]]
   [14, 1, 0] m=4 Q[1, 1, 1] [v, nonsq(1)/sq(0)/odd(-1)]: [[4, 1], [6, 1], [4, 1]]
   [6, 1, 8] m=4 Q[1, 1, 1] [v, nonsq(1)/sq(0)/odd(-1)]: [[4, 1], [6, 1], [4, 1]]
   [6, 1, 0] m=4 Q[1, 1, 1] [v, nonsq(1)/sq(0)/odd(-1)]: [[4, 1], [6, 1], [4, 1]]
   [10, 1, 12] m=4 Q[1, 1, 1] [v, nonsq(1)/sq(0)/odd(-1)]: [[4, 1], [6, 1], [4, 1]]
   [10, 1, 4] m=4 Q[1, 1, 1] [v, nonsq(1)/sq(0)/odd(-1)]: [[4, 1], [6, 1], [4, 1]]
   [2, 1, 12] m=4 Q[1, 1, 1] [v, nonsq(1)/sq(0)/odd(-1)]: [[4, 1], [6, 1], [4, 1]]
   [2, 1, 4] m=4 Q[1, 1, 1] [v, nonsq(1)/sq(0)/odd(-1)]: [[4, 1], [6, 1], [4, 1]]
   [12, 1, 14] m=4 Q[1, 1, 1] [v, nonsq(1)/sq(0)/odd(-1)]: [[4, 1], [6, 1], [4, 1]]
   [12, 1, 6] m=4 Q[1, 1, 1] [v, nonsq(1)/sq(0)/odd(-1)]: [[4, 1], [6, 1], [4, 1]]
   [4, 1, 14] m=4 Q[1, 1, 1] [v, nonsq(1)/sq(0)/odd(-1)]: [[4, 1], [6, 1], [4, 1]]
   [4, 1, 6] m=4 Q[1, 1, 1] [v, nonsq(1)/sq(0)/odd(-1)]: [[4, 1], [6, 1], [4, 1]]
   [8, 1, 10] m=4 Q[1, 1, 1] [v, nonsq(1)/sq(0)/odd(-1)]: [[4, 1], [6, 1], [4, 1]]
   [8, 1, 2] m=4 Q[1, 1, 1] [v, nonsq(1)/sq(0)/odd(-1)]: [[4, 1], [6, 1], [4, 1]]
   [0, 1, 10] m=4 Q[1, 1, 1] [v, nonsq(1)/sq(0)/odd(-1)]: [[4, 1], [6, 1], [4, 1]]
   [0, 1, 2] m=4 Q[1, 1, 1] [v, nonsq(1)/sq(0)/odd(-1)]: [[4, 1], [6, 1], [4, 1]]
   [6, 0, 1] m=3 Q[3, 3, 3] [v, nonsq(1)/sq(0)/odd(-1)]: [[1, -1], [0, 1], [1, -1]]
   [2, 0, 1] m=3 Q[3, 3, 3] [v, nonsq(1)/sq(0)/odd(-1)]: [[1, -1], [0, 1], [1, -1]]
   [4, 0, 1] m=3 Q[3, 3, 3] [v, nonsq(1)/sq(0)/odd(-1)]: [[1, -1], [0, 1], [1, -1]]
   [0, 0, 1] m=3 Q[3, 3, 3] [v, nonsq(1)/sq(0)/odd(-1)]: [[1, -1], [0, 1], [1, -1]]
 survivor 244800
   [7, 5, 1] m=3 Q[1, 1, 1] [v, nonsq(1)/sq(0)/odd(-1)]: [[0, 1], [4, 1], [2, 1]]
   [7, 1, 1] m=3 Q[1, 1, 1] [v, nonsq(1)/sq(0)/odd(-1)]: [[0, 1], [4, 1], [2, 1]]
   [3, 5, 1] m=3 Q[1, 1, 1] [v, nonsq(1)/sq(0)/odd(-1)]: [[0, 1], [4, 1], [2, 1]]
   [3, 1, 1] m=3 Q[1, 1, 1] [v, nonsq(1)/sq(0)/odd(-1)]: [[0, 1], [4, 1], [2, 1]]
   [5, 5, 1] m=3 Q[1, 1, 1] [v, nonsq(1)/sq(0)/odd(-1)]: [[0, 1], [4, 0], [2, 1]]
   [5, 1, 1] m=3 Q[1, 1, 1] [v, nonsq(1)/sq(0)/odd(-1)]: [[0, 1], [4, 1], [2, 1]]
   [1, 5, 1] m=3 Q[1, 1, 1] [v, nonsq(1)/sq(0)/odd(-1)]: [[0, 0], [4, 1], [2, 1]]
   [1, 1, 1] m=3 Q[1, 1, 1] [v, nonsq(1)/sq(0)/odd(-1)]: [[0, 0], [4, 0], [2, 0]]
   [1, 7, 4] m=3 Q[3, 1, 1] [v, nonsq(1)/sq(0)/odd(-1)]: [[0, 1], [0, 1], [0, 1]]
   [1, 3, 0] m=3 Q[3, 1, 1] [v, nonsq(1)/sq(0)/odd(-1)]: [[0, 1], [0, 1], [0, 1]]
   [1, 5, 6] m=3 Q[3, 1, 1] [v, nonsq(1)/sq(0)/odd(-1)]: [[0, 1], [0, 1], [0, 1]]
   [1, 1, 2] m=3 Q[3, 1, 1] [v, nonsq(1)/sq(0)/odd(-1)]: [[0, 1], [0, 1], [0, 1]]
   [7, 4, 1] m=3 Q[1, 3, 3] [v, nonsq(1)/sq(0)/odd(-1)]: [[0, 0], [8, 1], [4, 1]]
   [7, 0, 1] m=3 Q[1, 3, 3] [v, nonsq(1)/sq(0)/odd(-1)]: [[0, 0], [8, 0], [4, 0]]
   [3, 4, 1] m=3 Q[1, 3, 3] [v, nonsq(1)/sq(0)/odd(-1)]: [[0, 0], [8, 1], [4, 1]]
   [3, 0, 1] m=3 Q[1, 3, 3] [v, nonsq(1)/sq(0)/odd(-1)]: [[0, 0], [8, 0], [4, 0]]
   [5, 6, 1] m=3 Q[1, 3, 3] [v, nonsq(1)/sq(0)/odd(-1)]: [[0, 1], [8, 1], [4, 1]]
   [5, 2, 1] m=3 Q[1, 3, 3] [v, nonsq(1)/sq(0)/odd(-1)]: [[0, 1], [8, 0], [4, 1]]
   [1, 6, 1] m=3 Q[1, 3, 3] [v, nonsq(1)/sq(0)/odd(-1)]: [[0, 1], [8, 1], [4, 1]]
   [1, 2, 1] m=3 Q[1, 3, 3] [v, nonsq(1)/sq(0)/odd(-1)]: [[0, 1], [8, 0], [4, 1]]
   [14, 1, 8] m=4 Q[1, 1, 1] [v, nonsq(1)/sq(0)/odd(-1)]: [[3, -1], [6, 1], [3, -1]]
   [14, 1, 0] m=4 Q[1, 1, 1] [v, nonsq(1)/sq(0)/odd(-1)]: [[3, -1], [6, 1], [3, -1]]
   [6, 1, 8] m=4 Q[1, 1, 1] [v, nonsq(1)/sq(0)/odd(-1)]: [[3, -1], [6, 1], [3, -1]]
   [6, 1, 0] m=4 Q[1, 1, 1] [v, nonsq(1)/sq(0)/odd(-1)]: [[3, -1], [6, 1], [3, -1]]
   [10, 1, 12] m=4 Q[1, 1, 1] [v, nonsq(1)/sq(0)/odd(-1)]: [[3, -1], [6, 1], [3, -1]]
   [10, 1, 4] m=4 Q[1, 1, 1] [v, nonsq(1)/sq(0)/odd(-1)]: [[3, -1], [6, 1], [3, -1]]
   [2, 1, 12] m=4 Q[1, 1, 1] [v, nonsq(1)/sq(0)/odd(-1)]: [[3, -1], [6, 1], [3, -1]]
   [2, 1, 4] m=4 Q[1, 1, 1] [v, nonsq(1)/sq(0)/odd(-1)]: [[3, -1], [6, 1], [3, -1]]
   [12, 1, 14] m=4 Q[1, 1, 1] [v, nonsq(1)/sq(0)/odd(-1)]: [[3, -1], [6, 1], [3, -1]]
   [12, 1, 6] m=4 Q[1, 1, 1] [v, nonsq(1)/sq(0)/odd(-1)]: [[3, -1], [6, 1], [3, -1]]
   [4, 1, 14] m=4 Q[1, 1, 1] [v, nonsq(1)/sq(0)/odd(-1)]: [[3, -1], [6, 1], [3, -1]]
   [4, 1, 6] m=4 Q[1, 1, 1] [v, nonsq(1)/sq(0)/odd(-1)]: [[3, -1], [6, 1], [3, -1]]
   [8, 1, 10] m=4 Q[1, 1, 1] [v, nonsq(1)/sq(0)/odd(-1)]: [[3, -1], [6, 1], [3, -1]]
   [8, 1, 2] m=4 Q[1, 1, 1] [v, nonsq(1)/sq(0)/odd(-1)]: [[3, -1], [6, 1], [3, -1]]
   [0, 1, 10] m=4 Q[1, 1, 1] [v, nonsq(1)/sq(0)/odd(-1)]: [[3, -1], [6, 1], [3, -1]]
   [0, 1, 2] m=4 Q[1, 1, 1] [v, nonsq(1)/sq(0)/odd(-1)]: [[3, -1], [6, 1], [3, -1]]
   [6, 0, 1] m=3 Q[3, 3, 3] [v, nonsq(1)/sq(0)/odd(-1)]: [[0, 1], [0, 1], [0, 1]]
   [2, 0, 1] m=3 Q[3, 3, 3] [v, nonsq(1)/sq(0)/odd(-1)]: [[0, 1], [0, 1], [0, 1]]
   [4, 0, 1] m=3 Q[3, 3, 3] [v, nonsq(1)/sq(0)/odd(-1)]: [[0, 1], [0, 1], [0, 1]]
   [0, 0, 1] m=3 Q[3, 3, 3] [v, nonsq(1)/sq(0)/odd(-1)]: [[0, 1], [0, 1], [0, 1]]
p = 3
 survivor 576
   [2, 0, 1] m=1 Q[1, 1, 1, 1] [v, nonsq(1)/sq(0)/odd(-1)]: [[0, 1], [0, 1], [0, 0], [0, 0]]
   [1, 2, 1] m=1 Q[1, 1, 1, 1] [v, nonsq(1)/sq(0)/odd(-1)]: [[0, 1], [0, 1], [0, 0], [0, 0]]
   [25, 22, 1] m=3 Q[3, 1, 1, 1] [v, nonsq(1)/sq(0)/odd(-1)]: [[2, 1], [0, 1], [0, 0], [0, 0]]
   [16, 4, 1] m=3 Q[3, 1, 1, 1] [v, nonsq(1)/sq(0)/odd(-1)]: [[2, 1], [0, 1], [0, 0], [0, 0]]
   [7, 13, 1] m=3 Q[3, 1, 1, 1] [v, nonsq(1)/sq(0)/odd(-1)]: [[2, 1], [0, 1], [0, 0], [0, 0]]
   [22, 16, 1] m=3 Q[1, 1, 1, 1] [v, nonsq(1)/sq(0)/odd(-1)]: [[2, 1], [0, 1], [0, 0], [0, 0]]
   [13, 25, 1] m=3 Q[1, 1, 1, 1] [v, nonsq(1)/sq(0)/odd(-1)]: [[2, 1], [0, 1], [0, 0], [0, 0]]
   [4, 7, 1] m=3 Q[1, 1, 1, 1] [v, nonsq(1)/sq(0)/odd(-1)]: [[2, 1], [0, 1], [0, 0], [0, 0]]
   [19, 10, 1] m=3 Q[1, 1, 1, 1] [v, nonsq(1)/sq(0)/odd(-1)]: [[2, 1], [0, 1], [0, 0], [0, 0]]
   [10, 19, 1] m=3 Q[1, 1, 1, 1] [v, nonsq(1)/sq(0)/odd(-1)]: [[2, 1], [0, 1], [0, 0], [0, 0]]
   [1, 1, 1] m=3 Q[1, 1, 1, 1] [v, nonsq(1)/sq(0)/odd(-1)]: [[2, 1], [0, 1], [0, 0], [0, 0]]
   [24, 12, 1] m=3 Q[1, 1, 1, 1] [v, nonsq(1)/sq(0)/odd(-1)]: [[2, 1], [2, 1], [2, 0], [2, 0]]
   [15, 21, 1] m=3 Q[1, 1, 1, 1] [v, nonsq(1)/sq(0)/odd(-1)]: [[2, 1], [2, 1], [2, 0], [2, 0]]
   [6, 3, 1] m=3 Q[1, 1, 1, 1] [v, nonsq(1)/sq(0)/odd(-1)]: [[2, 1], [2, 1], [2, 0], [2, 0]]
   [21, 24, 1] m=3 Q[1, 1, 1, 1] [v, nonsq(1)/sq(0)/odd(-1)]: [[2, 1], [2, 1], [2, 0], [2, 0]]
   [12, 6, 1] m=3 Q[1, 1, 1, 1] [v, nonsq(1)/sq(0)/odd(-1)]: [[2, 1], [2, 1], [2, 0], [2, 0]]
   [3, 15, 1] m=3 Q[1, 1, 1, 1] [v, nonsq(1)/sq(0)/odd(-1)]: [[2, 1], [2, 1], [2, 0], [2, 0]]
   [18, 9, 1] m=3 Q[3, 3, 3, 3] [v, nonsq(1)/sq(0)/odd(-1)]: [[2, 1], [0, 1], [0, 0], [0, 0]]
   [9, 18, 1] m=3 Q[3, 3, 3, 3] [v, nonsq(1)/sq(0)/odd(-1)]: [[2, 1], [0, 1], [0, 0], [0, 0]]
   [0, 0, 1] m=3 Q[3, 3, 3, 3] [v, nonsq(1)/sq(0)/odd(-1)]: [[2, 1], [0, 1], [0, 0], [0, 0]]
 survivor 44229
   [2, 0, 1] m=1 Q[1, 1, 1, 1] [v, nonsq(1)/sq(0)/odd(-1)]: [[0, 1], [0, 1], [0, 0], [0, 0]]
   [1, 2, 1] m=1 Q[1, 1, 1, 1] [v, nonsq(1)/sq(0)/odd(-1)]: [[0, 1], [0, 1], [0, 0], [0, 0]]
   [25, 22, 1] m=3 Q[3, 1, 1, 1] [v, nonsq(1)/sq(0)/odd(-1)]: [[2, 1], [0, 1], [0, 0], [0, 0]]
   [16, 4, 1] m=3 Q[3, 1, 1, 1] [v, nonsq(1)/sq(0)/odd(-1)]: [[2, 1], [0, 1], [0, 0], [0, 0]]
   [7, 13, 1] m=3 Q[3, 1, 1, 1] [v, nonsq(1)/sq(0)/odd(-1)]: [[2, 1], [0, 1], [0, 0], [0, 0]]
   [22, 16, 1] m=3 Q[1, 1, 1, 1] [v, nonsq(1)/sq(0)/odd(-1)]: [[2, 1], [0, 1], [0, 0], [0, 0]]
   [13, 25, 1] m=3 Q[1, 1, 1, 1] [v, nonsq(1)/sq(0)/odd(-1)]: [[2, 1], [0, 1], [0, 0], [0, 0]]
   [4, 7, 1] m=3 Q[1, 1, 1, 1] [v, nonsq(1)/sq(0)/odd(-1)]: [[2, 1], [0, 1], [0, 0], [0, 0]]
   [19, 10, 1] m=3 Q[1, 1, 1, 1] [v, nonsq(1)/sq(0)/odd(-1)]: [[2, 1], [0, 1], [0, 0], [0, 0]]
   [10, 19, 1] m=3 Q[1, 1, 1, 1] [v, nonsq(1)/sq(0)/odd(-1)]: [[2, 1], [0, 1], [0, 0], [0, 0]]
   [1, 1, 1] m=3 Q[1, 1, 1, 1] [v, nonsq(1)/sq(0)/odd(-1)]: [[2, 1], [0, 1], [0, 0], [0, 0]]
   [24, 12, 1] m=3 Q[1, 1, 1, 1] [v, nonsq(1)/sq(0)/odd(-1)]: [[2, 1], [2, 1], [2, 0], [2, 0]]
   [15, 21, 1] m=3 Q[1, 1, 1, 1] [v, nonsq(1)/sq(0)/odd(-1)]: [[2, 1], [2, 1], [2, 0], [2, 0]]
   [6, 3, 1] m=3 Q[1, 1, 1, 1] [v, nonsq(1)/sq(0)/odd(-1)]: [[2, 1], [2, 1], [2, 0], [2, 0]]
   [21, 24, 1] m=3 Q[1, 1, 1, 1] [v, nonsq(1)/sq(0)/odd(-1)]: [[2, 1], [2, 1], [2, 0], [2, 0]]
   [12, 6, 1] m=3 Q[1, 1, 1, 1] [v, nonsq(1)/sq(0)/odd(-1)]: [[2, 1], [2, 1], [2, 0], [2, 0]]
   [3, 15, 1] m=3 Q[1, 1, 1, 1] [v, nonsq(1)/sq(0)/odd(-1)]: [[2, 1], [2, 1], [2, 0], [2, 0]]
   [18, 9, 1] m=3 Q[3, 3, 3, 3] [v, nonsq(1)/sq(0)/odd(-1)]: [[2, 1], [0, 1], [0, 0], [0, 0]]
   [9, 18, 1] m=3 Q[3, 3, 3, 3] [v, nonsq(1)/sq(0)/odd(-1)]: [[2, 1], [0, 1], [0, 0], [0, 0]]
   [0, 0, 1] m=3 Q[3, 3, 3, 3] [v, nonsq(1)/sq(0)/odd(-1)]: [[2, 1], [0, 1], [0, 0], [0, 0]]
 survivor 95744
   [2, 0, 1] m=1 Q[1, 1, 1, 1] [v, nonsq(1)/sq(0)/odd(-1)]: [[0, 1], [0, 1], [0, 0], [0, 0]]
   [1, 2, 1] m=1 Q[1, 1, 1, 1] [v, nonsq(1)/sq(0)/odd(-1)]: [[0, 1], [0, 1], [0, 0], [0, 0]]
   [25, 22, 1] m=3 Q[3, 1, 1, 1] [v, nonsq(1)/sq(0)/odd(-1)]: [[2, 1], [0, 1], [0, 0], [0, 0]]
   [16, 4, 1] m=3 Q[3, 1, 1, 1] [v, nonsq(1)/sq(0)/odd(-1)]: [[2, 1], [0, 1], [0, 0], [0, 0]]
   [7, 13, 1] m=3 Q[3, 1, 1, 1] [v, nonsq(1)/sq(0)/odd(-1)]: [[2, 1], [0, 1], [0, 0], [0, 0]]
   [22, 16, 1] m=3 Q[1, 1, 1, 1] [v, nonsq(1)/sq(0)/odd(-1)]: [[2, 1], [0, 1], [0, 0], [0, 0]]
   [13, 25, 1] m=3 Q[1, 1, 1, 1] [v, nonsq(1)/sq(0)/odd(-1)]: [[2, 1], [0, 1], [0, 0], [0, 0]]
   [4, 7, 1] m=3 Q[1, 1, 1, 1] [v, nonsq(1)/sq(0)/odd(-1)]: [[2, 1], [0, 1], [0, 0], [0, 0]]
   [19, 10, 1] m=3 Q[1, 1, 1, 1] [v, nonsq(1)/sq(0)/odd(-1)]: [[2, 1], [0, 1], [0, 0], [0, 0]]
   [10, 19, 1] m=3 Q[1, 1, 1, 1] [v, nonsq(1)/sq(0)/odd(-1)]: [[2, 1], [0, 1], [0, 0], [0, 0]]
   [1, 1, 1] m=3 Q[1, 1, 1, 1] [v, nonsq(1)/sq(0)/odd(-1)]: [[2, 1], [0, 1], [0, 0], [0, 0]]
   [24, 12, 1] m=3 Q[1, 1, 1, 1] [v, nonsq(1)/sq(0)/odd(-1)]: [[2, 1], [2, 1], [2, 0], [2, 0]]
   [15, 21, 1] m=3 Q[1, 1, 1, 1] [v, nonsq(1)/sq(0)/odd(-1)]: [[2, 1], [2, 1], [2, 0], [2, 0]]
   [6, 3, 1] m=3 Q[1, 1, 1, 1] [v, nonsq(1)/sq(0)/odd(-1)]: [[2, 1], [2, 1], [2, 0], [2, 0]]
   [21, 24, 1] m=3 Q[1, 1, 1, 1] [v, nonsq(1)/sq(0)/odd(-1)]: [[2, 1], [2, 1], [2, 0], [2, 0]]
   [12, 6, 1] m=3 Q[1, 1, 1, 1] [v, nonsq(1)/sq(0)/odd(-1)]: [[2, 1], [2, 1], [2, 0], [2, 0]]
   [3, 15, 1] m=3 Q[1, 1, 1, 1] [v, nonsq(1)/sq(0)/odd(-1)]: [[2, 1], [2, 1], [2, 0], [2, 0]]
   [18, 9, 1] m=3 Q[3, 3, 3, 3] [v, nonsq(1)/sq(0)/odd(-1)]: [[2, 1], [0, 1], [0, 0], [0, 0]]
   [9, 18, 1] m=3 Q[3, 3, 3, 3] [v, nonsq(1)/sq(0)/odd(-1)]: [[2, 1], [0, 1], [0, 0], [0, 0]]
   [0, 0, 1] m=3 Q[3, 3, 3, 3] [v, nonsq(1)/sq(0)/odd(-1)]: [[2, 1], [0, 1], [0, 0], [0, 0]]
 survivor 120965
   [2, 0, 1] m=1 Q[1, 1, 1, 1] [v, nonsq(1)/sq(0)/odd(-1)]: [[0, 1], [0, 1], [0, 0], [0, 0]]
   [1, 2, 1] m=1 Q[1, 1, 1, 1] [v, nonsq(1)/sq(0)/odd(-1)]: [[0, 1], [0, 1], [0, 0], [0, 0]]
   [25, 22, 1] m=3 Q[3, 1, 1, 1] [v, nonsq(1)/sq(0)/odd(-1)]: [[2, 1], [0, 1], [0, 0], [0, 0]]
   [16, 4, 1] m=3 Q[3, 1, 1, 1] [v, nonsq(1)/sq(0)/odd(-1)]: [[2, 1], [0, 1], [0, 0], [0, 0]]
   [7, 13, 1] m=3 Q[3, 1, 1, 1] [v, nonsq(1)/sq(0)/odd(-1)]: [[2, 1], [0, 1], [0, 0], [0, 0]]
   [22, 16, 1] m=3 Q[1, 1, 1, 1] [v, nonsq(1)/sq(0)/odd(-1)]: [[2, 1], [0, 1], [0, 0], [0, 0]]
   [13, 25, 1] m=3 Q[1, 1, 1, 1] [v, nonsq(1)/sq(0)/odd(-1)]: [[2, 1], [0, 1], [0, 0], [0, 0]]
   [4, 7, 1] m=3 Q[1, 1, 1, 1] [v, nonsq(1)/sq(0)/odd(-1)]: [[2, 1], [0, 1], [0, 0], [0, 0]]
   [19, 10, 1] m=3 Q[1, 1, 1, 1] [v, nonsq(1)/sq(0)/odd(-1)]: [[2, 1], [0, 1], [0, 0], [0, 0]]
   [10, 19, 1] m=3 Q[1, 1, 1, 1] [v, nonsq(1)/sq(0)/odd(-1)]: [[2, 1], [0, 1], [0, 0], [0, 0]]
   [1, 1, 1] m=3 Q[1, 1, 1, 1] [v, nonsq(1)/sq(0)/odd(-1)]: [[2, 1], [0, 1], [0, 0], [0, 0]]
   [24, 12, 1] m=3 Q[1, 1, 1, 1] [v, nonsq(1)/sq(0)/odd(-1)]: [[2, 1], [2, 1], [2, 0], [2, 0]]
   [15, 21, 1] m=3 Q[1, 1, 1, 1] [v, nonsq(1)/sq(0)/odd(-1)]: [[2, 1], [2, 1], [2, 0], [2, 0]]
   [6, 3, 1] m=3 Q[1, 1, 1, 1] [v, nonsq(1)/sq(0)/odd(-1)]: [[2, 1], [2, 1], [2, 0], [2, 0]]
   [21, 24, 1] m=3 Q[1, 1, 1, 1] [v, nonsq(1)/sq(0)/odd(-1)]: [[2, 1], [2, 1], [2, 0], [2, 0]]
   [12, 6, 1] m=3 Q[1, 1, 1, 1] [v, nonsq(1)/sq(0)/odd(-1)]: [[2, 1], [2, 1], [2, 0], [2, 0]]
   [3, 15, 1] m=3 Q[1, 1, 1, 1] [v, nonsq(1)/sq(0)/odd(-1)]: [[2, 1], [2, 1], [2, 0], [2, 0]]
   [18, 9, 1] m=3 Q[3, 3, 3, 3] [v, nonsq(1)/sq(0)/odd(-1)]: [[2, 1], [0, 1], [0, 0], [0, 0]]
   [9, 18, 1] m=3 Q[3, 3, 3, 3] [v, nonsq(1)/sq(0)/odd(-1)]: [[2, 1], [0, 1], [0, 0], [0, 0]]
   [0, 0, 1] m=3 Q[3, 3, 3, 3] [v, nonsq(1)/sq(0)/odd(-1)]: [[2, 1], [0, 1], [0, 0], [0, 0]]
 survivor 157317
   [2, 0, 1] m=1 Q[1, 1, 1, 1] [v, nonsq(1)/sq(0)/odd(-1)]: [[0, 0], [0, 0], [0, 0], [0, 0]]
   [1, 2, 1] m=1 Q[1, 1, 1, 1] [v, nonsq(1)/sq(0)/odd(-1)]: [[0, 0], [0, 0], [0, 0], [0, 0]]
   [25, 22, 1] m=3 Q[3, 1, 1, 1] [v, nonsq(1)/sq(0)/odd(-1)]: [[2, 0], [0, 0], [0, 0], [0, 0]]
   [16, 4, 1] m=3 Q[3, 1, 1, 1] [v, nonsq(1)/sq(0)/odd(-1)]: [[2, 0], [0, 0], [0, 0], [0, 0]]
   [7, 13, 1] m=3 Q[3, 1, 1, 1] [v, nonsq(1)/sq(0)/odd(-1)]: [[2, 0], [0, 0], [0, 0], [0, 0]]
   [22, 16, 1] m=3 Q[1, 1, 1, 1] [v, nonsq(1)/sq(0)/odd(-1)]: [[2, 0], [0, 0], [0, 0], [0, 0]]
   [13, 25, 1] m=3 Q[1, 1, 1, 1] [v, nonsq(1)/sq(0)/odd(-1)]: [[2, 0], [0, 0], [0, 0], [0, 0]]
   [4, 7, 1] m=3 Q[1, 1, 1, 1] [v, nonsq(1)/sq(0)/odd(-1)]: [[2, 0], [0, 0], [0, 0], [0, 0]]
   [19, 10, 1] m=3 Q[1, 1, 1, 1] [v, nonsq(1)/sq(0)/odd(-1)]: [[2, 0], [0, 0], [0, 0], [0, 0]]
   [10, 19, 1] m=3 Q[1, 1, 1, 1] [v, nonsq(1)/sq(0)/odd(-1)]: [[2, 0], [0, 0], [0, 0], [0, 0]]
   [1, 1, 1] m=3 Q[1, 1, 1, 1] [v, nonsq(1)/sq(0)/odd(-1)]: [[2, 0], [0, 0], [0, 0], [0, 0]]
   [24, 12, 1] m=3 Q[1, 1, 1, 1] [v, nonsq(1)/sq(0)/odd(-1)]: [[2, 0], [2, 0], [2, 0], [2, 0]]
   [15, 21, 1] m=3 Q[1, 1, 1, 1] [v, nonsq(1)/sq(0)/odd(-1)]: [[2, 0], [2, 0], [2, 0], [2, 0]]
   [6, 3, 1] m=3 Q[1, 1, 1, 1] [v, nonsq(1)/sq(0)/odd(-1)]: [[2, 0], [2, 0], [2, 0], [2, 0]]
   [21, 24, 1] m=3 Q[1, 1, 1, 1] [v, nonsq(1)/sq(0)/odd(-1)]: [[2, 0], [2, 0], [2, 0], [2, 0]]
   [12, 6, 1] m=3 Q[1, 1, 1, 1] [v, nonsq(1)/sq(0)/odd(-1)]: [[2, 0], [2, 0], [2, 0], [2, 0]]
   [3, 15, 1] m=3 Q[1, 1, 1, 1] [v, nonsq(1)/sq(0)/odd(-1)]: [[2, 0], [2, 0], [2, 0], [2, 0]]
   [18, 9, 1] m=3 Q[3, 3, 3, 3] [v, nonsq(1)/sq(0)/odd(-1)]: [[2, 0], [0, 0], [0, 0], [0, 0]]
   [9, 18, 1] m=3 Q[3, 3, 3, 3] [v, nonsq(1)/sq(0)/odd(-1)]: [[2, 0], [0, 0], [0, 0], [0, 0]]
   [0, 0, 1] m=3 Q[3, 3, 3, 3] [v, nonsq(1)/sq(0)/odd(-1)]: [[2, 0], [0, 0], [0, 0], [0, 0]]
 survivor 182272
   [2, 0, 1] m=1 Q[1, 1, 1, 1] [v, nonsq(1)/sq(0)/odd(-1)]: [[0, 0], [0, 0], [0, 0], [0, 0]]
   [1, 2, 1] m=1 Q[1, 1, 1, 1] [v, nonsq(1)/sq(0)/odd(-1)]: [[0, 0], [0, 0], [0, 0], [0, 0]]
   [25, 22, 1] m=3 Q[3, 1, 1, 1] [v, nonsq(1)/sq(0)/odd(-1)]: [[2, 0], [0, 0], [0, 0], [0, 0]]
   [16, 4, 1] m=3 Q[3, 1, 1, 1] [v, nonsq(1)/sq(0)/odd(-1)]: [[2, 0], [0, 0], [0, 0], [0, 0]]
   [7, 13, 1] m=3 Q[3, 1, 1, 1] [v, nonsq(1)/sq(0)/odd(-1)]: [[2, 0], [0, 0], [0, 0], [0, 0]]
   [22, 16, 1] m=3 Q[1, 1, 1, 1] [v, nonsq(1)/sq(0)/odd(-1)]: [[2, 0], [0, 0], [0, 0], [0, 0]]
   [13, 25, 1] m=3 Q[1, 1, 1, 1] [v, nonsq(1)/sq(0)/odd(-1)]: [[2, 0], [0, 0], [0, 0], [0, 0]]
   [4, 7, 1] m=3 Q[1, 1, 1, 1] [v, nonsq(1)/sq(0)/odd(-1)]: [[2, 0], [0, 0], [0, 0], [0, 0]]
   [19, 10, 1] m=3 Q[1, 1, 1, 1] [v, nonsq(1)/sq(0)/odd(-1)]: [[2, 0], [0, 0], [0, 0], [0, 0]]
   [10, 19, 1] m=3 Q[1, 1, 1, 1] [v, nonsq(1)/sq(0)/odd(-1)]: [[2, 0], [0, 0], [0, 0], [0, 0]]
   [1, 1, 1] m=3 Q[1, 1, 1, 1] [v, nonsq(1)/sq(0)/odd(-1)]: [[2, 0], [0, 0], [0, 0], [0, 0]]
   [24, 12, 1] m=3 Q[1, 1, 1, 1] [v, nonsq(1)/sq(0)/odd(-1)]: [[2, 0], [2, 0], [2, 0], [2, 0]]
   [15, 21, 1] m=3 Q[1, 1, 1, 1] [v, nonsq(1)/sq(0)/odd(-1)]: [[2, 0], [2, 0], [2, 0], [2, 0]]
   [6, 3, 1] m=3 Q[1, 1, 1, 1] [v, nonsq(1)/sq(0)/odd(-1)]: [[2, 0], [2, 0], [2, 0], [2, 0]]
   [21, 24, 1] m=3 Q[1, 1, 1, 1] [v, nonsq(1)/sq(0)/odd(-1)]: [[2, 0], [2, 0], [2, 0], [2, 0]]
   [12, 6, 1] m=3 Q[1, 1, 1, 1] [v, nonsq(1)/sq(0)/odd(-1)]: [[2, 0], [2, 0], [2, 0], [2, 0]]
   [3, 15, 1] m=3 Q[1, 1, 1, 1] [v, nonsq(1)/sq(0)/odd(-1)]: [[2, 0], [2, 0], [2, 0], [2, 0]]
   [18, 9, 1] m=3 Q[3, 3, 3, 3] [v, nonsq(1)/sq(0)/odd(-1)]: [[2, 0], [0, 0], [0, 0], [0, 0]]
   [9, 18, 1] m=3 Q[3, 3, 3, 3] [v, nonsq(1)/sq(0)/odd(-1)]: [[2, 0], [0, 0], [0, 0], [0, 0]]
   [0, 0, 1] m=3 Q[3, 3, 3, 3] [v, nonsq(1)/sq(0)/odd(-1)]: [[2, 0], [0, 0], [0, 0], [0, 0]]
 survivor 201413
   [2, 0, 1] m=1 Q[1, 1, 1, 1] [v, nonsq(1)/sq(0)/odd(-1)]: [[0, 0], [0, 0], [0, 0], [0, 0]]
   [1, 2, 1] m=1 Q[1, 1, 1, 1] [v, nonsq(1)/sq(0)/odd(-1)]: [[0, 0], [0, 0], [0, 0], [0, 0]]
   [25, 22, 1] m=3 Q[3, 1, 1, 1] [v, nonsq(1)/sq(0)/odd(-1)]: [[2, 0], [0, 0], [0, 0], [0, 0]]
   [16, 4, 1] m=3 Q[3, 1, 1, 1] [v, nonsq(1)/sq(0)/odd(-1)]: [[2, 0], [0, 0], [0, 0], [0, 0]]
   [7, 13, 1] m=3 Q[3, 1, 1, 1] [v, nonsq(1)/sq(0)/odd(-1)]: [[2, 0], [0, 0], [0, 0], [0, 0]]
   [22, 16, 1] m=3 Q[1, 1, 1, 1] [v, nonsq(1)/sq(0)/odd(-1)]: [[2, 0], [0, 0], [0, 0], [0, 0]]
   [13, 25, 1] m=3 Q[1, 1, 1, 1] [v, nonsq(1)/sq(0)/odd(-1)]: [[2, 0], [0, 0], [0, 0], [0, 0]]
   [4, 7, 1] m=3 Q[1, 1, 1, 1] [v, nonsq(1)/sq(0)/odd(-1)]: [[2, 0], [0, 0], [0, 0], [0, 0]]
   [19, 10, 1] m=3 Q[1, 1, 1, 1] [v, nonsq(1)/sq(0)/odd(-1)]: [[2, 0], [0, 0], [0, 0], [0, 0]]
   [10, 19, 1] m=3 Q[1, 1, 1, 1] [v, nonsq(1)/sq(0)/odd(-1)]: [[2, 0], [0, 0], [0, 0], [0, 0]]
   [1, 1, 1] m=3 Q[1, 1, 1, 1] [v, nonsq(1)/sq(0)/odd(-1)]: [[2, 0], [0, 0], [0, 0], [0, 0]]
   [24, 12, 1] m=3 Q[1, 1, 1, 1] [v, nonsq(1)/sq(0)/odd(-1)]: [[2, 0], [2, 0], [2, 0], [2, 0]]
   [15, 21, 1] m=3 Q[1, 1, 1, 1] [v, nonsq(1)/sq(0)/odd(-1)]: [[2, 0], [2, 0], [2, 0], [2, 0]]
   [6, 3, 1] m=3 Q[1, 1, 1, 1] [v, nonsq(1)/sq(0)/odd(-1)]: [[2, 0], [2, 0], [2, 0], [2, 0]]
   [21, 24, 1] m=3 Q[1, 1, 1, 1] [v, nonsq(1)/sq(0)/odd(-1)]: [[2, 0], [2, 0], [2, 0], [2, 0]]
   [12, 6, 1] m=3 Q[1, 1, 1, 1] [v, nonsq(1)/sq(0)/odd(-1)]: [[2, 0], [2, 0], [2, 0], [2, 0]]
   [3, 15, 1] m=3 Q[1, 1, 1, 1] [v, nonsq(1)/sq(0)/odd(-1)]: [[2, 0], [2, 0], [2, 0], [2, 0]]
   [18, 9, 1] m=3 Q[3, 3, 3, 3] [v, nonsq(1)/sq(0)/odd(-1)]: [[2, 0], [0, 0], [0, 0], [0, 0]]
   [9, 18, 1] m=3 Q[3, 3, 3, 3] [v, nonsq(1)/sq(0)/odd(-1)]: [[2, 0], [0, 0], [0, 0], [0, 0]]
   [0, 0, 1] m=3 Q[3, 3, 3, 3] [v, nonsq(1)/sq(0)/odd(-1)]: [[2, 0], [0, 0], [0, 0], [0, 0]]
 survivor 244800
   [2, 0, 1] m=1 Q[1, 1, 1, 1] [v, nonsq(1)/sq(0)/odd(-1)]: [[0, 0], [0, 0], [0, 0], [0, 0]]
   [1, 2, 1] m=1 Q[1, 1, 1, 1] [v, nonsq(1)/sq(0)/odd(-1)]: [[0, 0], [0, 0], [0, 0], [0, 0]]
   [25, 22, 1] m=3 Q[3, 1, 1, 1] [v, nonsq(1)/sq(0)/odd(-1)]: [[2, 0], [0, 0], [0, 0], [0, 0]]
   [16, 4, 1] m=3 Q[3, 1, 1, 1] [v, nonsq(1)/sq(0)/odd(-1)]: [[2, 0], [0, 0], [0, 0], [0, 0]]
   [7, 13, 1] m=3 Q[3, 1, 1, 1] [v, nonsq(1)/sq(0)/odd(-1)]: [[2, 0], [0, 0], [0, 0], [0, 0]]
   [22, 16, 1] m=3 Q[1, 1, 1, 1] [v, nonsq(1)/sq(0)/odd(-1)]: [[2, 0], [0, 0], [0, 0], [0, 0]]
   [13, 25, 1] m=3 Q[1, 1, 1, 1] [v, nonsq(1)/sq(0)/odd(-1)]: [[2, 0], [0, 0], [0, 0], [0, 0]]
   [4, 7, 1] m=3 Q[1, 1, 1, 1] [v, nonsq(1)/sq(0)/odd(-1)]: [[2, 0], [0, 0], [0, 0], [0, 0]]
   [19, 10, 1] m=3 Q[1, 1, 1, 1] [v, nonsq(1)/sq(0)/odd(-1)]: [[2, 0], [0, 0], [0, 0], [0, 0]]
   [10, 19, 1] m=3 Q[1, 1, 1, 1] [v, nonsq(1)/sq(0)/odd(-1)]: [[2, 0], [0, 0], [0, 0], [0, 0]]
   [1, 1, 1] m=3 Q[1, 1, 1, 1] [v, nonsq(1)/sq(0)/odd(-1)]: [[2, 0], [0, 0], [0, 0], [0, 0]]
   [24, 12, 1] m=3 Q[1, 1, 1, 1] [v, nonsq(1)/sq(0)/odd(-1)]: [[2, 0], [2, 0], [2, 0], [2, 0]]
   [15, 21, 1] m=3 Q[1, 1, 1, 1] [v, nonsq(1)/sq(0)/odd(-1)]: [[2, 0], [2, 0], [2, 0], [2, 0]]
   [6, 3, 1] m=3 Q[1, 1, 1, 1] [v, nonsq(1)/sq(0)/odd(-1)]: [[2, 0], [2, 0], [2, 0], [2, 0]]
   [21, 24, 1] m=3 Q[1, 1, 1, 1] [v, nonsq(1)/sq(0)/odd(-1)]: [[2, 0], [2, 0], [2, 0], [2, 0]]
   [12, 6, 1] m=3 Q[1, 1, 1, 1] [v, nonsq(1)/sq(0)/odd(-1)]: [[2, 0], [2, 0], [2, 0], [2, 0]]
   [3, 15, 1] m=3 Q[1, 1, 1, 1] [v, nonsq(1)/sq(0)/odd(-1)]: [[2, 0], [2, 0], [2, 0], [2, 0]]
   [18, 9, 1] m=3 Q[3, 3, 3, 3] [v, nonsq(1)/sq(0)/odd(-1)]: [[2, 0], [0, 0], [0, 0], [0, 0]]
   [9, 18, 1] m=3 Q[3, 3, 3, 3] [v, nonsq(1)/sq(0)/odd(-1)]: [[2, 0], [0, 0], [0, 0], [0, 0]]
   [0, 0, 1] m=3 Q[3, 3, 3, 3] [v, nonsq(1)/sq(0)/odd(-1)]: [[2, 0], [0, 0], [0, 0], [0, 0]]
