  ***   Warning: new maximum stack size = 5000003584 (4768.375 Mbytes).
twist 0: 12 classes, parity primes [3, 5, 11, 13, 19, 23, 31, 47, 53, 67, 73, 89, 439, 523, 2089, 2131, 2687]
  *** nfinit: Warning: nonmonic polynomial. Result of the form [nf,c].
  *** nfinit: Warning: increasing stack size to 16000000.
  *** nfinit: Warning: increasing stack size to 32000000.
  *** nfinit: Warning: increasing stack size to 64000000.
  *** nfinit: Warning: increasing stack size to 128000000.
FAIL: good reduction hypotheses at P above 3
FAIL: (P) parity at P above 3: v(u(theta)) = 1, content 0, class 1
FAIL: good reduction hypotheses at P above 23
FAIL: good reduction hypotheses at P above 23
FAIL: good reduction hypotheses at P above 23
FAIL: good reduction hypotheses at P above 23
FAIL: good reduction hypotheses at P above 23
FAIL: good reduction hypotheses at P above 23
FAIL: good reduction hypotheses at P above 23
FAIL: good reduction hypotheses at P above 23
FAIL: good reduction hypotheses at P above 23
FAIL: good reduction hypotheses at P above 23
FAIL: good reduction hypotheses at P above 439
FAIL: good reduction hypotheses at P above 439
FAIL: good reduction hypotheses at P above 3
FAIL: good reduction hypotheses at P above 23
FAIL: good reduction hypotheses at P above 23
FAIL: good reduction hypotheses at P above 23
FAIL: good reduction hypotheses at P above 23
FAIL: good reduction hypotheses at P above 23
FAIL: good reduction hypotheses at P above 23
FAIL: good reduction hypotheses at P above 23
FAIL: good reduction hypotheses at P above 23
FAIL: good reduction hypotheses at P above 23
FAIL: good reduction hypotheses at P above 23
FAIL: good reduction hypotheses at P above 439
FAIL: good reduction hypotheses at P above 439
FAIL: good reduction hypotheses at P above 3
FAIL: good reduction hypotheses at P above 23
FAIL: good reduction hypotheses at P above 23
FAIL: good reduction hypotheses at P above 23
FAIL: good reduction hypotheses at P above 23
FAIL: good reduction hypotheses at P above 23
FAIL: good reduction hypotheses at P above 23
FAIL: good reduction hypotheses at P above 23
FAIL: good reduction hypotheses at P above 23
FAIL: good reduction hypotheses at P above 23
FAIL: good reduction hypotheses at P above 23
FAIL: good reduction hypotheses at P above 439
FAIL: good reduction hypotheses at P above 439
FAIL: good reduction hypotheses at P above 3
FAIL: good reduction hypotheses at P above 23
FAIL: good reduction hypotheses at P above 23
FAIL: good reduction hypotheses at P above 23
FAIL: good reduction hypotheses at P above 23
FAIL: good reduction hypotheses at P above 23
FAIL: good reduction hypotheses at P above 23
FAIL: good reduction hypotheses at P above 23
FAIL: good reduction hypotheses at P above 23
FAIL: good reduction hypotheses at P above 23
FAIL: good reduction hypotheses at P above 23
FAIL: good reduction hypotheses at P above 439
FAIL: good reduction hypotheses at P above 439
FAIL: good reduction hypotheses at P above 3
FAIL: good reduction hypotheses at P above 23
FAIL: good reduction hypotheses at P above 23
FAIL: good reduction hypotheses at P above 23
FAIL: good reduction hypotheses at P above 23
FAIL: good reduction hypotheses at P above 23
FAIL: good reduction hypotheses at P above 23
FAIL: good reduction hypotheses at P above 23
FAIL: good reduction hypotheses at P above 23
FAIL: good reduction hypotheses at P above 23
FAIL: good reduction hypotheses at P above 23
FAIL: good reduction hypotheses at P above 439
FAIL: good reduction hypotheses at P above 439
FAIL: good reduction hypotheses at P above 3
FAIL: good reduction hypotheses at P above 23
FAIL: good reduction hypotheses at P above 23
FAIL: good reduction hypotheses at P above 23
FAIL: good reduction hypotheses at P above 23
FAIL: good reduction hypotheses at P above 23
FAIL: good reduction hypotheses at P above 23
FAIL: good reduction hypotheses at P above 23
FAIL: good reduction hypotheses at P above 23
FAIL: good reduction hypotheses at P above 23
FAIL: good reduction hypotheses at P above 23
