twist 0: bad primes pr3 (f 1), pr439 (f 1), 5 primes above 23 with v(lc) > 0 (f [1, 2, 2, 2, 2])
  pi = Mod(162876664173749343119/168168978404922092768*b^20 - 541822604824087726535/84084489202461046384*b^19 + 235261166086799367697/21021122300615261596*b^18 + 200182533133329343341/42042244601230523192*b^17 + 1375170447840655197/10510561150307630798*b^16 - 861094031805860620327/10510561150307630798*b^15 + 5574186958612193377589/84084489202461046384*b^14 + 1522482847998272848063/42042244601230523192*b^13 + 29117478803168929485921/168168978404922092768*b^12 - 44892447525631874283395/84084489202461046384*b^11 + 62134751854435423154875/84084489202461046384*b^10 - 8752633175578342345497/21021122300615261596*b^9 - 2724176066938761322209/5255280575153815399*b^8 + 9022327750487769932687/10510561150307630798*b^7 - 3576366322104149390382/5255280575153815399*b^6 + 1083444080966462374174/5255280575153815399*b^5 + 7574959239792810068833/42042244601230523192*b^4 - 12066120204994031238715/42042244601230523192*b^3 + 2616526222428637586761/21021122300615261596*b^2 - 730288776531286107083/21021122300615261596*b + 163541893133317873055/42042244601230523192, b^21 - 7*b^20 + 14*b^19 - 84*b^16 + 98*b^15 + 2*b^14 + 175*b^13 - 609*b^12 + 980*b^11 - 770*b^10 - 280*b^9 + 1008*b^8 - 1072*b^7 + 560*b^6 + 28*b^5 - 336*b^4 + 252*b^3 - 112*b^2 + 28*b - 4) (norm 1317)
  N(disc f1) = [-1, 1; 2, -84; 7, 633]
  odd primes != 7 of N(f1(0)): [-1, 89, 63131, 527749, 261222963278255692668053005081077362167498208996455140249196861914695784516871987207246851767329359818424681845781681047890924681232377089186074315817580540265276643884859771150654893896843044568919349410438739610047068937464893355510706007307168758363483101312995842266371692685141649624579657799009547060975079357958451821]
  odd primes != 7 of N(f1(1)): [-1, 89, 347, 439, 2543, 373247502458418778723987352428587929357163648441312503584953308035343289327744046280607796765039949688087929503758262372717774285401316029411804441064223111170810250424606442561682211016163514953184728960116321568687560136314575294158380505323774106876215151090232827731957991350103749300437530536011359064318773699771707]
  odd primes != 7 of N(f1(2)): [-1, 43, 73, 7607, 67411, 7816166656181214174013171421372330552652416787588050909679497791027805383949697809825143343054427825514523607508009017700862688799740505914753452289659252472321252876512950281287838076496093252352420899803332442929621452900198414659037034657282520049000234447164370034113940617129865828646020472059300225356927580820527709]
  12 classes, parity primes [3, 5, 11, 13, 19, 23, 31, 47, 53, 67, 71, 73, 89, 439, 523, 2089, 2131, 2371, 2687]
  *** nfinit: Warning: nonmonic polynomial. Result of the form [nf,c].
  *** nfinit: Warning: increasing stack size to 16000000.
  *** nfinit: Warning: increasing stack size to 32000000.
  *** nfinit: Warning: increasing stack size to 64000000.
  *** nfinit: Warning: increasing stack size to 128000000.
  factor of degree 2: 274 primes of F above the parity primes
    naive c0 fails at P above 3 (f 2), class 1: v(U(theta)) = 1, v(c0) = 0, v(c) = -1
    naive c0 fails at P above 3 (f 2), class 7: v(U(theta)) = 1, v(c0) = 0, v(c) = -1
    naive c0 fails at P above 3 (f 2), class 8: v(U(theta)) = 1, v(c0) = 0, v(c) = -1
    naive c0 fails at P above 3 (f 2), class 9: v(U(theta)) = 1, v(c0) = 0, v(c) = -1
  factor of degree 2: 3288 parity tests with c, 4 failures of the naive c0
  *** nfinit: Warning: increasing stack size to 256000000.
  factor of degree 4: 520 primes of F above the parity primes
  *** subst: Warning: increasing stack size to 512000000.
    naive c0 fails at P above 3 (f 4), class 1: v(U(theta)) = 1, v(c0) = 0, v(c) = -1
*** stopped for the lane relaunch (2026-09-28): partial output, twist 0 degree 4 factor incomplete, twist 1 not run
