  ***   Warning: new maximum stack size = 900001792 (858.309 Mbytes).
ok: M1's fL is K21
ok: nfK.zk equals M1's zkNum / Dz
ok: tool: powexps reads the exponents of a recorded line (signs, no match)
ok: tool: leanentries5 reads the entries of a split list
ok: tool: leanentries5 rejects a wrong entry count (negative control)
ok: the source file exists
source 7913bfb7da365a2dd29914b54483e30ddd1cf760a52bdebc0fabf623f583cf7f  /tmp/sb5_partial_SUnitData.lean
ok: 29 L generators, cofactors, exponents; 53 N generators, cofactors, exponents
ok: every entry has 2 (L) or 4 (N) zk lists, every zk list of length 21
ok: every (a, b) is a pair of naturals
ok: L: every generator x is nonzero and x w = 2^a 7^b in L42 (29 exact identities)
ok: N: every generator x is nonzero and x w = 2^a 7^b in N84 (53 exact identities, Lean format b = c / 2)
ok: gL 28 and gN 0 are -1 (the order of sb_5b)
ok: sb_5b_gens.out is a complete passing run (DONE, 733 checks, 0 failed)
ok: L: the coordinate bit sizes per generator equal the recorded ones
ok: L: the cofactor bit sizes equal the recorded ones
ok: L: the exponents (a, b) equal the recorded ones
ok: N: the coordinate bit sizes per generator equal the recorded ones
ok: N: the cofactor bit sizes equal the recorded ones
ok: N: the exponents (a, b) equal the recorded ones
ok: the recorded output has an L section and an N section
ok: L: |N_{L/Q}(gL s)| = 2^(n2 + 42 B2) 7^(n7 + 42 B7) with the recorded norm and scaling of element s + 1 (28 elements)
ok: N: |N_{N/Q}(gN s)| = 2^(n2 + 84 B2) 7^(n7 + 84 B7) with the recorded norm and scaling of element s (52 elements)
ok: negative control: the norm of gL 3 differs from the recorded norm of element 6
ok: the data file reads back equal
ok: sb5_gens returns the sb_5b layout (coordinates, cofactor, exponents)
data file: 41800 bytes, sha256 a009a855a0d565fb51ee2e9a1903f7134685222ed6a8c1313a9a6cbfa6434b53  ../selmer-basis/sb_5_gens_data.gp
DONE sb_5s_salvage: 25 checks passed, 0 failed (374 ms)
