  ***   Warning: new maximum stack size = 5000003584 (4768.375 Mbytes).
twist 0: 95 boxes read
  (K1) x_0: 110 Cauchy inequalities checked
  (K1) x_2: 110 Cauchy inequalities checked
  (K2) 108 Taylor bounds checked; (K3) 10 exclusions checked
    box [1, 7, 5]: centre nu = 5, point X = 12775: nu = 5, class [0, 1, 0, 0]
    box [1, 56, 7]: centre nu = 7, point X = 5816: nu = 7, class [0, 1, 0, 0]
    box [1, 14, 5]: centre nu = 5, point X = 9390: nu = 5, class [0, 1, 0, 0]
    box [1, 14, 5]: centre nu = 5, point X = 12206: nu = 5, class [0, 1, 0, 0]
    box [1, 37, 6]: centre nu = 6, point X = 21349: nu = 6, class [0, 1, 0, 0]
    box [1, 81, 8]: centre nu = 8, point X = 87377: nu = 8, class [0, 1, 0, 0]
    box [1, 176, 8]: centre nu = 8, point X = 32688: nu = 8, class [0, 1, 0, 0]
    box [1, 60, 6]: centre nu = 6, point X = 12924: nu = 6, class [0, 1, 0, 0]
    tail at x_2, j = 6: nu = 10 (expected 10)
    tail at x_2, j = 7: nu = 11 (expected 11)
  *** _/_: Warning: increasing stack size to 16000000.
    tail at x_2, j = 9: nu = 13 (expected 13)
    tail at x_0, j = 6: nu = 10 (expected 10)
    tail at x_0, j = 7: nu = 11 (expected 11)
    tail at x_0, j = 9: nu = 13 (expected 13)
  (K4) 14 points checked (145991 ms)
twist 1: 36 boxes read
  (K1) x_1: 88 Cauchy inequalities checked
  (K1) x_3: 110 Cauchy inequalities checked
  (K2) 108 Taylor bounds checked; (K3) 10 exclusions checked
    box [3, 12, 5]: centre nu = 4, point X = 14508: nu = 4, class [0, 1, 0, 0]
    box [3, 56, 6]: centre nu = 5, point X = 24056: nu = 5, class [0, 1, 0, 0]
    box [2, 23, 5]: centre nu = 4, point X = 8631: nu = 4, class [0, 1, 0, 0]
    box [3, 160, 8]: centre nu = 7, point X = 40864: nu = 7, class [0, 1, 0, 0]
    box [3, 56, 6]: centre nu = 5, point X = 15480: nu = 5, class [0, 1, 0, 0]
    box [2, 11, 4]: centre nu = 3, point X = 3931: nu = 3, class [0, 1, 0, 0]
    box [3, 112, 7]: centre nu = 6, point X = 43248: nu = 6, class [0, 1, 0, 0]
    box [3, 224, 8]: centre nu = 7, point X = 102880: nu = 7, class [0, 1, 0, 0]
    tail at x_1, j = 6: nu = 8 (expected 8)
    tail at x_1, j = 7: nu = 9 (expected 9)
    tail at x_1, j = 9: nu = 11 (expected 11)
    tail at x_3, j = 4: nu = 5 (expected 5)
    tail at x_3, j = 5: nu = 6 (expected 6)
    tail at x_3, j = 7: nu = 8 (expected 8)
  (K4) 14 points checked (144833 ms)
RESULT: all known-answer tests pass
