  ***   Warning: new maximum stack size = 6000001024 (5722.047 Mbytes).
K21: disc [-1, 1; 2, 22; 7, 27], signature [3, 9], class group [] (GRH)
ok: square root ideal of (lam0) principal
ok: lam0 / g^2 is a unit
ok: lam0 / e0 is a square
e0 = lam0 mod squares (unit): exponent vector mod 2 computed; e0 = -13889750274172187363/84084489202461046384*b^20 + 13775727782127814255/10510561150307630798*b^19 - 18471856430066642884/5255280575153815399*b^18 + 130707516844003494463/42042244601230523192*b^17 - 52482345297342459793/21021122300615261596*b^16 + 677903391840202471613/42042244601230523192*b^15 - 1317570340863815693421/42042244601230523192*b^14 + 1117047977657367326477/42042244601230523192*b^13 - 4241978458807271663225/84084489202461046384*b^12 + 6220823047789181342945/42042244601230523192*b^11 - 12400565417330672864951/42042244601230523192*b^10 + 2021583593191517874876/5255280575153815399*b^9 - 1498913118964956895687/5255280575153815399*b^8 + 383358154356943291478/5255280575153815399*b^7 + 1158543885883941633087/10510561150307630798*b^6 - 955588885684578638920/5255280575153815399*b^5 + 3140295516822233773897/21021122300615261596*b^4 - 1545320931488907099031/21021122300615261596*b^3 + 244423461220405636315/10510561150307630798*b^2 - 22725771767065149396/5255280575153815399*b + 8568496220293944457/21021122300615261596
absolute degree 42
ok: order maximal at 2 and 7 has discriminant 2^a 7^b, hence it is the maximal order
K': disc [-1, 1; 2, 64; 7, 54], signature [0, 21]
  *** polredbest: Warning: increasing stack size to 16000000.
  *** polredbest: Warning: increasing stack size to 32000000.
polredbest time 240 ms
ok: K21 embeds into K' (root of K21 expressed in K')
ok: maximal order of K' (reduced polynomial) certified by the discriminant
ok: lam0 is a square in K'
primes above 2 in K': [[24, 1], [6, 1], [12, 1]]
primes above 7 in K': [[7, 6]]
primes above 2 in K21: [[3, 1], [12, 1], [6, 1]]
primes above 7 in K21: [[7, 3]]
h0 over K': factor degrees [4]
