#I  packagemanager package is not available. Check that the name is correct
#I  and it is present in one of the GAP root directories (see '??RootPaths')
G order 336, degree 8
complex conjugation: outer involution with 2 fixed points on P^1(F_7)

irreducible character degrees: [ 1, 1, 6, 6, 6, 7, 7, 8, 8 ]
class | order | index | real places | orbits on P1(F7) | orbits on G/D16 | in \
PSL | fixed dims of irr
Syntax warning: Unbound global variable in p21_23_normrel.g:31
          orb(H, cosD16, OnRight), " | ", IsSubgroup(S, H), " | ", List(irr, x\
 -> fixdim(x, H)), "\n");
                                                                              \
              ^
2 | 2 | 168 | 0 | [ 2, 2, 2, 2 ] | [ 1, 1, 1, 1, 1, 2, 2, 2, 2, 2, 2, 2, 2
 ] | true | [ 1, 1, 2, 4, 4, 3, 3, 4, 4 ]
3 | 2 | 168 | 6 | [ 1, 1, 2, 2, 2 ] | [ 1, 1, 1, 2, 2, 2, 2, 2, 2, 2, 2, 2
 ] | false | [ 1, 0, 3, 3, 3, 3, 4, 5, 3 ]
4 | 3 | 112 | 0 | [ 1, 1, 3, 3 ] | [ 3, 3, 3, 3, 3, 3, 3 ] | true |
[ 1, 1, 2, 2, 2, 3, 3, 2, 2 ]
5 | 4 | 84 | 0 | [ 4, 4 ] | [ 1, 1, 1, 2, 2, 2, 4, 4, 4 ] | true |
[ 1, 1, 0, 3, 3, 1, 1, 2, 2 ]
6 | 4 | 84 | 0 | [ 4, 4 ] | [ 1, 2, 2, 4, 4, 4, 4 ] | true |
[ 1, 1, 2, 2, 2, 1, 1, 2, 2 ]
7 | 4 | 84 | 6 | [ 2, 2, 4 ] | [ 1, 2, 2, 2, 2, 4, 4, 4 ] | false |
[ 1, 0, 1, 2, 2, 1, 2, 3, 1 ]
8 | 6 | 56 | 2 | [ 1, 1, 6 ] | [ 3, 6, 6, 6 ] | false |
[ 1, 0, 1, 1, 1, 1, 2, 1, 1 ]
9 | 6 | 56 | 0 | [ 2, 6 ] | [ 3, 3, 3, 3, 3, 6 ] | true |
[ 1, 1, 0, 2, 2, 1, 1, 1, 1 ]
10 | 6 | 56 | 6 | [ 2, 3, 3 ] | [ 3, 3, 3, 6, 6 ] | false |
[ 1, 0, 1, 1, 1, 1, 2, 2, 0 ]
11 | 7 | 48 | 0 | [ 1, 7 ] | [ 7, 7, 7 ] | true | [ 1, 1, 0, 0, 0, 1, 1, 2, 2
 ]
12 | 8 | 42 | 6 | [ 4, 4 ] | [ 1, 4, 4, 4, 8 ] | false |
[ 1, 0, 1, 1, 1, 0, 1, 2, 0 ]
13 | 8 | 42 | 0 | [ 8 ] | [ 1, 4, 8, 8 ] | false |
[ 1, 0, 1, 1, 1, 1, 0, 1, 1 ]
14 | 8 | 42 | 0 | [ 8 ] | [ 1, 2, 2, 4, 4, 8 ] | true |
[ 1, 1, 0, 2, 2, 0, 0, 1, 1 ]
15 | 12 | 28 | 0 | [ 4, 4 ] | [ 3, 6, 12 ] | true |
[ 1, 1, 0, 1, 1, 1, 1, 0, 0 ]
16 | 12 | 28 | 4 | [ 2, 6 ] | [ 3, 6, 6, 6 ] | false |
[ 1, 0, 0, 1, 1, 0, 1, 1, 0 ]
17 | 14 | 24 | 6 | [ 1, 7 ] | [ 7, 7, 7 ] | false |
[ 1, 0, 0, 0, 0, 0, 1, 2, 0 ]
18 | 16 | 21 | 3 | [ 8 ] | [ 1, 4, 8, 8 ] | false |
[ 1, 0, 0, 1, 1, 0, 0, 1, 0 ]
19 | 21 | 16 | 0 | [ 1, 7 ] | [ 21 ] | true | [ 1, 1, 0, 0, 0, 1, 1, 0, 0 ]
20 | 24 | 14 | 0 | [ 8 ] | [ 3, 6, 12 ] | true | [ 1, 1, 0, 1, 1, 0, 0, 0, 0 ]
21 | 42 | 8 | 2 | [ 1, 7 ] | [ 21 ] | false | [ 1, 0, 0, 0, 0, 0, 1, 0, 0 ]
22 | 168 | 2 | 0 | [ 8 ] | [ 21 ] | true | [ 1, 1, 0, 0, 0, 0, 0, 0, 0 ]

candidates H for N (order 4, inside D16, core of order 2 in D16):
  H = C2 x C2, class 7, in PSL: false, real places 6, orbits on P1
[ 2, 2, 4 ], on G/D16 [ 1, 2, 2, 2, 2, 4, 4, 4 ]
    irreducibles with rho^H <> 0 (degree, fixed dim):
[ [ 1, 1 ], [ 6, 1 ], [ 6, 2 ], [ 6, 2 ], [ 7, 1 ], [ 7, 2 ], [ 8, 3 ],
  [ 8, 1 ] ]
    unit rank of the fixed field: 44
  H = C2 x C2, class 7, in PSL: false, real places 6, orbits on P1
[ 2, 2, 4 ], on G/D16 [ 1, 2, 2, 2, 2, 4, 4, 4 ]
    irreducibles with rho^H <> 0 (degree, fixed dim):
[ [ 1, 1 ], [ 6, 1 ], [ 6, 2 ], [ 6, 2 ], [ 7, 1 ], [ 7, 2 ], [ 8, 3 ],
  [ 8, 1 ] ]
    unit rank of the fixed field: 44
  H = C2 x C2, class 5, in PSL: true, real places 0, orbits on P1
[ 4, 4 ], on G/D16 [ 1, 1, 1, 2, 2, 2, 4, 4, 4 ]
    irreducibles with rho^H <> 0 (degree, fixed dim):
[ [ 1, 1 ], [ 1, 1 ], [ 6, 3 ], [ 6, 3 ], [ 7, 1 ], [ 7, 1 ], [ 8, 2 ],
  [ 8, 2 ] ]
    unit rank of the fixed field: 41
  H = C2 x C2, class 5, in PSL: true, real places 0, orbits on P1
[ 4, 4 ], on G/D16 [ 1, 1, 1, 2, 2, 2, 4, 4, 4 ]
    irreducibles with rho^H <> 0 (degree, fixed dim):
[ [ 1, 1 ], [ 1, 1 ], [ 6, 3 ], [ 6, 3 ], [ 7, 1 ], [ 7, 1 ], [ 8, 2 ],
  [ 8, 2 ] ]
    unit rank of the fixed field: 41
