  ***   Warning: new maximum stack size = 9000001536 (8583.070 Mbytes).
  *** read: Warning: increasing stack size to 16000000.
  *** read: Warning: increasing stack size to 32000000.
  *** read: Warning: increasing stack size to 64000000.
ok: f_0 = c G1 (A^2 - d B^2) is the Prym sextic F0
  ***   Warning: increasing stack size to 128000000.
  ***   Warning: increasing stack size to 256000000.
ok: f_1 = c G1 (A^2 - d B^2) is the Prym sextic F1
ok: clear nearest root
ok: clear nearest root
  *** nfeltembed: Warning: increasing stack size to 512000000.
ok: clear nearest root
ok: clear nearest root
ok: even numbers of real roots of G1 and h at a real place
  real place 1: 2 real roots of G1, 2 of h
ok: clear nearest root
ok: clear nearest root
ok: clear nearest root
ok: clear nearest root
ok: even numbers of real roots of G1 and h at a real place
  real place 2: 2 real roots of G1, 2 of h
ok: clear nearest root
ok: clear nearest root
ok: clear nearest root
ok: clear nearest root
ok: even numbers of real roots of G1 and h at a real place
  real place 3: 2 real roots of G1, 2 of h
ok: one place above 2 with e = 3
ok: place order of selX matches
ok: complete J side run at e = 3
k = 0, place p = 2 (e = 3, f = 1), factor degrees [2, 4]: 7 divisors, rank of [c_i, K_v^x] = 11 = 7 + rank K_v^x image 4; D_v = 7
ok: c_1..c_7 are a basis of the local image modulo K_v^x
ok: Selmer column in the local image
ok: Selmer column in the local image
ok: Selmer column in the local image
ok: Selmer column in the local image
ok: Selmer column in the local image
ok: Selmer column in the local image
ok: Selmer column in the local image
ok: Selmer column in the local image
ok: Selmer column in the local image
ok: Selmer column in the local image
ok: Selmer column in the local image
ok: Selmer column in the local image
ok: Selmer column in the local image
ok: Selmer column in the local image
ok: Selmer column in the local image
ok: Selmer column in the local image
ok: Selmer column in the local image
ok: Selmer column in the local image
ok: Selmer column in the local image
ok: known class in the local image
ok: known class in the local image
ok: known class in the local image
  rank of sigma_v(Sel) in the D basis: 4; known classes (T, phi(x_a), phi(x_b)) in the D basis:
    [0, 0, 0, 1, 0, 0, 0]
    [0, 1, 1, 1, 0, 1, 0]
    [0, 1, 1, 1, 0, 1, 0]
  basis of sigma_v(Sel) in the D basis (columns): [1, 0, 1, 1; 0, 0, 0, 1; 0, 0, 1, 0; 1, 1, 0, 0; 0, 0, 0, 0; 1, 0, 1, 0; 0, 0, 0, 0]
ok: one place above 2 with e = 3
ok: place order of selX matches
ok: complete J side run at e = 3
k = 1, place p = 2 (e = 3, f = 1), factor degrees [2, 4]: 7 divisors, rank of [c_i, K_v^x] = 11 = 7 + rank K_v^x image 4; D_v = 7
ok: c_1..c_7 are a basis of the local image modulo K_v^x
ok: Selmer column in the local image
ok: Selmer column in the local image
ok: Selmer column in the local image
ok: Selmer column in the local image
ok: Selmer column in the local image
ok: Selmer column in the local image
ok: Selmer column in the local image
ok: Selmer column in the local image
ok: Selmer column in the local image
ok: Selmer column in the local image
ok: Selmer column in the local image
ok: Selmer column in the local image
ok: Selmer column in the local image
ok: Selmer column in the local image
ok: Selmer column in the local image
ok: Selmer column in the local image
ok: Selmer column in the local image
ok: Selmer column in the local image
ok: Selmer column in the local image
ok: known class in the local image
ok: known class in the local image
ok: known class in the local image
  rank of sigma_v(Sel) in the D basis: 4; known classes (T, phi(x_a), phi(x_b)) in the D basis:
    [0, 0, 0, 0, 0, 1, 0]
    [0, 0, 0, 0, 0, 0, 1]
    [0, 0, 0, 0, 0, 0, 1]
  basis of sigma_v(Sel) in the D basis (columns): [0, 1, 0, 0; 0, 1, 0, 0; 1, 1, 0, 0; 0, 0, 0, 0; 1, 1, 0, 0; 1, 0, 1, 1; 0, 0, 0, 1]
done (30948 ms)
