ok: embedding matrix of N
ok: 8 primes of N above 2 and 7
  base elements of table entry 1 ([1, 1]): S-logs and characters, 901 ms
  base elements of table entry 3 ([1, 3]): S-logs and characters, 934 ms
  base elements of table entry 16 ([2, 2]): S-logs and characters, 1185 ms
step 1: 45 character independent generators, S-log rank 45 (3619 ms)
  extra generators (S-log independent): [[1, 1, 27], [1, 3, 11], [1, 3, 12], [1, 3, 26], [2, 2, 1], [2, 2, 4], [2, 2, 6]]; S-log rank 52 (3765 ms)
ok: a free basis of 53 elements (-1 and 52 S-log independent generators)
iteration 1: character rank of the basis 46 of 53 (3810 ms)
ok: kernel vector with a valid pivot
ok: iteration 1, kernel vector 1: gamma (28 bits) is a square in N (nfroots, 46599 ms)
ok: sqrt(gamma)^2 = gamma exactly
  kernel vector 1: pivot 47 replaced by a square root (51338 ms)
ok: kernel vector with a valid pivot
ok: iteration 1, kernel vector 2: gamma (86 bits) is a square in N (nfroots, 44416 ms)
ok: sqrt(gamma)^2 = gamma exactly
  kernel vector 2: pivot 48 replaced by a square root (97854 ms)
ok: kernel vector with a valid pivot
ok: iteration 1, kernel vector 3: gamma (93 bits) is a square in N (nfroots, 47464 ms)
ok: sqrt(gamma)^2 = gamma exactly
  kernel vector 3: pivot 49 replaced by a square root (148148 ms)
ok: kernel vector with a valid pivot
ok: iteration 1, kernel vector 4: gamma (80 bits) is a square in N (nfroots, 44114 ms)
ok: sqrt(gamma)^2 = gamma exactly
  kernel vector 4: pivot 50 replaced by a square root (194487 ms)
ok: kernel vector with a valid pivot
ok: iteration 1, kernel vector 5: gamma (76 bits) is a square in N (nfroots, 46175 ms)
ok: sqrt(gamma)^2 = gamma exactly
  kernel vector 5: pivot 51 replaced by a square root (242845 ms)
ok: kernel vector with a valid pivot
ok: iteration 1, kernel vector 6: gamma (87 bits) is a square in N (nfroots, 44169 ms)
ok: sqrt(gamma)^2 = gamma exactly
  kernel vector 6: pivot 52 replaced by a square root (288944 ms)
ok: kernel vector with a valid pivot
ok: iteration 1, kernel vector 7: gamma (157 bits) is a square in N (nfroots, 45379 ms)
ok: sqrt(gamma)^2 = gamma exactly
  kernel vector 7: pivot 53 replaced by a square root (336620 ms)
iteration 2: character rank of the basis 50 of 53 (336673 ms)
ok: kernel vector with a valid pivot
ok: iteration 2, kernel vector 1: gamma (114 bits) is a square in N (nfroots, 45593 ms)
ok: sqrt(gamma)^2 = gamma exactly
  kernel vector 1: pivot 48 replaced by a square root (384155 ms)
ok: kernel vector with a valid pivot
ok: iteration 2, kernel vector 2: gamma (145 bits) is a square in N (nfroots, 45439 ms)
ok: sqrt(gamma)^2 = gamma exactly
  kernel vector 2: pivot 52 replaced by a square root (431456 ms)
ok: kernel vector with a valid pivot
ok: iteration 2, kernel vector 3: gamma (235 bits) is a square in N (nfroots, 47396 ms)
ok: sqrt(gamma)^2 = gamma exactly
  kernel vector 3: pivot 53 replaced by a square root (480998 ms)
iteration 3: character rank of the basis 51 of 53 (481050 ms)
ok: kernel vector with a valid pivot
ok: iteration 3, kernel vector 1: gamma (218 bits) is a square in N (nfroots, 46535 ms)
ok: sqrt(gamma)^2 = gamma exactly
  kernel vector 1: pivot 52 replaced by a square root (529463 ms)
ok: kernel vector with a valid pivot
ok: iteration 3, kernel vector 2: gamma (542 bits) is a square in N (nfroots, 52758 ms)
ok: sqrt(gamma)^2 = gamma exactly
  kernel vector 2: pivot 53 replaced by a square root (585586 ms)
iteration 4: character rank of the basis 52 of 53 (585637 ms)
ok: kernel vector with a valid pivot
ok: iteration 4, kernel vector 1: gamma (572 bits) is a square in N (nfroots, 53763 ms)
ok: sqrt(gamma)^2 = gamma exactly
  kernel vector 1: pivot 53 replaced by a square root (642435 ms)
iteration 5: character rank of the basis 53 of 53 (642490 ms)
ok: the character matrix of the saturated basis has rank 53 = r1 + r2 + #S_N: it spans N(S,2) (given Cl(N)[2] = 0)
RESULT PASS
