# Redacted 2026-09-30: the owner and group columns of the ls -la listing below are removed; nothing else changed.
  ***   Warning: new maximum stack size = 5000003584 (4768.375 Mbytes).
  *** _/_: Warning: increasing stack size to 16000000.
k = 0 exported
k = 1 exported
total 368
drwxr-xr-x  2   4096 Sep 27 07:02 .
drwxr-xr-x 11   4096 Sep 27 06:59 ..
-rw-r--r--  1   1481 Sep 27 07:00 common.txt
-rw-r--r--  1   4124 Sep 27 07:00 k0_c1.txt
-rw-r--r--  1  40122 Sep 27 07:00 k0_D.txt
-rw-r--r--  1  15891 Sep 27 07:00 k0_f.txt
-rw-r--r--  1  31052 Sep 27 07:00 k0_phi.txt
-rw-r--r--  1 113886 Sep 27 07:02 k0_pts.txt
-rw-r--r--  1    513 Sep 27 07:00 k0_sel.txt
-rw-r--r--  1   4045 Sep 27 07:02 k1_c1.txt
-rw-r--r--  1  39392 Sep 27 07:02 k1_D.txt
-rw-r--r--  1  16001 Sep 27 07:02 k1_f.txt
-rw-r--r--  1  16076 Sep 27 07:02 k1_phi.txt
-rw-r--r--  1  63359 Sep 27 07:03 k1_pts.txt
-rw-r--r--  1    513 Sep 27 07:02 k1_sel.txt
