PREC 1000, K_v cap 3000; E = y^3 + 265421561576*y^2 + 863534818516*y + 235946295250 (mod 2^40)
embedding: v(K21(R)) >= 3000, v(K21'(R)) = 17, root certified to pi^2983; v(prgen2(r)) = 1; v(prgen2(r) - pi) >= 2971

==== twist k = 0: v(delta) = 0, valuations of f: [-6, 0, 0, 9, 6, 8, 0]
 x_0 = [0, 0, 1], r = 0: True: v(U - U_exact) >= 2948, v(V - V_exact) >= 2944, v(V + V_exact) >= -11 -> equal with sign +; precision of U 2948, of V 2944
    min v(P QD_i T) 2968, isotropy 2948, v(Y^2 - f) 2928, v(Y - Y_alt) [2943, 2940], pair (0, 1)
 x_2 = [2, 0, 1], r = 0: False: v(U - U_exact) >= 2935, v(V - V_exact) >= 2932, v(V + V_exact) >= -9 -> equal with sign +; precision of U 2935, of V 2932
    min v(P QD_i T) 2953, isotropy 2935, v(Y^2 - f) 2917, v(Y - Y_alt) [5861/2, 5855/2], pair (0, 1)
 random point: disc [1, 0, 0, 1, 2], X0 = 735125, v(Q1/delta) = 18: phi(iota P) = -phi(P): True (v(U - U') >= 2932, v(V + V') >= 2929; prec U 2932)
    min v(P QD_i T) 2950, isotropy 2932, v(Y^2 - f) 2914, v(Y - Y_alt) [5855/2, 5849/2], pair (0, 1)
 random point: disc [1, 0, 0, 1, 2], X0 = 901063, v(Q1/delta) = 18: phi(iota P) = -phi(P): True (v(U - U') >= 2932, v(V + V') >= 2929; prec U 2932)
    min v(P QD_i T) 2950, isotropy 2932, v(Y^2 - f) 2914, v(Y - Y_alt) [5855/2, 5849/2], pair (0, 1)
 random point: disc [1, 0, 0, 1, 2], X0 = 491548, v(Q1/delta) = 30: phi(iota P) = -phi(P): True (v(U - U') >= 2918, v(V + V') >= 2914; prec U 2918)
    min v(P QD_i T) 2938, isotropy 2918, v(Y^2 - f) 2898, v(Y - Y_alt) [2913, 2910], pair (0, 1)
 random point: disc [2, 1, 0, 1, 2], X0 = 400403, v(Q1/delta) = 6: phi(iota P) = -phi(P): True (v(U - U') >= 2962, v(V + V') >= 2959; prec U 2962)
    min v(P QD_i T) 2962, isotropy 2962, v(Y^2 - f) 2956, v(Y - Y_alt) [2959, 2959], pair (0, 1)
 random point: disc [2, 1, 0, 1, 2], X0 = 673397, v(Q1/delta) = 6: phi(iota P) = -phi(P): True (v(U - U') >= 2962, v(V + V') >= 2959; prec U 2962)
    min v(P QD_i T) 2962, isotropy 2962, v(Y^2 - f) 2956, v(Y - Y_alt) [2959, 2959], pair (0, 1)
 random point: disc [2, 1, 0, 1, 2], X0 = 184575, v(Q1/delta) = 6: phi(iota P) = -phi(P): True (v(U - U') >= 2962, v(V + V') >= 2959; prec U 2962)
    min v(P QD_i T) 2962, isotropy 2962, v(Y^2 - f) 2956, v(Y - Y_alt) [2959, 2959], pair (0, 1)

==== twist k = 1: v(delta) = 0, valuations of f: [-6, 0, 0, 9, 6, 8, 0]
 x_1 = [1, 1, 1], r = 0: False: v(U - U_exact) >= 2962, v(V - V_exact) >= 2959, v(V + V_exact) >= -6 -> equal with sign +; precision of U 2962, of V 2959
    min v(P QD_i T) 2968, isotropy 2962, v(Y^2 - f) 2950, v(Y - Y_alt) [2959, 2959], pair (0, 1)
 x_3 = [-1, 0, 1], r = 0: False: v(U - U_exact) >= 2968, v(V - V_exact) >= 2965, v(V + V_exact) >= 0 -> equal with sign +; precision of U 2968, of V 2965
    min v(P QD_i T) 2971, isotropy 2968, v(Y^2 - f) 2962, v(Y - Y_alt) [2965, 2962], pair (1, 2)
 random point: disc [1, 1, 0, 1, 2], X0 = 270711, v(Q1/delta) = 0: phi(iota P) = -phi(P): True (v(U - U') >= 2968, v(V + V') >= 2962; prec U 2968)
    min v(P QD_i T) 2971, isotropy 2965, v(Y^2 - f) 2959, v(Y - Y_alt) [2962, 2962], pair (1, 2)
 random point: disc [1, 1, 0, 1, 2], X0 = 586597, v(Q1/delta) = 0: phi(iota P) = -phi(P): True (v(U - U') >= 2968, v(V + V') >= 2962; prec U 2968)
    min v(P QD_i T) 2971, isotropy 2965, v(Y^2 - f) 2959, v(Y - Y_alt) [2962, 2962], pair (1, 2)
 random point: disc [1, 1, 0, 1, 2], X0 = 875323, v(Q1/delta) = 0: phi(iota P) = -phi(P): True (v(U - U') >= 2968, v(V + V') >= 2962; prec U 2968)
    min v(P QD_i T) 2971, isotropy 2965, v(Y^2 - f) 2959, v(Y - Y_alt) [2962, 2962], pair (1, 2)
 random point: disc [1, 1, 1, 1, 2], X0 = 314588, v(Q1/delta) = 0: phi(iota P) = -phi(P): True (v(U - U') >= 2959, v(V + V') >= 2956; prec U 2959)
    min v(P QD_i T) 2965, isotropy 2959, v(Y^2 - f) 2947, v(Y - Y_alt) [2956, 2956], pair (0, 1)
 random point: disc [1, 1, 1, 1, 2], X0 = 985104, v(Q1/delta) = 0: phi(iota P) = -phi(P): True (v(U - U') >= 2959, v(V + V') >= 2956; prec U 2959)
    min v(P QD_i T) 2965, isotropy 2959, v(Y^2 - f) 2947, v(Y - Y_alt) [2956, 2956], pair (0, 1)
 random point: disc [1, 1, 1, 1, 2], X0 = 258136, v(Q1/delta) = 0: phi(iota P) = -phi(P): True (v(U - U') >= 2959, v(V + V') >= 2956; prec U 2959)
    min v(P QD_i T) 2965, isotropy 2959, v(Y^2 - f) 2947, v(Y - Y_alt) [2956, 2956], pair (0, 1)

random points per disc and twist: see above

ALL KAT PASS
time 2.0s
