(0) chart z = 1, (x, y) = (0, 1) mod 2: no Q_2-point (v(g00) = 0 below all other coefficients): True
(0) chart x = 1, y, z in 2 Z_2: no Q_2-point (v(g00) = 0 below all other coefficients): True
(0) discs (chart, a0 mod 2, b0 mod 2, k): [(1, 0, 0, 1), (1, 1, 0, 1), (1, 1, 1, 1), (2, 0, 0, 1), (2, 1, 0, 1)] ; chart z = 1 classes (0,0), (1,0), (1,1) and chart y = 1 classes x = 0, 1 mod 2 (z in 2 Z_2) are the five discs: True

==== twist k = 0 ====
 disc 1 = [1, 0, 0, 1, 2]: hypotheses of 9.1 True, v(g01) = 1
 disc 2 = [1, 1, 0, 1, 2]: hypotheses of 9.1 True, v(g01) = 2
 disc 3 = [1, 1, 1, 1, 2]: hypotheses of 9.1 True, v(g01) = 2
 disc 4 = [2, 0, 0, 1, 2]: hypotheses of 9.1 True, v(g01) = 2
 disc 5 = [2, 1, 0, 1, 2]: hypotheses of 9.1 True, v(g01) = 1
 disc 1: 82 boxes, total measure 1, pairwise disjoint True
 disc 2: 2 boxes, total measure 1, pairwise disjoint True
 disc 3: 4 boxes, total measure 1, pairwise disjoint True
 disc 4: 4 boxes, total measure 1, pairwise disjoint True
 disc 5: 3 boxes, total measure 1, pairwise disjoint True
 discs without any box: []
 tail box at x_2: level 6, s0 2 (least analytic s0 2), vM 9 (Q3), nu1 4, J0 6, J0 <= level: True, e1 outside pr(W): True
 tail box at x_0: level 6, s0 2 (least analytic s0 2), vM 9 (Q3), nu1 4, J0 6, J0 <= level: True, e1 outside pr(W): True
 11 excluded boxes (exclusion confirmed at each, else reported above); 82 constant boxes, least slack of vM + 3s - 3(nu0 + 1) - m_Lambda: 0; 2 tail boxes

==== twist k = 1 ====
 disc 1 = [1, 0, 0, 1, 2]: hypotheses of 9.1 True, v(g01) = 1
 disc 2 = [1, 1, 0, 1, 2]: hypotheses of 9.1 True, v(g01) = 2
 disc 3 = [1, 1, 1, 1, 2]: hypotheses of 9.1 True, v(g01) = 2
 disc 4 = [2, 0, 0, 1, 2]: hypotheses of 9.1 True, v(g01) = 2
 disc 5 = [2, 1, 0, 1, 2]: hypotheses of 9.1 True, v(g01) = 1
 disc 1: 2 boxes, total measure 1, pairwise disjoint True
 disc 2: 8 boxes, total measure 1, pairwise disjoint True
 disc 3: 20 boxes, total measure 1, pairwise disjoint True
 disc 4: 4 boxes, total measure 1, pairwise disjoint True
 disc 5: 2 boxes, total measure 1, pairwise disjoint True
 discs without any box: []
 tail box at x_1: level 6, s0 3 (least analytic s0 3), vM 6 (Q1), nu1 2, J0 6, J0 <= level: True, e1 outside pr(W): True
 tail box at x_3: level 4, s0 2 (least analytic s0 2), vM 6 (Q1), nu1 1, J0 4, J0 <= level: True, e1 outside pr(W): True
 12 excluded boxes (exclusion confirmed at each, else reported above); 22 constant boxes, least slack of vM + 3s - 3(nu0 + 1) - m_Lambda: 0; 2 tail boxes

ALL CHECKS PASS
