PREC 400, cap 1200, T_GOAL 600

==== twist k = 0 ====
 82 constant boxes
 box [5, 3, 2]: nu0 = 2, class [1, 1, 0, 0], in pr(W) False, = e1 True, margin 190, lambda to pi^587 (N = 45045*2^4), checks >= 1156, tiny None, 0.2s
 box [5, 1, 2]: nu0 = 2, class [1, 1, 0, 0], in pr(W) False, = e1 True, margin 190, lambda to pi^587 (N = 45045*2^4), checks >= 1156, tiny None, 0.2s
 box [1, 31, 5]: nu0 = 5, class [1, 1, 0, 0], in pr(W) False, = e1 True, margin 187, lambda to pi^587 (N = 45045*2^4), checks >= 1114, tiny (129, '+', 138), 0.2s
 box [1, 15, 5]: nu0 = 5, class [1, 1, 0, 0], in pr(W) False, = e1 True, margin 187, lambda to pi^587 (N = 45045*2^4), checks >= 1114, tiny (129, '+', 138), 0.2s
 box [1, 23, 5]: nu0 = 5, class [1, 1, 0, 0], in pr(W) False, = e1 True, margin 187, lambda to pi^587 (N = 45045*2^4), checks >= 1114, tiny (129, '+', 138), 0.2s
 box [1, 7, 5]: nu0 = 5, class [1, 1, 0, 0], in pr(W) False, = e1 True, margin 187, lambda to pi^587 (N = 45045*2^4), checks >= 1114, tiny (129, '+', 138), 0.2s
 box [1, 27, 5]: nu0 = 5, class [1, 1, 0, 0], in pr(W) False, = e1 True, margin 187, lambda to pi^587 (N = 45045*2^4), checks >= 1114, tiny (129, '+', 138), 0.2s
 box [1, 11, 5]: nu0 = 5, class [1, 1, 0, 0], in pr(W) False, = e1 True, margin 187, lambda to pi^587 (N = 45045*2^4), checks >= 1114, tiny (129, '+', 138), 0.2s
 box [1, 19, 5]: nu0 = 5, class [1, 1, 0, 0], in pr(W) False, = e1 True, margin 187, lambda to pi^587 (N = 45045*2^4), checks >= 1114, tiny (129, '+', 138), 0.2s
 box [1, 3, 5]: nu0 = 5, class [1, 1, 0, 0], in pr(W) False, = e1 True, margin 187, lambda to pi^587 (N = 45045*2^4), checks >= 1114, tiny (129, '+', 138), 0.2s
 box [1, 481, 9]: nu0 = 9, class [1, 1, 0, 0], in pr(W) False, = e1 True, margin 183, lambda to pi^587 (N = 45045*2^4), checks >= 1114, tiny (408, '-', 414), 0.2s
 box [1, 225, 9]: nu0 = 9, class [1, 1, 0, 0], in pr(W) False, = e1 True, margin 183, lambda to pi^587 (N = 45045*2^4), checks >= 1114, tiny (408, '-', 414), 0.3s
 box [1, 353, 9]: nu0 = 9, class [1, 1, 0, 0], in pr(W) False, = e1 True, margin 183, lambda to pi^587 (N = 45045*2^4), checks >= 1114, tiny (408, '-', 414), 0.2s
 box [1, 97, 9]: nu0 = 9, class [1, 1, 0, 0], in pr(W) False, = e1 True, margin 183, lambda to pi^587 (N = 45045*2^4), checks >= 1114, tiny (408, '-', 414), 0.2s
 box [1, 417, 9]: nu0 = 9, class [1, 1, 0, 0], in pr(W) False, = e1 True, margin 183, lambda to pi^587 (N = 45045*2^4), checks >= 1114, tiny (408, '-', 414), 0.2s
 box [1, 161, 9]: nu0 = 9, class [1, 1, 0, 0], in pr(W) False, = e1 True, margin 183, lambda to pi^587 (N = 45045*2^4), checks >= 1114, tiny (408, '-', 414), 0.2s
 box [1, 289, 9]: nu0 = 9, class [1, 1, 0, 0], in pr(W) False, = e1 True, margin 183, lambda to pi^587 (N = 45045*2^4), checks >= 1114, tiny (408, '-', 414), 0.2s
 box [1, 33, 9]: nu0 = 9, class [1, 1, 0, 0], in pr(W) False, = e1 True, margin 183, lambda to pi^587 (N = 45045*2^4), checks >= 1114, tiny (408, '-', 414), 0.2s
 box [1, 241, 8]: nu0 = 8, class [1, 1, 0, 0], in pr(W) False, = e1 True, margin 184, lambda to pi^587 (N = 45045*2^4), checks >= 1114, tiny (339, '-', 345), 0.2s
 box [1, 113, 8]: nu0 = 8, class [1, 1, 0, 0], in pr(W) False, = e1 True, margin 184, lambda to pi^587 (N = 45045*2^4), checks >= 1114, tiny (339, '-', 345), 0.2s
 box [1, 177, 8]: nu0 = 8, class [1, 1, 0, 0], in pr(W) False, = e1 True, margin 184, lambda to pi^587 (N = 45045*2^4), checks >= 1114, tiny (339, '-', 345), 0.2s
 box [1, 49, 8]: nu0 = 8, class [1, 1, 0, 0], in pr(W) False, = e1 True, margin 184, lambda to pi^587 (N = 45045*2^4), checks >= 1114, tiny (339, '-', 345), 0.2s
 box [1, 209, 8]: nu0 = 8, class [1, 1, 0, 0], in pr(W) False, = e1 True, margin 184, lambda to pi^587 (N = 45045*2^4), checks >= 1114, tiny (339, '-', 345), 0.2s
 box [1, 81, 8]: nu0 = 8, class [1, 1, 0, 0], in pr(W) False, = e1 True, margin 184, lambda to pi^587 (N = 45045*2^4), checks >= 1114, tiny (339, '-', 345), 0.2s
 box [1, 145, 8]: nu0 = 8, class [1, 1, 0, 0], in pr(W) False, = e1 True, margin 184, lambda to pi^587 (N = 45045*2^4), checks >= 1114, tiny (339, '-', 345), 0.2s
 box [1, 17, 8]: nu0 = 8, class [1, 1, 0, 0], in pr(W) False, = e1 True, margin 184, lambda to pi^587 (N = 45045*2^4), checks >= 1114, tiny (339, '-', 345), 0.2s
 box [1, 121, 7]: nu0 = 7, class [1, 1, 0, 0], in pr(W) False, = e1 True, margin 185, lambda to pi^587 (N = 45045*2^4), checks >= 1114, tiny (270, '-', 276), 0.2s
 box [1, 57, 7]: nu0 = 7, class [1, 1, 0, 0], in pr(W) False, = e1 True, margin 185, lambda to pi^587 (N = 45045*2^4), checks >= 1114, tiny (270, '-', 276), 0.2s
 box [1, 89, 7]: nu0 = 7, class [1, 1, 0, 0], in pr(W) False, = e1 True, margin 185, lambda to pi^587 (N = 45045*2^4), checks >= 1114, tiny (270, '-', 276), 0.2s
 box [1, 25, 7]: nu0 = 7, class [1, 1, 0, 0], in pr(W) False, = e1 True, margin 185, lambda to pi^587 (N = 45045*2^4), checks >= 1114, tiny (270, '-', 276), 0.2s
 box [1, 105, 7]: nu0 = 7, class [1, 1, 0, 0], in pr(W) False, = e1 True, margin 185, lambda to pi^587 (N = 45045*2^4), checks >= 1114, tiny (270, '-', 276), 0.2s
 box [1, 41, 7]: nu0 = 7, class [1, 1, 0, 0], in pr(W) False, = e1 True, margin 185, lambda to pi^587 (N = 45045*2^4), checks >= 1114, tiny (270, '-', 276), 0.2s
 box [1, 73, 7]: nu0 = 7, class [1, 1, 0, 0], in pr(W) False, = e1 True, margin 185, lambda to pi^587 (N = 45045*2^4), checks >= 1114, tiny (270, '-', 276), 0.2s
 box [1, 9, 7]: nu0 = 7, class [1, 1, 0, 0], in pr(W) False, = e1 True, margin 185, lambda to pi^587 (N = 45045*2^4), checks >= 1114, tiny (270, '-', 276), 0.2s
 box [1, 61, 6]: nu0 = 6, class [1, 1, 0, 0], in pr(W) False, = e1 True, margin 186, lambda to pi^587 (N = 45045*2^4), checks >= 1114, tiny (204, '-', 207), 0.2s
 box [1, 29, 6]: nu0 = 6, class [1, 1, 0, 0], in pr(W) False, = e1 True, margin 186, lambda to pi^587 (N = 45045*2^4), checks >= 1114, tiny (204, '-', 207), 0.2s
 box [1, 45, 6]: nu0 = 6, class [1, 1, 0, 0], in pr(W) False, = e1 True, margin 186, lambda to pi^587 (N = 45045*2^4), checks >= 1114, tiny (204, '-', 207), 0.2s
 box [1, 13, 6]: nu0 = 6, class [1, 1, 0, 0], in pr(W) False, = e1 True, margin 186, lambda to pi^587 (N = 45045*2^4), checks >= 1114, tiny (204, '-', 207), 0.2s
 box [1, 53, 6]: nu0 = 6, class [1, 1, 0, 0], in pr(W) False, = e1 True, margin 186, lambda to pi^587 (N = 45045*2^4), checks >= 1114, tiny (204, '-', 207), 0.2s
 box [1, 21, 6]: nu0 = 6, class [1, 1, 0, 0], in pr(W) False, = e1 True, margin 186, lambda to pi^587 (N = 45045*2^4), checks >= 1114, tiny (204, '-', 207), 0.2s
 box [1, 37, 6]: nu0 = 6, class [1, 1, 0, 0], in pr(W) False, = e1 True, margin 186, lambda to pi^587 (N = 45045*2^4), checks >= 1114, tiny (204, '-', 207), 0.2s
 box [1, 5, 6]: nu0 = 6, class [1, 1, 0, 0], in pr(W) False, = e1 True, margin 186, lambda to pi^587 (N = 45045*2^4), checks >= 1114, tiny (204, '-', 207), 0.2s
 box [1, 30, 5]: nu0 = 5, class [1, 1, 0, 0], in pr(W) False, = e1 True, margin 187, lambda to pi^587 (N = 45045*2^4), checks >= 1104, tiny (57, '-', 69), 0.2s
 box [1, 14, 5]: nu0 = 5, class [1, 1, 0, 0], in pr(W) False, = e1 True, margin 187, lambda to pi^587 (N = 45045*2^4), checks >= 1104, tiny (57, '-', 69), 0.2s
 box [1, 22, 5]: nu0 = 5, class [1, 1, 0, 0], in pr(W) False, = e1 True, margin 187, lambda to pi^587 (N = 45045*2^4), checks >= 1104, tiny (57, '-', 69), 0.2s
 box [1, 6, 5]: nu0 = 5, class [1, 1, 0, 0], in pr(W) False, = e1 True, margin 187, lambda to pi^587 (N = 45045*2^4), checks >= 1104, tiny (57, '-', 69), 0.2s
 box [1, 26, 5]: nu0 = 5, class [1, 1, 0, 0], in pr(W) False, = e1 True, margin 187, lambda to pi^587 (N = 45045*2^4), checks >= 1104, tiny (57, '+', 69), 0.2s
 box [1, 10, 5]: nu0 = 5, class [1, 1, 0, 0], in pr(W) False, = e1 True, margin 187, lambda to pi^587 (N = 45045*2^4), checks >= 1104, tiny (57, '+', 69), 0.2s
 box [1, 18, 5]: nu0 = 5, class [1, 1, 0, 0], in pr(W) False, = e1 True, margin 187, lambda to pi^587 (N = 45045*2^4), checks >= 1104, tiny (57, '+', 69), 0.2s
 box [1, 2, 5]: nu0 = 5, class [1, 1, 0, 0], in pr(W) False, = e1 True, margin 187, lambda to pi^587 (N = 45045*2^4), checks >= 1104, tiny (57, '+', 69), 0.2s
 box [1, 480, 9]: nu0 = 9, class [1, 1, 0, 0], in pr(W) False, = e1 True, margin 183, lambda to pi^587 (N = 45045*2^4), checks >= 1080, tiny (57, '-', 69), 0.2s
 box [1, 224, 9]: nu0 = 9, class [1, 1, 0, 0], in pr(W) False, = e1 True, margin 183, lambda to pi^587 (N = 45045*2^4), checks >= 1080, tiny (57, '-', 69), 0.2s
 box [1, 352, 9]: nu0 = 9, class [1, 1, 0, 0], in pr(W) False, = e1 True, margin 183, lambda to pi^587 (N = 45045*2^4), checks >= 1080, tiny (57, '-', 69), 0.2s
 box [1, 96, 9]: nu0 = 9, class [1, 1, 0, 0], in pr(W) False, = e1 True, margin 183, lambda to pi^587 (N = 45045*2^4), checks >= 1080, tiny (57, '-', 69), 0.2s
 box [1, 416, 9]: nu0 = 9, class [1, 1, 0, 0], in pr(W) False, = e1 True, margin 183, lambda to pi^587 (N = 45045*2^4), checks >= 1080, tiny (57, '+', 69), 0.2s
 box [1, 160, 9]: nu0 = 9, class [1, 1, 0, 0], in pr(W) False, = e1 True, margin 183, lambda to pi^587 (N = 45045*2^4), checks >= 1080, tiny (57, '+', 69), 0.2s
 box [1, 288, 9]: nu0 = 9, class [1, 1, 0, 0], in pr(W) False, = e1 True, margin 183, lambda to pi^587 (N = 45045*2^4), checks >= 1080, tiny (57, '+', 69), 0.2s
 box [1, 32, 9]: nu0 = 9, class [1, 1, 0, 0], in pr(W) False, = e1 True, margin 183, lambda to pi^587 (N = 45045*2^4), checks >= 1080, tiny (57, '+', 69), 0.2s
 box [1, 240, 8]: nu0 = 8, class [1, 1, 0, 0], in pr(W) False, = e1 True, margin 184, lambda to pi^587 (N = 45045*2^4), checks >= 1086, tiny (57, '+', 69), 0.2s
 box [1, 112, 8]: nu0 = 8, class [1, 1, 0, 0], in pr(W) False, = e1 True, margin 184, lambda to pi^587 (N = 45045*2^4), checks >= 1086, tiny (57, '+', 69), 0.2s
 box [1, 176, 8]: nu0 = 8, class [1, 1, 0, 0], in pr(W) False, = e1 True, margin 184, lambda to pi^587 (N = 45045*2^4), checks >= 1086, tiny (57, '+', 69), 0.2s
 box [1, 48, 8]: nu0 = 8, class [1, 1, 0, 0], in pr(W) False, = e1 True, margin 184, lambda to pi^587 (N = 45045*2^4), checks >= 1086, tiny (57, '+', 69), 0.2s
 box [1, 208, 8]: nu0 = 8, class [1, 1, 0, 0], in pr(W) False, = e1 True, margin 184, lambda to pi^587 (N = 45045*2^4), checks >= 1086, tiny (57, '-', 69), 0.2s
 box [1, 80, 8]: nu0 = 8, class [1, 1, 0, 0], in pr(W) False, = e1 True, margin 184, lambda to pi^587 (N = 45045*2^4), checks >= 1086, tiny (57, '-', 69), 0.2s
 box [1, 144, 8]: nu0 = 8, class [1, 1, 0, 0], in pr(W) False, = e1 True, margin 184, lambda to pi^587 (N = 45045*2^4), checks >= 1086, tiny (57, '-', 69), 0.2s
 box [1, 16, 8]: nu0 = 8, class [1, 1, 0, 0], in pr(W) False, = e1 True, margin 184, lambda to pi^587 (N = 45045*2^4), checks >= 1086, tiny (57, '-', 69), 0.2s
 box [1, 120, 7]: nu0 = 7, class [1, 1, 0, 0], in pr(W) False, = e1 True, margin 185, lambda to pi^587 (N = 45045*2^4), checks >= 1092, tiny (57, '-', 69), 0.2s
 box [1, 56, 7]: nu0 = 7, class [1, 1, 0, 0], in pr(W) False, = e1 True, margin 185, lambda to pi^587 (N = 45045*2^4), checks >= 1092, tiny (57, '-', 69), 0.2s
 box [1, 88, 7]: nu0 = 7, class [1, 1, 0, 0], in pr(W) False, = e1 True, margin 185, lambda to pi^587 (N = 45045*2^4), checks >= 1092, tiny (57, '-', 69), 0.2s
 box [1, 24, 7]: nu0 = 7, class [1, 1, 0, 0], in pr(W) False, = e1 True, margin 185, lambda to pi^587 (N = 45045*2^4), checks >= 1092, tiny (57, '-', 69), 0.2s
 box [1, 104, 7]: nu0 = 7, class [1, 1, 0, 0], in pr(W) False, = e1 True, margin 185, lambda to pi^587 (N = 45045*2^4), checks >= 1092, tiny (57, '+', 69), 0.2s
 box [1, 40, 7]: nu0 = 7, class [1, 1, 0, 0], in pr(W) False, = e1 True, margin 185, lambda to pi^587 (N = 45045*2^4), checks >= 1092, tiny (57, '+', 69), 0.2s
 box [1, 72, 7]: nu0 = 7, class [1, 1, 0, 0], in pr(W) False, = e1 True, margin 185, lambda to pi^587 (N = 45045*2^4), checks >= 1092, tiny (57, '+', 69), 0.2s
 box [1, 8, 7]: nu0 = 7, class [1, 1, 0, 0], in pr(W) False, = e1 True, margin 185, lambda to pi^587 (N = 45045*2^4), checks >= 1092, tiny (57, '+', 69), 0.2s
 box [1, 60, 6]: nu0 = 6, class [1, 1, 0, 0], in pr(W) False, = e1 True, margin 186, lambda to pi^587 (N = 45045*2^4), checks >= 1098, tiny (57, '+', 69), 0.2s
 box [1, 28, 6]: nu0 = 6, class [1, 1, 0, 0], in pr(W) False, = e1 True, margin 186, lambda to pi^587 (N = 45045*2^4), checks >= 1098, tiny (57, '+', 69), 0.2s
 box [1, 44, 6]: nu0 = 6, class [1, 1, 0, 0], in pr(W) False, = e1 True, margin 186, lambda to pi^587 (N = 45045*2^4), checks >= 1098, tiny (57, '+', 69), 0.2s
 box [1, 12, 6]: nu0 = 6, class [1, 1, 0, 0], in pr(W) False, = e1 True, margin 186, lambda to pi^587 (N = 45045*2^4), checks >= 1098, tiny (57, '+', 69), 0.2s
 box [1, 52, 6]: nu0 = 6, class [1, 1, 0, 0], in pr(W) False, = e1 True, margin 186, lambda to pi^587 (N = 45045*2^4), checks >= 1098, tiny (57, '-', 69), 0.2s
 box [1, 20, 6]: nu0 = 6, class [1, 1, 0, 0], in pr(W) False, = e1 True, margin 186, lambda to pi^587 (N = 45045*2^4), checks >= 1098, tiny (57, '-', 69), 0.2s
 box [1, 36, 6]: nu0 = 6, class [1, 1, 0, 0], in pr(W) False, = e1 True, margin 186, lambda to pi^587 (N = 45045*2^4), checks >= 1098, tiny (57, '-', 69), 0.2s
 box [1, 4, 6]: nu0 = 6, class [1, 1, 0, 0], in pr(W) False, = e1 True, margin 186, lambda to pi^587 (N = 45045*2^4), checks >= 1098, tiny (57, '-', 69), 0.2s
 summary k = 0: 82 centres, nu0 values [2, 5, 6, 7, 8, 9], classes [(1, 1, 0, 0)], any in pr(W): False, all equal to e1: True, least margin 183

==== twist k = 1 ====
 22 constant boxes
 box [3, 28, 5]: nu0 = 4, class [1, 1, 0, 0], in pr(W) False, = e1 True, margin 191, lambda to pi^595 (N = 45045*2^3), checks >= 1147, tiny (84, '+', 207), 0.3s
 box [3, 12, 5]: nu0 = 4, class [1, 1, 0, 0], in pr(W) False, = e1 True, margin 191, lambda to pi^595 (N = 45045*2^3), checks >= 1147, tiny (84, '+', 207), 0.3s
 box [3, 20, 5]: nu0 = 4, class [1, 1, 0, 0], in pr(W) False, = e1 True, margin 191, lambda to pi^595 (N = 45045*2^3), checks >= 1147, tiny (84, '+', 207), 0.3s
 box [3, 4, 5]: nu0 = 4, class [1, 1, 0, 0], in pr(W) False, = e1 True, margin 191, lambda to pi^595 (N = 45045*2^3), checks >= 1147, tiny (84, '+', 207), 0.2s
 box [3, 224, 8]: nu0 = 7, class [1, 1, 0, 0], in pr(W) False, = e1 True, margin 188, lambda to pi^595 (N = 45045*2^3), checks >= 1147, tiny (294, '+', 414), 0.2s
 box [3, 96, 8]: nu0 = 7, class [1, 1, 0, 0], in pr(W) False, = e1 True, margin 188, lambda to pi^595 (N = 45045*2^3), checks >= 1147, tiny (294, '+', 414), 0.3s
 box [3, 160, 8]: nu0 = 7, class [1, 1, 0, 0], in pr(W) False, = e1 True, margin 188, lambda to pi^595 (N = 45045*2^3), checks >= 1147, tiny (294, '+', 414), 0.3s
 box [3, 32, 8]: nu0 = 7, class [1, 1, 0, 0], in pr(W) False, = e1 True, margin 188, lambda to pi^595 (N = 45045*2^3), checks >= 1147, tiny (294, '+', 414), 0.3s
 box [3, 112, 7]: nu0 = 6, class [1, 1, 0, 0], in pr(W) False, = e1 True, margin 189, lambda to pi^595 (N = 45045*2^3), checks >= 1147, tiny (225, '+', 345), 0.3s
 box [3, 48, 7]: nu0 = 6, class [1, 1, 0, 0], in pr(W) False, = e1 True, margin 189, lambda to pi^595 (N = 45045*2^3), checks >= 1147, tiny (225, '+', 345), 0.3s
 box [3, 80, 7]: nu0 = 6, class [1, 1, 0, 0], in pr(W) False, = e1 True, margin 189, lambda to pi^595 (N = 45045*2^3), checks >= 1147, tiny (225, '+', 345), 0.3s
 box [3, 16, 7]: nu0 = 6, class [1, 1, 0, 0], in pr(W) False, = e1 True, margin 189, lambda to pi^595 (N = 45045*2^3), checks >= 1147, tiny (225, '+', 345), 0.3s
 box [3, 56, 6]: nu0 = 5, class [1, 1, 0, 0], in pr(W) False, = e1 True, margin 190, lambda to pi^595 (N = 45045*2^3), checks >= 1147, tiny (162, '+', 276), 0.3s
 box [3, 24, 6]: nu0 = 5, class [1, 1, 0, 0], in pr(W) False, = e1 True, margin 190, lambda to pi^595 (N = 45045*2^3), checks >= 1147, tiny (162, '+', 276), 0.3s
 box [3, 40, 6]: nu0 = 5, class [1, 1, 0, 0], in pr(W) False, = e1 True, margin 190, lambda to pi^595 (N = 45045*2^3), checks >= 1147, tiny (159, '+', 276), 0.3s
 box [3, 8, 6]: nu0 = 5, class [1, 1, 0, 0], in pr(W) False, = e1 True, margin 190, lambda to pi^595 (N = 45045*2^3), checks >= 1147, tiny (159, '+', 276), 0.3s
 box [2, 23, 5]: nu0 = 4, class [1, 1, 0, 0], in pr(W) False, = e1 True, margin 191, lambda to pi^595 (N = 45045*2^3), checks >= 1159, tiny (225, '+', 276), 0.3s
 box [2, 7, 5]: nu0 = 4, class [1, 1, 0, 0], in pr(W) False, = e1 True, margin 191, lambda to pi^595 (N = 45045*2^3), checks >= 1159, tiny (225, '+', 276), 0.3s
 box [2, 11, 4]: nu0 = 3, class [1, 1, 0, 0], in pr(W) False, = e1 True, margin 192, lambda to pi^595 (N = 45045*2^3), checks >= 1159, tiny (153, '+', 207), 0.3s
 box [2, 3, 4]: nu0 = 3, class [1, 1, 0, 0], in pr(W) False, = e1 True, margin 192, lambda to pi^595 (N = 45045*2^3), checks >= 1159, tiny (153, '+', 207), 0.3s
 box [2, 5, 3]: nu0 = 2, class [1, 1, 0, 0], in pr(W) False, = e1 True, margin 193, lambda to pi^595 (N = 45045*2^3), checks >= 1159, tiny (81, '+', 138), 0.3s
 box [2, 1, 3]: nu0 = 2, class [1, 1, 0, 0], in pr(W) False, = e1 True, margin 193, lambda to pi^595 (N = 45045*2^3), checks >= 1159, tiny (81, '+', 138), 0.3s
 summary k = 1: 22 centres, nu0 values [2, 3, 4, 5, 6, 7], classes [(1, 1, 0, 0)], any in pr(W): False, all equal to e1: True, least margin 188

time 22.5s
