PREC 1000, cap 3000, T_GOAL 1500

==== twist k = 0 ====
 82 constant boxes
 box [5, 3, 2]: nu0 = 2, class [1, 1, 0, 0], in pr(W) False, = e1 True, margin 489, lambda to pi^1490 (N = 45045*2^4), checks >= 2956, tiny None, 1.9s
 box [5, 1, 2]: nu0 = 2, class [1, 1, 0, 0], in pr(W) False, = e1 True, margin 489, lambda to pi^1490 (N = 45045*2^4), checks >= 2956, tiny None, 1.8s
 box [1, 31, 5]: nu0 = 5, class [1, 1, 0, 0], in pr(W) False, = e1 True, margin 486, lambda to pi^1490 (N = 45045*2^4), checks >= 2914, tiny (129, '+', 138), 1.8s
 box [1, 15, 5]: nu0 = 5, class [1, 1, 0, 0], in pr(W) False, = e1 True, margin 486, lambda to pi^1490 (N = 45045*2^4), checks >= 2914, tiny (129, '+', 138), 2.0s
 box [1, 23, 5]: nu0 = 5, class [1, 1, 0, 0], in pr(W) False, = e1 True, margin 486, lambda to pi^1490 (N = 45045*2^4), checks >= 2914, tiny (129, '+', 138), 1.8s
 box [1, 7, 5]: nu0 = 5, class [1, 1, 0, 0], in pr(W) False, = e1 True, margin 486, lambda to pi^1490 (N = 45045*2^4), checks >= 2914, tiny (129, '+', 138), 1.8s
 box [1, 27, 5]: nu0 = 5, class [1, 1, 0, 0], in pr(W) False, = e1 True, margin 486, lambda to pi^1490 (N = 45045*2^4), checks >= 2914, tiny (129, '+', 138), 1.7s
 box [1, 11, 5]: nu0 = 5, class [1, 1, 0, 0], in pr(W) False, = e1 True, margin 486, lambda to pi^1490 (N = 45045*2^4), checks >= 2914, tiny (129, '+', 138), 1.7s
 box [1, 19, 5]: nu0 = 5, class [1, 1, 0, 0], in pr(W) False, = e1 True, margin 486, lambda to pi^1490 (N = 45045*2^4), checks >= 2914, tiny (129, '+', 138), 1.7s
 box [1, 3, 5]: nu0 = 5, class [1, 1, 0, 0], in pr(W) False, = e1 True, margin 486, lambda to pi^1490 (N = 45045*2^4), checks >= 2914, tiny (129, '+', 138), 1.7s
 box [1, 481, 9]: nu0 = 9, class [1, 1, 0, 0], in pr(W) False, = e1 True, margin 482, lambda to pi^1490 (N = 45045*2^4), checks >= 2914, tiny (408, '-', 414), 1.7s
 box [1, 225, 9]: nu0 = 9, class [1, 1, 0, 0], in pr(W) False, = e1 True, margin 482, lambda to pi^1490 (N = 45045*2^4), checks >= 2914, tiny (408, '-', 414), 1.8s
 box [1, 353, 9]: nu0 = 9, class [1, 1, 0, 0], in pr(W) False, = e1 True, margin 482, lambda to pi^1490 (N = 45045*2^4), checks >= 2914, tiny (408, '-', 414), 1.8s
 box [1, 97, 9]: nu0 = 9, class [1, 1, 0, 0], in pr(W) False, = e1 True, margin 482, lambda to pi^1490 (N = 45045*2^4), checks >= 2914, tiny (408, '-', 414), 1.8s
 box [1, 417, 9]: nu0 = 9, class [1, 1, 0, 0], in pr(W) False, = e1 True, margin 482, lambda to pi^1490 (N = 45045*2^4), checks >= 2914, tiny (408, '-', 414), 1.9s
 box [1, 161, 9]: nu0 = 9, class [1, 1, 0, 0], in pr(W) False, = e1 True, margin 482, lambda to pi^1490 (N = 45045*2^4), checks >= 2914, tiny (408, '-', 414), 1.8s
 box [1, 289, 9]: nu0 = 9, class [1, 1, 0, 0], in pr(W) False, = e1 True, margin 482, lambda to pi^1490 (N = 45045*2^4), checks >= 2914, tiny (408, '-', 414), 1.9s
 box [1, 33, 9]: nu0 = 9, class [1, 1, 0, 0], in pr(W) False, = e1 True, margin 482, lambda to pi^1490 (N = 45045*2^4), checks >= 2914, tiny (408, '-', 414), 1.8s
 box [1, 241, 8]: nu0 = 8, class [1, 1, 0, 0], in pr(W) False, = e1 True, margin 483, lambda to pi^1490 (N = 45045*2^4), checks >= 2914, tiny (339, '-', 345), 1.8s
 box [1, 113, 8]: nu0 = 8, class [1, 1, 0, 0], in pr(W) False, = e1 True, margin 483, lambda to pi^1490 (N = 45045*2^4), checks >= 2914, tiny (339, '-', 345), 1.8s
 box [1, 177, 8]: nu0 = 8, class [1, 1, 0, 0], in pr(W) False, = e1 True, margin 483, lambda to pi^1490 (N = 45045*2^4), checks >= 2914, tiny (339, '-', 345), 1.7s
 box [1, 49, 8]: nu0 = 8, class [1, 1, 0, 0], in pr(W) False, = e1 True, margin 483, lambda to pi^1490 (N = 45045*2^4), checks >= 2914, tiny (339, '-', 345), 1.7s
 box [1, 209, 8]: nu0 = 8, class [1, 1, 0, 0], in pr(W) False, = e1 True, margin 483, lambda to pi^1490 (N = 45045*2^4), checks >= 2914, tiny (339, '-', 345), 1.8s
 box [1, 81, 8]: nu0 = 8, class [1, 1, 0, 0], in pr(W) False, = e1 True, margin 483, lambda to pi^1490 (N = 45045*2^4), checks >= 2914, tiny (339, '-', 345), 1.7s
 box [1, 145, 8]: nu0 = 8, class [1, 1, 0, 0], in pr(W) False, = e1 True, margin 483, lambda to pi^1490 (N = 45045*2^4), checks >= 2914, tiny (339, '-', 345), 1.8s
 box [1, 17, 8]: nu0 = 8, class [1, 1, 0, 0], in pr(W) False, = e1 True, margin 483, lambda to pi^1490 (N = 45045*2^4), checks >= 2914, tiny (339, '-', 345), 1.7s
 box [1, 121, 7]: nu0 = 7, class [1, 1, 0, 0], in pr(W) False, = e1 True, margin 484, lambda to pi^1490 (N = 45045*2^4), checks >= 2914, tiny (270, '-', 276), 1.8s
 box [1, 57, 7]: nu0 = 7, class [1, 1, 0, 0], in pr(W) False, = e1 True, margin 484, lambda to pi^1490 (N = 45045*2^4), checks >= 2914, tiny (270, '-', 276), 1.9s
 box [1, 89, 7]: nu0 = 7, class [1, 1, 0, 0], in pr(W) False, = e1 True, margin 484, lambda to pi^1490 (N = 45045*2^4), checks >= 2914, tiny (270, '-', 276), 1.8s
 box [1, 25, 7]: nu0 = 7, class [1, 1, 0, 0], in pr(W) False, = e1 True, margin 484, lambda to pi^1490 (N = 45045*2^4), checks >= 2914, tiny (270, '-', 276), 1.9s
 box [1, 105, 7]: nu0 = 7, class [1, 1, 0, 0], in pr(W) False, = e1 True, margin 484, lambda to pi^1490 (N = 45045*2^4), checks >= 2914, tiny (270, '-', 276), 1.8s
 box [1, 41, 7]: nu0 = 7, class [1, 1, 0, 0], in pr(W) False, = e1 True, margin 484, lambda to pi^1490 (N = 45045*2^4), checks >= 2914, tiny (270, '-', 276), 1.7s
 box [1, 73, 7]: nu0 = 7, class [1, 1, 0, 0], in pr(W) False, = e1 True, margin 484, lambda to pi^1490 (N = 45045*2^4), checks >= 2914, tiny (270, '-', 276), 1.8s
 box [1, 9, 7]: nu0 = 7, class [1, 1, 0, 0], in pr(W) False, = e1 True, margin 484, lambda to pi^1490 (N = 45045*2^4), checks >= 2914, tiny (270, '-', 276), 1.7s
 box [1, 61, 6]: nu0 = 6, class [1, 1, 0, 0], in pr(W) False, = e1 True, margin 485, lambda to pi^1490 (N = 45045*2^4), checks >= 2914, tiny (204, '-', 207), 1.8s
 box [1, 29, 6]: nu0 = 6, class [1, 1, 0, 0], in pr(W) False, = e1 True, margin 485, lambda to pi^1490 (N = 45045*2^4), checks >= 2914, tiny (204, '-', 207), 1.9s
 box [1, 45, 6]: nu0 = 6, class [1, 1, 0, 0], in pr(W) False, = e1 True, margin 485, lambda to pi^1490 (N = 45045*2^4), checks >= 2914, tiny (204, '-', 207), 1.7s
 box [1, 13, 6]: nu0 = 6, class [1, 1, 0, 0], in pr(W) False, = e1 True, margin 485, lambda to pi^1490 (N = 45045*2^4), checks >= 2914, tiny (204, '-', 207), 1.8s
 box [1, 53, 6]: nu0 = 6, class [1, 1, 0, 0], in pr(W) False, = e1 True, margin 485, lambda to pi^1490 (N = 45045*2^4), checks >= 2914, tiny (204, '-', 207), 1.9s
 box [1, 21, 6]: nu0 = 6, class [1, 1, 0, 0], in pr(W) False, = e1 True, margin 485, lambda to pi^1490 (N = 45045*2^4), checks >= 2914, tiny (204, '-', 207), 1.8s
 box [1, 37, 6]: nu0 = 6, class [1, 1, 0, 0], in pr(W) False, = e1 True, margin 485, lambda to pi^1490 (N = 45045*2^4), checks >= 2914, tiny (204, '-', 207), 1.9s
 box [1, 5, 6]: nu0 = 6, class [1, 1, 0, 0], in pr(W) False, = e1 True, margin 485, lambda to pi^1490 (N = 45045*2^4), checks >= 2914, tiny (204, '-', 207), 1.8s
 box [1, 30, 5]: nu0 = 5, class [1, 1, 0, 0], in pr(W) False, = e1 True, margin 486, lambda to pi^1490 (N = 45045*2^4), checks >= 2904, tiny (57, '-', 69), 1.7s
 box [1, 14, 5]: nu0 = 5, class [1, 1, 0, 0], in pr(W) False, = e1 True, margin 486, lambda to pi^1490 (N = 45045*2^4), checks >= 2904, tiny (57, '-', 69), 1.8s
 box [1, 22, 5]: nu0 = 5, class [1, 1, 0, 0], in pr(W) False, = e1 True, margin 486, lambda to pi^1490 (N = 45045*2^4), checks >= 2904, tiny (57, '-', 69), 1.8s
 box [1, 6, 5]: nu0 = 5, class [1, 1, 0, 0], in pr(W) False, = e1 True, margin 486, lambda to pi^1490 (N = 45045*2^4), checks >= 2904, tiny (57, '-', 69), 1.8s
 box [1, 26, 5]: nu0 = 5, class [1, 1, 0, 0], in pr(W) False, = e1 True, margin 486, lambda to pi^1490 (N = 45045*2^4), checks >= 2904, tiny (57, '+', 69), 1.8s
 box [1, 10, 5]: nu0 = 5, class [1, 1, 0, 0], in pr(W) False, = e1 True, margin 486, lambda to pi^1490 (N = 45045*2^4), checks >= 2904, tiny (57, '+', 69), 1.8s
 box [1, 18, 5]: nu0 = 5, class [1, 1, 0, 0], in pr(W) False, = e1 True, margin 486, lambda to pi^1490 (N = 45045*2^4), checks >= 2904, tiny (57, '+', 69), 1.7s
 box [1, 2, 5]: nu0 = 5, class [1, 1, 0, 0], in pr(W) False, = e1 True, margin 486, lambda to pi^1490 (N = 45045*2^4), checks >= 2904, tiny (57, '+', 69), 1.7s
 box [1, 480, 9]: nu0 = 9, class [1, 1, 0, 0], in pr(W) False, = e1 True, margin 482, lambda to pi^1490 (N = 45045*2^4), checks >= 2880, tiny (57, '-', 69), 1.7s
 box [1, 224, 9]: nu0 = 9, class [1, 1, 0, 0], in pr(W) False, = e1 True, margin 482, lambda to pi^1490 (N = 45045*2^4), checks >= 2880, tiny (57, '-', 69), 1.7s
 box [1, 352, 9]: nu0 = 9, class [1, 1, 0, 0], in pr(W) False, = e1 True, margin 482, lambda to pi^1490 (N = 45045*2^4), checks >= 2880, tiny (57, '-', 69), 1.8s
 box [1, 96, 9]: nu0 = 9, class [1, 1, 0, 0], in pr(W) False, = e1 True, margin 482, lambda to pi^1490 (N = 45045*2^4), checks >= 2880, tiny (57, '-', 69), 1.8s
 box [1, 416, 9]: nu0 = 9, class [1, 1, 0, 0], in pr(W) False, = e1 True, margin 482, lambda to pi^1490 (N = 45045*2^4), checks >= 2880, tiny (57, '+', 69), 1.8s
 box [1, 160, 9]: nu0 = 9, class [1, 1, 0, 0], in pr(W) False, = e1 True, margin 482, lambda to pi^1490 (N = 45045*2^4), checks >= 2880, tiny (57, '+', 69), 1.7s
 box [1, 288, 9]: nu0 = 9, class [1, 1, 0, 0], in pr(W) False, = e1 True, margin 482, lambda to pi^1490 (N = 45045*2^4), checks >= 2880, tiny (57, '+', 69), 1.7s
 box [1, 32, 9]: nu0 = 9, class [1, 1, 0, 0], in pr(W) False, = e1 True, margin 482, lambda to pi^1490 (N = 45045*2^4), checks >= 2880, tiny (57, '+', 69), 1.7s
 box [1, 240, 8]: nu0 = 8, class [1, 1, 0, 0], in pr(W) False, = e1 True, margin 483, lambda to pi^1490 (N = 45045*2^4), checks >= 2886, tiny (57, '+', 69), 1.8s
 box [1, 112, 8]: nu0 = 8, class [1, 1, 0, 0], in pr(W) False, = e1 True, margin 483, lambda to pi^1490 (N = 45045*2^4), checks >= 2886, tiny (57, '+', 69), 1.8s
 box [1, 176, 8]: nu0 = 8, class [1, 1, 0, 0], in pr(W) False, = e1 True, margin 483, lambda to pi^1490 (N = 45045*2^4), checks >= 2886, tiny (57, '+', 69), 1.8s
 box [1, 48, 8]: nu0 = 8, class [1, 1, 0, 0], in pr(W) False, = e1 True, margin 483, lambda to pi^1490 (N = 45045*2^4), checks >= 2886, tiny (57, '+', 69), 1.9s
 box [1, 208, 8]: nu0 = 8, class [1, 1, 0, 0], in pr(W) False, = e1 True, margin 483, lambda to pi^1490 (N = 45045*2^4), checks >= 2886, tiny (57, '-', 69), 1.8s
 box [1, 80, 8]: nu0 = 8, class [1, 1, 0, 0], in pr(W) False, = e1 True, margin 483, lambda to pi^1490 (N = 45045*2^4), checks >= 2886, tiny (57, '-', 69), 1.8s
 box [1, 144, 8]: nu0 = 8, class [1, 1, 0, 0], in pr(W) False, = e1 True, margin 483, lambda to pi^1490 (N = 45045*2^4), checks >= 2886, tiny (57, '-', 69), 1.8s
 box [1, 16, 8]: nu0 = 8, class [1, 1, 0, 0], in pr(W) False, = e1 True, margin 483, lambda to pi^1490 (N = 45045*2^4), checks >= 2886, tiny (57, '-', 69), 1.8s
 box [1, 120, 7]: nu0 = 7, class [1, 1, 0, 0], in pr(W) False, = e1 True, margin 484, lambda to pi^1490 (N = 45045*2^4), checks >= 2892, tiny (57, '-', 69), 1.7s
 box [1, 56, 7]: nu0 = 7, class [1, 1, 0, 0], in pr(W) False, = e1 True, margin 484, lambda to pi^1490 (N = 45045*2^4), checks >= 2892, tiny (57, '-', 69), 1.8s
 box [1, 88, 7]: nu0 = 7, class [1, 1, 0, 0], in pr(W) False, = e1 True, margin 484, lambda to pi^1490 (N = 45045*2^4), checks >= 2892, tiny (57, '-', 69), 1.7s
 box [1, 24, 7]: nu0 = 7, class [1, 1, 0, 0], in pr(W) False, = e1 True, margin 484, lambda to pi^1490 (N = 45045*2^4), checks >= 2892, tiny (57, '-', 69), 1.8s
 box [1, 104, 7]: nu0 = 7, class [1, 1, 0, 0], in pr(W) False, = e1 True, margin 484, lambda to pi^1490 (N = 45045*2^4), checks >= 2892, tiny (57, '+', 69), 1.8s
 box [1, 40, 7]: nu0 = 7, class [1, 1, 0, 0], in pr(W) False, = e1 True, margin 484, lambda to pi^1490 (N = 45045*2^4), checks >= 2892, tiny (57, '+', 69), 1.8s
 box [1, 72, 7]: nu0 = 7, class [1, 1, 0, 0], in pr(W) False, = e1 True, margin 484, lambda to pi^1490 (N = 45045*2^4), checks >= 2892, tiny (57, '+', 69), 1.8s
 box [1, 8, 7]: nu0 = 7, class [1, 1, 0, 0], in pr(W) False, = e1 True, margin 484, lambda to pi^1490 (N = 45045*2^4), checks >= 2892, tiny (57, '+', 69), 1.8s
 box [1, 60, 6]: nu0 = 6, class [1, 1, 0, 0], in pr(W) False, = e1 True, margin 485, lambda to pi^1490 (N = 45045*2^4), checks >= 2898, tiny (57, '+', 69), 1.7s
 box [1, 28, 6]: nu0 = 6, class [1, 1, 0, 0], in pr(W) False, = e1 True, margin 485, lambda to pi^1490 (N = 45045*2^4), checks >= 2898, tiny (57, '+', 69), 1.7s
 box [1, 44, 6]: nu0 = 6, class [1, 1, 0, 0], in pr(W) False, = e1 True, margin 485, lambda to pi^1490 (N = 45045*2^4), checks >= 2898, tiny (57, '+', 69), 1.8s
 box [1, 12, 6]: nu0 = 6, class [1, 1, 0, 0], in pr(W) False, = e1 True, margin 485, lambda to pi^1490 (N = 45045*2^4), checks >= 2898, tiny (57, '+', 69), 1.8s
 box [1, 52, 6]: nu0 = 6, class [1, 1, 0, 0], in pr(W) False, = e1 True, margin 485, lambda to pi^1490 (N = 45045*2^4), checks >= 2898, tiny (57, '-', 69), 1.8s
 box [1, 20, 6]: nu0 = 6, class [1, 1, 0, 0], in pr(W) False, = e1 True, margin 485, lambda to pi^1490 (N = 45045*2^4), checks >= 2898, tiny (57, '-', 69), 1.7s
 box [1, 36, 6]: nu0 = 6, class [1, 1, 0, 0], in pr(W) False, = e1 True, margin 485, lambda to pi^1490 (N = 45045*2^4), checks >= 2898, tiny (57, '-', 69), 1.8s
 box [1, 4, 6]: nu0 = 6, class [1, 1, 0, 0], in pr(W) False, = e1 True, margin 485, lambda to pi^1490 (N = 45045*2^4), checks >= 2898, tiny (57, '-', 69), 1.8s
 summary k = 0: 82 centres, nu0 values [2, 5, 6, 7, 8, 9], classes [(1, 1, 0, 0)], any in pr(W): False, all equal to e1: True, least margin 482

==== twist k = 1 ====
 22 constant boxes
 box [3, 28, 5]: nu0 = 4, class [1, 1, 0, 0], in pr(W) False, = e1 True, margin 488, lambda to pi^1491 (N = 45045*2^3), checks >= 2947, tiny (84, '+', 207), 2.8s
 box [3, 12, 5]: nu0 = 4, class [1, 1, 0, 0], in pr(W) False, = e1 True, margin 488, lambda to pi^1491 (N = 45045*2^3), checks >= 2947, tiny (84, '+', 207), 2.7s
 box [3, 20, 5]: nu0 = 4, class [1, 1, 0, 0], in pr(W) False, = e1 True, margin 488, lambda to pi^1491 (N = 45045*2^3), checks >= 2947, tiny (84, '+', 207), 2.7s
 box [3, 4, 5]: nu0 = 4, class [1, 1, 0, 0], in pr(W) False, = e1 True, margin 488, lambda to pi^1491 (N = 45045*2^3), checks >= 2947, tiny (84, '+', 207), 2.7s
 box [3, 224, 8]: nu0 = 7, class [1, 1, 0, 0], in pr(W) False, = e1 True, margin 485, lambda to pi^1491 (N = 45045*2^3), checks >= 2947, tiny (294, '+', 414), 2.8s
 box [3, 96, 8]: nu0 = 7, class [1, 1, 0, 0], in pr(W) False, = e1 True, margin 485, lambda to pi^1491 (N = 45045*2^3), checks >= 2947, tiny (294, '+', 414), 2.7s
 box [3, 160, 8]: nu0 = 7, class [1, 1, 0, 0], in pr(W) False, = e1 True, margin 485, lambda to pi^1491 (N = 45045*2^3), checks >= 2947, tiny (294, '+', 414), 2.7s
 box [3, 32, 8]: nu0 = 7, class [1, 1, 0, 0], in pr(W) False, = e1 True, margin 485, lambda to pi^1491 (N = 45045*2^3), checks >= 2947, tiny (294, '+', 414), 2.7s
 box [3, 112, 7]: nu0 = 6, class [1, 1, 0, 0], in pr(W) False, = e1 True, margin 486, lambda to pi^1491 (N = 45045*2^3), checks >= 2947, tiny (225, '+', 345), 2.8s
 box [3, 48, 7]: nu0 = 6, class [1, 1, 0, 0], in pr(W) False, = e1 True, margin 486, lambda to pi^1491 (N = 45045*2^3), checks >= 2947, tiny (225, '+', 345), 2.7s
 box [3, 80, 7]: nu0 = 6, class [1, 1, 0, 0], in pr(W) False, = e1 True, margin 486, lambda to pi^1491 (N = 45045*2^3), checks >= 2947, tiny (225, '+', 345), 2.8s
 box [3, 16, 7]: nu0 = 6, class [1, 1, 0, 0], in pr(W) False, = e1 True, margin 486, lambda to pi^1491 (N = 45045*2^3), checks >= 2947, tiny (225, '+', 345), 2.7s
 box [3, 56, 6]: nu0 = 5, class [1, 1, 0, 0], in pr(W) False, = e1 True, margin 487, lambda to pi^1491 (N = 45045*2^3), checks >= 2947, tiny (162, '+', 276), 2.7s
 box [3, 24, 6]: nu0 = 5, class [1, 1, 0, 0], in pr(W) False, = e1 True, margin 487, lambda to pi^1491 (N = 45045*2^3), checks >= 2947, tiny (162, '+', 276), 2.8s
 box [3, 40, 6]: nu0 = 5, class [1, 1, 0, 0], in pr(W) False, = e1 True, margin 487, lambda to pi^1491 (N = 45045*2^3), checks >= 2947, tiny (159, '+', 276), 3.0s
 box [3, 8, 6]: nu0 = 5, class [1, 1, 0, 0], in pr(W) False, = e1 True, margin 487, lambda to pi^1491 (N = 45045*2^3), checks >= 2947, tiny (159, '+', 276), 2.7s
 box [2, 23, 5]: nu0 = 4, class [1, 1, 0, 0], in pr(W) False, = e1 True, margin 488, lambda to pi^1491 (N = 45045*2^3), checks >= 2959, tiny (225, '+', 276), 2.8s
 box [2, 7, 5]: nu0 = 4, class [1, 1, 0, 0], in pr(W) False, = e1 True, margin 488, lambda to pi^1491 (N = 45045*2^3), checks >= 2959, tiny (225, '+', 276), 2.8s
 box [2, 11, 4]: nu0 = 3, class [1, 1, 0, 0], in pr(W) False, = e1 True, margin 489, lambda to pi^1491 (N = 45045*2^3), checks >= 2959, tiny (153, '+', 207), 2.8s
 box [2, 3, 4]: nu0 = 3, class [1, 1, 0, 0], in pr(W) False, = e1 True, margin 489, lambda to pi^1491 (N = 45045*2^3), checks >= 2959, tiny (153, '+', 207), 2.9s
 box [2, 5, 3]: nu0 = 2, class [1, 1, 0, 0], in pr(W) False, = e1 True, margin 490, lambda to pi^1491 (N = 45045*2^3), checks >= 2959, tiny (81, '+', 138), 2.8s
 box [2, 1, 3]: nu0 = 2, class [1, 1, 0, 0], in pr(W) False, = e1 True, margin 490, lambda to pi^1491 (N = 45045*2^3), checks >= 2959, tiny (81, '+', 138), 2.7s
 summary k = 1: 22 centres, nu0 values [2, 3, 4, 5, 6, 7], classes [(1, 1, 0, 0)], any in pr(W): False, all equal to e1: True, least margin 485

time 216.6s
