==== twist k = 0 ====
 Eisenstein polynomials agree modulo 2^76 (own E known modulo 2^200): same uniformizer pi = image of prgen[2]
  log D1     PARI precision pi^144, Sage pi^1495: difference has valuation >= 145 -> equal within the common precision: True
  log D2     PARI precision pi^153, Sage pi^1487: difference has valuation >= 154 -> equal within the common precision: True
  log D3     PARI precision pi^153, Sage pi^1487: difference has valuation >= 154 -> equal within the common precision: True
  log D4     PARI precision pi^136, Sage pi^1500: difference has valuation >= 136 -> equal within the common precision: True
  log D5     PARI precision pi^153, Sage pi^1488: difference has valuation >= 153 -> equal within the common precision: True
  log D6     PARI precision pi^135, Sage pi^1498: difference has valuation >= 135 -> equal within the common precision: True
  log D7     PARI precision pi^169, Sage pi^1489: difference has valuation >= 169 -> equal within the common precision: True
  log phi_a  PARI precision pi^142, Sage pi^1490: difference has valuation >= 142 -> equal within the common precision: True
  log phi_b  PARI precision pi^142, Sage pi^1490: difference has valuation >= 142 -> equal within the common precision: True
 Lambda_PARI = Lambda_Sage (each basis inside the other lattice): True
 kernels of pr mod 2 on Lambda/2Lambda (the image of Gsat) agree: True
 change of basis G (pr_PARI = G pr_Sage mod 2): [[0, 1, 0, 0], [0, 1, 0, 1], [1, 1, 0, 0], [0, 0, 1, 0]]
 e1: Sage [1, 1, 0, 0] -> G e1 = [1, 1, 0, 0]; PARI [1, 1, 0, 0]: equal True
 pr(W): Sage nonzero element [1, 0, 0, 0] -> G w = [0, 0, 1, 0]; PARI [0, 0, 1, 0]: equal True
 centre classes: G (Sage class) = PARI class at all 82 centres: True
==== twist k = 1 ====
 Eisenstein polynomials agree modulo 2^76 (own E known modulo 2^200): same uniformizer pi = image of prgen[2]
  log D1     PARI precision pi^158, Sage pi^1486: difference has valuation >= 158 -> equal within the common precision: True
  log D2     PARI precision pi^166, Sage pi^1495: difference has valuation >= 167 -> equal within the common precision: True
  log D3     PARI precision pi^153, Sage pi^1490: difference has valuation >= 155 -> equal within the common precision: True
  log D4     PARI precision pi^153, Sage pi^1488: difference has valuation >= 153 -> equal within the common precision: True
  log D5     PARI precision pi^153, Sage pi^1488: difference has valuation >= 153 -> equal within the common precision: True
  log D6     PARI precision pi^155, Sage pi^1489: difference has valuation >= 155 -> equal within the common precision: True
  log D7     PARI precision pi^142, Sage pi^1490: difference has valuation >= 145 -> equal within the common precision: True
  log phi_a  PARI precision pi^162, Sage pi^1491: difference has valuation >= 162 -> equal within the common precision: True
  log phi_b  PARI precision pi^156, Sage pi^1491: difference has valuation >= 156 -> equal within the common precision: True
 Lambda_PARI = Lambda_Sage (each basis inside the other lattice): True
 kernels of pr mod 2 on Lambda/2Lambda (the image of Gsat) agree: True
 change of basis G (pr_PARI = G pr_Sage mod 2): [[1, 1, 1, 0], [0, 1, 1, 1], [0, 0, 1, 0], [0, 0, 1, 1]]
 e1: Sage [1, 1, 0, 0] -> G e1 = [0, 1, 0, 0]; PARI [0, 1, 0, 0]: equal True
 pr(W): Sage nonzero element [0, 1, 0, 1] -> G w = [1, 0, 0, 1]; PARI [1, 0, 0, 1]: equal True
 centre classes: G (Sage class) = PARI class at all 22 centres: True
