
==== twist k = 0 ====
 pi-adic precision of the logs of D'_1..D'_7: [1495, 1487, 1487, 1500, 1488, 1498, 1489]
 Lemma N with M = 6: D_M inside sum Z l_i + D_(M+3): True
 Lemma N with M = 12: D_M inside sum Z l_i + D_(M+3): True
 Lemma N with M = 30: D_M inside sum Z l_i + D_(M+3): True
 Lambda = sum Z_2 l_i + pi^6 O_v^2 (exact); least m with pi^m O_v^2 in Lambda: m_Lambda = 6
 index [O_v^2 : Lambda] = 128 = 2^7; HNF diagonal (row HNF, coordinates (1, pi, pi^2) twice) 2-valuations: [1, 1, 1, 2, 2, 0]
 sum Z_2 l_i + D_30 == sum Z_2 l_i + D_6: True
 rank of rho on A(K_v)/2A(K_v) = 6 (expected 6, kernel = <T>)
 kernel of rho (in the basis D_1..D_7): [[0, 0, 0, 1, 0, 0, 0]] ; KnCoef T column: [0, 0, 0, 1, 0, 0, 0]
 dim sigma_v(Sel) = 4, dim W = rho(sigma_v(Sel)) = 3
 KAT rho(T) = 0: True ; rho(phi_a) = x - T class: True ; rho(phi_b): True
 coordinates of log phi_a, log phi_b in Lambda known modulo 2^494
 elementary divisors of <log phi_a, log phi_b> in Lambda: 2^0, 2^2 (Lemma S applies: j = 494 > d2)
 saturation Gsat and pr known modulo 2^(j - d2) = 2^492
 dim pr(W) = 1; nonzero element of pr(W): [[1, 0, 0, 0]]
 KAT image(Gsat) mod 2 inside W: True; dim image(Gsat) cap W = 2
 dim W_Gamma (T, phi_a, phi_b) = 1
 (alpha, beta) mod 4 with (alpha log phi_a + beta log phi_b)/4 in Lambda: [(1, 3), (2, 2), (3, 1)]
 x_0: 2^0 c_1 in Lambda; nu(pr c_1) = 3; class e1 = [1, 1, 0, 0]; e1 in pr(W): False; margin (j - d2) - (nu + 1 + t) = 488
 x_2: 2^0 c_1 in Lambda; nu(pr c_1) = 3; class e1 = [1, 1, 0, 0]; e1 in pr(W): False; margin (j - d2) - (nu + 1 + t) = 488
 e1(x_0) == e1(x_2): True

==== twist k = 1 ====
 pi-adic precision of the logs of D'_1..D'_7: [1486, 1495, 1490, 1488, 1488, 1489, 1490]
 Lemma N with M = 6: D_M inside sum Z l_i + D_(M+3): True
 Lemma N with M = 12: D_M inside sum Z l_i + D_(M+3): True
 Lemma N with M = 30: D_M inside sum Z l_i + D_(M+3): True
 Lambda = sum Z_2 l_i + pi^6 O_v^2 (exact); least m with pi^m O_v^2 in Lambda: m_Lambda = 6
 index [O_v^2 : Lambda] = 128 = 2^7; HNF diagonal (row HNF, coordinates (1, pi, pi^2) twice) 2-valuations: [1, 1, 1, 2, 1, 1]
 sum Z_2 l_i + D_30 == sum Z_2 l_i + D_6: True
 rank of rho on A(K_v)/2A(K_v) = 6 (expected 6, kernel = <T>)
 kernel of rho (in the basis D_1..D_7): [[0, 0, 0, 0, 0, 1, 0]] ; KnCoef T column: [0, 0, 0, 0, 0, 1, 0]
 dim sigma_v(Sel) = 4, dim W = rho(sigma_v(Sel)) = 3
 KAT rho(T) = 0: True ; rho(phi_a) = x - T class: True ; rho(phi_b): True
 coordinates of log phi_a, log phi_b in Lambda known modulo 2^495
 elementary divisors of <log phi_a, log phi_b> in Lambda: 2^0, 2^2 (Lemma S applies: j = 495 > d2)
 saturation Gsat and pr known modulo 2^(j - d2) = 2^493
 dim pr(W) = 1; nonzero element of pr(W): [[0, 1, 0, 1]]
 KAT image(Gsat) mod 2 inside W: True; dim image(Gsat) cap W = 2
 dim W_Gamma (T, phi_a, phi_b) = 1
 (alpha, beta) mod 4 with (alpha log phi_a + beta log phi_b)/4 in Lambda: [(1, 1), (2, 2), (3, 3)]
 x_1: 2^1 c_1 in Lambda; nu(pr c_1) = 1; class e1 = [1, 1, 0, 0]; e1 in pr(W): False; margin (j - d2) - (nu + 1 + t) = 490
 x_3: 2^1 c_1 in Lambda; nu(pr c_1) = 0; class e1 = [1, 1, 0, 0]; e1 in pr(W): False; margin (j - d2) - (nu + 1 + t) = 491
 e1(x_1) == e1(x_3): True

saved lattice.sobj
